Archive member included to satisfy reference by file (symbol)

/opt/devkitpro/libctru/lib/libcitro2d.a(base.o)
                              main.o (C2D_Init)
/opt/devkitpro/libctru/lib/libcitro2d.a(text.o)
                              ui.o (C2D_TextBufNew)
/opt/devkitpro/libctru/lib/libcitro2d.a(font.o)
                              /opt/devkitpro/libctru/lib/libcitro2d.a(text.o) (C2D_FontGlyphIndexFromCodePoint)
/opt/devkitpro/libctru/lib/libcitro2d.a(render2d.shbin.o)
                              /opt/devkitpro/libctru/lib/libcitro2d.a(base.o) (render2d_shbin)
/opt/devkitpro/libctru/lib/libcitro3d.a(base.o)
                              main.o (C3D_Init)
/opt/devkitpro/libctru/lib/libcitro3d.a(renderqueue.o)
                              /opt/devkitpro/libctru/lib/libcitro3d.a(base.o) (C3Di_RenderQueueEnableVBlank)
/opt/devkitpro/libctru/lib/libcitro3d.a(texture.o)
                              /opt/devkitpro/libctru/lib/libcitro2d.a(base.o) (C3D_TexBind)
/opt/devkitpro/libctru/lib/libcitro3d.a(framebuffer.o)
                              /opt/devkitpro/libctru/lib/libcitro3d.a(renderqueue.o) (C3D_CalcColorBufSize)
/opt/devkitpro/libctru/lib/libcitro3d.a(texenv.o)
                              /opt/devkitpro/libctru/lib/libcitro2d.a(base.o) (C3D_GetTexEnv)
/opt/devkitpro/libctru/lib/libcitro3d.a(drawElements.o)
                              /opt/devkitpro/libctru/lib/libcitro2d.a(base.o) (C3D_DrawElements)
/opt/devkitpro/libctru/lib/libcitro3d.a(proctex.o)
                              /opt/devkitpro/libctru/lib/libcitro2d.a(base.o) (C3D_ProcTexInit)
/opt/devkitpro/libctru/lib/libcitro3d.a(buffers.o)
                              /opt/devkitpro/libctru/lib/libcitro2d.a(base.o) (BufInfo_Init)
/opt/devkitpro/libctru/lib/libcitro3d.a(effect.o)
                              /opt/devkitpro/libctru/lib/libcitro3d.a(base.o) (C3D_DepthMap)
/opt/devkitpro/libctru/lib/libcitro3d.a(attribs.o)
                              /opt/devkitpro/libctru/lib/libcitro2d.a(base.o) (AttrInfo_Init)
/opt/devkitpro/libctru/lib/libcitro3d.a(immediate.o)
                              /opt/devkitpro/libctru/lib/libcitro3d.a(base.o) (C3D_ImmSendAttrib)
/opt/devkitpro/libctru/lib/libcitro3d.a(uniforms.o)
                              /opt/devkitpro/libctru/lib/libcitro3d.a(base.o) (C3D_UpdateUniforms)
/opt/devkitpro/libctru/lib/libcitro3d.a(mtx_ortho.o)
                              /opt/devkitpro/libctru/lib/libcitro2d.a(base.o) (Mtx_Ortho)
/opt/devkitpro/libctru/lib/libcitro3d.a(mtx_scale.o)
                              /opt/devkitpro/libctru/lib/libcitro2d.a(base.o) (Mtx_Scale)
/opt/devkitpro/libctru/lib/libcitro3d.a(mtx_multiply.o)
                              /opt/devkitpro/libctru/lib/libcitro2d.a(base.o) (Mtx_Multiply)
/opt/devkitpro/libctru/lib/libcitro3d.a(mtx_orthotilt.o)
                              /opt/devkitpro/libctru/lib/libcitro2d.a(base.o) (Mtx_OrthoTilt)
/opt/devkitpro/libctru/lib/libcitro3d.a(mtx_translate.o)
                              /opt/devkitpro/libctru/lib/libcitro2d.a(base.o) (Mtx_Translate)
/opt/devkitpro/libctru/lib/libcitro3d.a(mtx_rotatez.o)
                              /opt/devkitpro/libctru/lib/libcitro2d.a(base.o) (Mtx_RotateZ)
/opt/devkitpro/libctru/lib/libctru.a(vram.o)
                              /opt/devkitpro/libctru/lib/libcitro3d.a(renderqueue.o) (vramAlloc)
/opt/devkitpro/libctru/lib/libctru.a(linear.o)
                              /opt/devkitpro/libctru/lib/libcitro2d.a(base.o) (linearAlloc)
/opt/devkitpro/libctru/lib/libctru.a(mem_pool.o)
                              /opt/devkitpro/libctru/lib/libctru.a(vram.o) (MemPool::Allocate(MemChunk&, unsigned long, int))
/opt/devkitpro/libctru/lib/libctru.a(romfs_dev.o)
                              main.o (romfsMountSelf)
/opt/devkitpro/libctru/lib/libctru.a(os.o)
                              /opt/devkitpro/libctru/lib/libcitro3d.a(texture.o) (osConvertVirtToPhys)
/opt/devkitpro/libctru/lib/libctru.a(path_buf.o)
                              /opt/devkitpro/libctru/lib/libctru.a(romfs_dev.o) (__ctru_dev_utf16_buf)
/opt/devkitpro/libctru/lib/libctru.a(font.o)
                              /opt/devkitpro/libctru/lib/libcitro2d.a(text.o) (fontEnsureMapped)
/opt/devkitpro/libctru/lib/libctru.a(srv.o)
                              utils.o (srvGetServiceHandleDirect)
/opt/devkitpro/libctru/lib/libctru.a(gfx.o)
                              main.o (gfxSet3D)
/opt/devkitpro/libctru/lib/libctru.a(shaderProgram.o)
                              /opt/devkitpro/libctru/lib/libcitro2d.a(base.o) (shaderInstanceGetUniformLocation)
/opt/devkitpro/libctru/lib/libctru.a(shbin.o)
                              /opt/devkitpro/libctru/lib/libcitro2d.a(base.o) (DVLB_ParseFile)
/opt/devkitpro/libctru/lib/libctru.a(gx.o)
                              /opt/devkitpro/libctru/lib/libcitro3d.a(renderqueue.o) (GX_BindQueue)
/opt/devkitpro/libctru/lib/libctru.a(gxqueue.o)
[...]
Memory Configuration

Name             Origin             Length             Attributes
*default*        0x0000000000000000 0xffffffffffffffff

Linker script and memory map

                0x0000000000100000                PROVIDE (__start__ = 0x100000)
                0x0000000000100000                . = __start__

.text           0x0000000000100000    0x21748
 *(.crt0)
 .crt0          0x0000000000100000       0x94 /opt/devkitpro/devkitARM/bin/../lib/gcc/arm-none-eabi/12.2.0/../../../../arm-none-eabi/lib/armv6k/fpu/3dsx_crt0.o
                0x0000000000100000                _start
                0x0000000000100008                __service_ptr
                0x000000000010000c                __apt_appid
                0x0000000000100010                __heap_size
                0x0000000000100014                __linear_heap_size
                0x0000000000100018                __system_arglist
                0x000000000010001c                __system_runflags
 *(.init)
 .init          0x0000000000100094        0xc /opt/devkitpro/devkitARM/bin/../lib/gcc/arm-none-eabi/12.2.0/armv6k/fpu/crti.o
                0x0000000000100094                _init
 .init          0x00000000001000a0        0xc /opt/devkitpro/devkitARM/bin/../lib/gcc/arm-none-eabi/12.2.0/armv6k/fpu/crtn.o
                0x00000000001000ac                . = ALIGN (0x4)
 *(.text)
 .text          0x00000000001000ac      0x20c /opt/devkitpro/devkitARM/bin/../lib/gcc/arm-none-eabi/12.2.0/armv6k/fpu/libgcc.a(_udivsi3.o)
                0x00000000001000ac                __udivsi3
                0x00000000001000ac                __aeabi_uidiv
                0x0000000000100298                __aeabi_uidivmod
 .text          0x00000000001002b8      0x240 /opt/devkitpro/devkitARM/bin/../lib/gcc/arm-none-eabi/12.2.0/armv6k/fpu/libgcc.a(_divsi3.o)
                0x00000000001002b8                __aeabi_idiv
                0x00000000001002b8                __divsi3
                0x00000000001004d8                __aeabi_idivmod
 .text          0x00000000001004f8        0x4 /opt/devkitpro/devkitARM/bin/../lib/gcc/arm-none-eabi/12.2.0/armv6k/fpu/libgcc.a(_dvmd_tls.o)
                0x00000000001004f8                __aeabi_ldiv0
                0x00000000001004f8                __aeabi_idiv0
 .text          0x00000000001004fc       0xd4 /opt/devkitpro/devkitARM/bin/../lib/gcc/arm-none-eabi/12.2.0/armv6k/fpu/libgcc.a(_aeabi_ldivmod.o)
                0x00000000001004fc                __aeabi_ldivmod
 .text          0x00000000001005d0       0x3c /opt/devkitpro/devkitARM/bin/../lib/gcc/arm-none-eabi/12.2.0/armv6k/fpu/libgcc.a(_aeabi_uldivmod.o)
                0x00000000001005d0                __aeabi_uldivmod
 *fill*         0x000000000010060c       0x14 
 .text          0x0000000000100620      0x390 /opt/devkitpro/devkitARM/bin/../lib/gcc/arm-none-eabi/12.2.0/../../../../arm-none-eabi/lib/armv6k/fpu/libg.a(lib_a-strcmp.o)
                0x0000000000100628                strcmp
 *(.text.*)
 .text.__do_global_dtors_aux
                0x00000000001009b0       0x40 /opt/devkitpro/devkitARM/bin/../lib/gcc/arm-none-eabi/12.2.0/armv6k/fpu/crtbegin.o
 .text.frame_dummy
                0x00000000001009f0       0x2c /opt/devkitpro/devkitARM/bin/../lib/gcc/arm-none-eabi/12.2.0/armv6k/fpu/crtbegin.o
 .text.BLZ_Code
                0x0000000000100a1c      0x6f0 blz.o
                0x0000000000100a1c                BLZ_Code
 .text.startup.main
                0x000000000010110c      0x8fc main.o
                0x000000000010110c                main
 .text.ccitt16  0x0000000000101a08       0x60 save.o
                0x0000000000101a08                ccitt16
 .text.read_savedata
                0x0000000000101a68      0x290 save.o
                0x0000000000101a68                read_savedata
 .text.write_from_file
                0x0000000000101cf8       0x80 save.o
                0x0000000000101cf8                write_from_file
 .text.write_savedata
                0x0000000000101d78      0x2b8 save.o
                0x0000000000101d78                write_savedata
 .text.initContext
                0x0000000000102030       0x30 ui.o
                0x0000000000102030                initContext
 .text.initColors
                0x0000000000102060       0x5c ui.o
                0x0000000000102060                initColors
 .text.drawText
                0x00000000001020bc       0x80 ui.o
                0x00000000001020bc                drawText
 .text.drawProgress
                0x000000000010213c      0x17c ui.o
                0x000000000010213c                drawProgress
 .text.initFs   0x00000000001022b8       0x78 utils.o
                0x00000000001022b8                initFs
 .text.getProgramID
                0x0000000000102330       0x3c utils.o
                0x0000000000102330                getProgramID
 .text.getGameVersion
                0x000000000010236c       0xe4 utils.o
                0x000000000010236c                getGameVersion
 .text.C2Di_FrameEndHook
                0x0000000000102450       0x44 /opt/devkitpro/libctru/lib/libcitro2d.a(base.o)
 *fill*         0x0000000000102494        0x4 
 .text.C2D_Init
                0x0000000000102498      0x36c /opt/devkitpro/libctru/lib/libcitro2d.a(base.o)
                0x0000000000102498                C2D_Init
 .text.C2D_Fini
                0x0000000000102804       0x4c /opt/devkitpro/libctru/lib/libcitro2d.a(base.o)
                0x0000000000102804                C2D_Fini
 .text.C2D_Prepare
                0x0000000000102850       0xb8 /opt/devkitpro/libctru/lib/libcitro2d.a(base.o)
                0x0000000000102850                C2D_Prepare
 .text.C2D_Flush
                0x0000000000102908       0x48 /opt/devkitpro/libctru/lib/libcitro2d.a(base.o)
                0x0000000000102908                C2D_Flush
 .text.C2D_SceneSize
                0x0000000000102950      0x104 /opt/devkitpro/libctru/lib/libcitro2d.a(base.o)
                0x0000000000102950                C2D_SceneSize
 .text.C2D_CreateScreenTarget
                0x0000000000102a54       0x58 /opt/devkitpro/libctru/lib/libcitro2d.a(base.o)
                0x0000000000102a54                C2D_CreateScreenTarget
 .text.C2D_TargetClear
                0x0000000000102aac       0x64 /opt/devkitpro/libctru/lib/libcitro2d.a(base.o)
                0x0000000000102aac                C2D_TargetClear
 .text.C2Di_AppendQuad
                0x0000000000102b10       0x58 /opt/devkitpro/libctru/lib/libcitro2d.a(base.o)
                0x0000000000102b10                C2Di_AppendQuad
 .text.C2Di_AppendVtx
                0x0000000000102b68       0x40 /opt/devkitpro/libctru/lib/libcitro2d.a(base.o)
                0x0000000000102b68                C2Di_AppendVtx
 .text.C2Di_Update
                0x0000000000102ba8      0x550 /opt/devkitpro/libctru/lib/libcitro2d.a(base.o)
                0x0000000000102ba8                C2Di_Update
 .text.C2D_DrawRectangle
                0x00000000001030f8      0x158 /opt/devkitpro/libctru/lib/libcitro2d.a(base.o)
                0x00000000001030f8                C2D_DrawRectangle
 .text.C2Di_GlyphComp
                0x0000000000103250       0x18 /opt/devkitpro/libctru/lib/libcitro2d.a(text.o)
 .text.C2Di_CalcLineWidths
                0x0000000000103268      0x140 /opt/devkitpro/libctru/lib/libcitro2d.a(text.o)
 .text.C2D_TextBufNew
                0x00000000001033a8      0x1dc /opt/devkitpro/libctru/lib/libcitro2d.a(text.o)
                0x00000000001033a8                C2D_TextBufNew
 .text.C2D_TextBufDelete
                0x0000000000103584        0x4 /opt/devkitpro/libctru/lib/libcitro2d.a(text.o)
                0x0000000000103584                C2D_TextBufDelete
 .text.C2D_TextFontParseLine
                0x0000000000103588      0x1c8 /opt/devkitpro/libctru/lib/libcitro2d.a(text.o)
                0x0000000000103588                C2D_TextFontParseLine
 .text.C2D_TextFontParse
                0x0000000000103750       0xa8 /opt/devkitpro/libctru/lib/libcitro2d.a(text.o)
                0x0000000000103750                C2D_TextFontParse
 .text.C2D_TextParse
                0x00000000001037f8       0x14 /opt/devkitpro/libctru/lib/libcitro2d.a(text.o)
                0x00000000001037f8                C2D_TextParse
 .text.C2D_TextOptimize
                0x000000000010380c       0x30 /opt/devkitpro/libctru/lib/libcitro2d.a(text.o)
                0x000000000010380c                C2D_TextOptimize
 .text.C2D_DrawText
                0x000000000010383c      0xf6c /opt/devkitpro/libctru/lib/libcitro2d.a(text.o)
                0x000000000010383c                C2D_DrawText
 .text.C2D_FontGlyphIndexFromCodePoint
                0x00000000001047a8       0x44 /opt/devkitpro/libctru/lib/libcitro2d.a(font.o)
                0x00000000001047a8                C2D_FontGlyphIndexFromCodePoint
 .text.C2D_FontCalcGlyphPos
                0x00000000001047ec       0x78 /opt/devkitpro/libctru/lib/libcitro2d.a(font.o)
                0x00000000001047ec                C2D_FontCalcGlyphPos
 .text.C3Di_LightEnvUpdate
                0x0000000000104864        0x4 /opt/devkitpro/libctru/lib/libcitro3d.a(base.o)
                0x0000000000104864                C3Di_LightEnvUpdate
 .text.C3Di_LightEnvDirty
                0x0000000000104868        0x4 /opt/devkitpro/libctru/lib/libcitro3d.a(base.o)
                0x0000000000104868                C3Di_LightEnvDirty
 .text.C3Di_AptEventHook
                0x000000000010486c       0xb4 /opt/devkitpro/libctru/lib/libcitro3d.a(base.o)
 .text.C3Di_GasUpdate
                0x0000000000104920        0x4 /opt/devkitpro/libctru/lib/libcitro3d.a(base.o)
                0x0000000000104920                C3Di_GasUpdate
 .text.C3D_Init
                0x0000000000104924      0x1e0 /opt/devkitpro/libctru/lib/libcitro3d.a(base.o)
                0x0000000000104924                C3D_Init
 .text.C3D_SetViewport
                0x0000000000104b04       0x98 /opt/devkitpro/libctru/lib/libcitro3d.a(base.o)
                0x0000000000104b04                C3D_SetViewport
 .text.C3Di_UpdateContext
                0x0000000000104b9c      0x4e8 /opt/devkitpro/libctru/lib/libcitro3d.a(base.o)
                0x0000000000104b9c                C3Di_UpdateContext
 .text.C3Di_SplitFrame
                0x0000000000105084       0xe0 /opt/devkitpro/libctru/lib/libcitro3d.a(base.o)
                0x0000000000105084                C3Di_SplitFrame
 .text.C3D_Fini
                0x0000000000105164       0x44 /opt/devkitpro/libctru/lib/libcitro3d.a(base.o)
                0x0000000000105164                C3D_Fini
 .text.C3D_BindProgram
                0x00000000001051a8      0x114 /opt/devkitpro/libctru/lib/libcitro3d.a(base.o)
                0x00000000001051a8                C3D_BindProgram
 .text.onVBlank0
                0x00000000001052bc       0x4c /opt/devkitpro/libctru/lib/libcitro3d.a(renderqueue.o)
 .text.onVBlank1
                0x0000000000105308       0x4c /opt/devkitpro/libctru/lib/libcitro3d.a(renderqueue.o)
 .text.C3Di_RenderTargetDestroy
                0x0000000000105354       0x80 /opt/devkitpro/libctru/lib/libcitro3d.a(renderqueue.o)
 .text.onQueueFinish
                0x00000000001053d4       0xf4 /opt/devkitpro/libctru/lib/libcitro3d.a(renderqueue.o)
 .text.C3Di_RenderQueueEnableVBlank
                0x00000000001054c8       0x38 /opt/devkitpro/libctru/lib/libcitro3d.a(renderqueue.o)
                0x00000000001054c8                C3Di_RenderQueueEnableVBlank
 .text.C3Di_RenderQueueDisableVBlank
                0x0000000000105500       0x30 /opt/devkitpro/libctru/lib/libcitro3d.a(renderqueue.o)
                0x0000000000105500                C3Di_RenderQueueDisableVBlank
 .text.C3Di_RenderQueueInit
                0x0000000000105530       0x60 /opt/devkitpro/libctru/lib/libcitro3d.a(renderqueue.o)
                0x0000000000105530                C3Di_RenderQueueInit
 .text.C3Di_RenderQueueExit
                0x0000000000105590       0xb0 /opt/devkitpro/libctru/lib/libcitro3d.a(renderqueue.o)
                0x0000000000105590                C3Di_RenderQueueExit
 .text.C3Di_RenderQueueWaitDone
                0x0000000000105640       0x34 /opt/devkitpro/libctru/lib/libcitro3d.a(renderqueue.o)
                0x0000000000105640                C3Di_RenderQueueWaitDone
 .text.C3D_FrameBegin
                0x0000000000105674       0xe4 /opt/devkitpro/libctru/lib/libcitro3d.a(renderqueue.o)
                0x0000000000105674                C3D_FrameBegin
 .text.C3D_FrameDrawOn
                0x0000000000105758       0x48 /opt/devkitpro/libctru/lib/libcitro3d.a(renderqueue.o)
                0x0000000000105758                C3D_FrameDrawOn
 .text.C3D_FrameSplit
                0x00000000001057a0       0x58 /opt/devkitpro/libctru/lib/libcitro3d.a(renderqueue.o)
                0x00000000001057a0                C3D_FrameSplit
 .text.C3D_FrameEnd
                0x00000000001057f8      0x1d8 /opt/devkitpro/libctru/lib/libcitro3d.a(renderqueue.o)
                0x00000000001057f8                C3D_FrameEnd
 .text.C3D_FrameEndHook
                0x00000000001059d0       0x1c /opt/devkitpro/libctru/lib/libcitro3d.a(renderqueue.o)
                0x00000000001059d0                C3D_FrameEndHook
 .text.C3D_RenderTargetCreate
                0x00000000001059ec      0x184 /opt/devkitpro/libctru/lib/libcitro3d.a(renderqueue.o)
                0x00000000001059ec                C3D_RenderTargetCreate
 .text.C3D_RenderTargetSetOutput
                0x0000000000105b70       0xa8 /opt/devkitpro/libctru/lib/libcitro3d.a(renderqueue.o)
                0x0000000000105b70                C3D_RenderTargetSetOutput
 .text.C3D_TexBind
                0x0000000000105c18       0x44 /opt/devkitpro/libctru/lib/libcitro3d.a(texture.o)
                0x0000000000105c18                C3D_TexBind
 .text.C3Di_SetTex
                0x0000000000105c5c      0x16c /opt/devkitpro/libctru/lib/libcitro3d.a(texture.o)
                0x0000000000105c5c                C3Di_SetTex
 .text.C3D_CalcColorBufSize
                0x0000000000105dc8       0x1c /opt/devkitpro/libctru/lib/libcitro3d.a(framebuffer.o)
                0x0000000000105dc8                C3D_CalcColorBufSize
 .text.C3D_CalcDepthBufSize
                0x0000000000105de4       0x1c /opt/devkitpro/libctru/lib/libcitro3d.a(framebuffer.o)
                0x0000000000105de4                C3D_CalcDepthBufSize
 .text.C3D_SetFrameBuf
                0x0000000000105e00       0x44 /opt/devkitpro/libctru/lib/libcitro3d.a(framebuffer.o)
                0x0000000000105e00                C3D_SetFrameBuf
 .text.C3Di_FrameBufBind
                0x0000000000105e44      0x16c /opt/devkitpro/libctru/lib/libcitro3d.a(framebuffer.o)
                0x0000000000105e44                C3Di_FrameBufBind
 .text.C3D_FrameBufClear
                0x0000000000105fb0       0xc8 /opt/devkitpro/libctru/lib/libcitro3d.a(framebuffer.o)
                0x0000000000105fb0                C3D_FrameBufClear
 .text.C3D_FrameBufTransfer
                0x0000000000106078       0x44 /opt/devkitpro/libctru/lib/libcitro3d.a(framebuffer.o)
                0x0000000000106078                C3D_FrameBufTransfer
 .text.C3D_GetTexEnv
                0x00000000001060bc       0x34 /opt/devkitpro/libctru/lib/libcitro3d.a(texenv.o)
                0x00000000001060bc                C3D_GetTexEnv
 .text.C3Di_TexEnvBind
                0x00000000001060f0       0x24 /opt/devkitpro/libctru/lib/libcitro3d.a(texenv.o)
                0x00000000001060f0                C3Di_TexEnvBind
 .text.C3D_DrawElements
                0x0000000000106114      0x218 /opt/devkitpro/libctru/lib/libcitro3d.a(drawElements.o)
                0x0000000000106114                C3D_DrawElements
 .text.C3D_ProcTexInit
                0x000000000010632c       0x70 /opt/devkitpro/libctru/lib/libcitro3d.a(proctex.o)
                0x000000000010632c                C3D_ProcTexInit
 .text.C3D_ProcTexBind
                0x000000000010639c       0x54 /opt/devkitpro/libctru/lib/libcitro3d.a(proctex.o)
                0x000000000010639c                C3D_ProcTexBind
 .text.C3D_ProcTexLutBind
                0x00000000001063f0       0x5c /opt/devkitpro/libctru/lib/libcitro3d.a(proctex.o)
                0x00000000001063f0                C3D_ProcTexLutBind
 .text.ProcTexLut_FromArray
                0x000000000010644c       0xa4 /opt/devkitpro/libctru/lib/libcitro3d.a(proctex.o)
                0x000000000010644c                ProcTexLut_FromArray
 .text.C3Di_ProcTexUpdate
                0x00000000001064f0      0x17c /opt/devkitpro/libctru/lib/libcitro3d.a(proctex.o)
                0x00000000001064f0                C3Di_ProcTexUpdate
 .text.C3Di_ProcTexDirty
                0x000000000010666c       0x68 /opt/devkitpro/libctru/lib/libcitro3d.a(proctex.o)
                0x000000000010666c                C3Di_ProcTexDirty
 .text.BufInfo_Init
                0x00000000001066d4       0x24 /opt/devkitpro/libctru/lib/libcitro3d.a(buffers.o)
                0x00000000001066d4                BufInfo_Init
 .text.BufInfo_Add
                0x00000000001066f8       0x80 /opt/devkitpro/libctru/lib/libcitro3d.a(buffers.o)
                0x00000000001066f8                BufInfo_Add
 .text.C3D_SetBufInfo
                0x0000000000106778       0x40 /opt/devkitpro/libctru/lib/libcitro3d.a(buffers.o)
                0x0000000000106778                C3D_SetBufInfo
 .text.C3Di_BufInfoBind
                0x00000000001067b8       0x48 /opt/devkitpro/libctru/lib/libcitro3d.a(buffers.o)
                0x00000000001067b8                C3Di_BufInfoBind
 .text.C3D_DepthMap
                0x0000000000106800       0x40 /opt/devkitpro/libctru/lib/libcitro3d.a(effect.o)
                0x0000000000106800                C3D_DepthMap
 .text.C3D_CullFace
                0x0000000000106840       0x1c /opt/devkitpro/libctru/lib/libcitro3d.a(effect.o)
                0x0000000000106840                C3D_CullFace
 .text.C3D_StencilTest
                0x000000000010685c       0x40 /opt/devkitpro/libctru/lib/libcitro3d.a(effect.o)
                0x000000000010685c                C3D_StencilTest
 .text.C3D_StencilOp
                0x000000000010689c       0x24 /opt/devkitpro/libctru/lib/libcitro3d.a(effect.o)
                0x000000000010689c                C3D_StencilOp
 .text.C3D_BlendingColor
                0x00000000001068c0       0x1c /opt/devkitpro/libctru/lib/libcitro3d.a(effect.o)
                0x00000000001068c0                C3D_BlendingColor
 .text.C3D_EarlyDepthTest
                0x00000000001068dc       0x24 /opt/devkitpro/libctru/lib/libcitro3d.a(effect.o)
                0x00000000001068dc                C3D_EarlyDepthTest
 .text.C3D_DepthTest
                0x0000000000106900       0x2c /opt/devkitpro/libctru/lib/libcitro3d.a(effect.o)
                0x0000000000106900                C3D_DepthTest
 .text.C3D_AlphaTest
                0x000000000010692c       0x2c /opt/devkitpro/libctru/lib/libcitro3d.a(effect.o)
                0x000000000010692c                C3D_AlphaTest
 .text.C3D_AlphaBlend
                0x0000000000106958       0x50 /opt/devkitpro/libctru/lib/libcitro3d.a(effect.o)
                0x0000000000106958                C3D_AlphaBlend
 .text.C3D_FragOpMode
                0x00000000001069a8       0x30 /opt/devkitpro/libctru/lib/libcitro3d.a(effect.o)
                0x00000000001069a8                C3D_FragOpMode
 .text.C3D_FragOpShadow
                0x00000000001069d8       0x44 /opt/devkitpro/libctru/lib/libcitro3d.a(effect.o)
                0x00000000001069d8                C3D_FragOpShadow
 .text.C3Di_EffectBind
                0x0000000000106a1c      0x1ac /opt/devkitpro/libctru/lib/libcitro3d.a(effect.o)
                0x0000000000106a1c                C3Di_EffectBind
 .text.AttrInfo_Init
                0x0000000000106bc8       0x28 /opt/devkitpro/libctru/lib/libcitro3d.a(attribs.o)
                0x0000000000106bc8                AttrInfo_Init
 .text.AttrInfo_AddLoader
                0x0000000000106bf0       0x94 /opt/devkitpro/libctru/lib/libcitro3d.a(attribs.o)
                0x0000000000106bf0                AttrInfo_AddLoader
 .text.C3D_SetAttrInfo
                0x0000000000106c84       0x54 /opt/devkitpro/libctru/lib/libcitro3d.a(attribs.o)
                0x0000000000106c84                C3D_SetAttrInfo
 .text.C3Di_AttrInfoBind
                0x0000000000106cd8       0x80 /opt/devkitpro/libctru/lib/libcitro3d.a(attribs.o)
                0x0000000000106cd8                C3Di_AttrInfoBind
 .text.C3D_ImmSendAttrib
                0x0000000000106d58       0xa8 /opt/devkitpro/libctru/lib/libcitro3d.a(immediate.o)
                0x0000000000106d58                C3D_ImmSendAttrib
 .text.C3D_UpdateUniforms
                0x0000000000106e00      0x280 /opt/devkitpro/libctru/lib/libcitro3d.a(uniforms.o)
                0x0000000000106e00                C3D_UpdateUniforms
 .text.C3Di_DirtyUniforms
                0x0000000000107080       0xc0 /opt/devkitpro/libctru/lib/libcitro3d.a(uniforms.o)
                0x0000000000107080                C3Di_DirtyUniforms
 .text.C3Di_LoadShaderUniforms
                0x0000000000107140       0xd8 /opt/devkitpro/libctru/lib/libcitro3d.a(uniforms.o)
                0x0000000000107140                C3Di_LoadShaderUniforms
 .text.C3Di_ClearShaderUniforms
                0x0000000000107218       0x28 /opt/devkitpro/libctru/lib/libcitro3d.a(uniforms.o)
                0x0000000000107218                C3Di_ClearShaderUniforms
 .text.Mtx_Ortho
                0x0000000000107240       0xcc /opt/devkitpro/libctru/lib/libcitro3d.a(mtx_ortho.o)
                0x0000000000107240                Mtx_Ortho
 .text.Mtx_OrthoTilt
                0x000000000010730c       0xcc /opt/devkitpro/libctru/lib/libcitro3d.a(mtx_orthotilt.o)
                0x000000000010730c                Mtx_OrthoTilt
 .text._ZL21addrMapNodeComparatorPK11rbtree_nodeS1_
                0x00000000001073d8       0x24 /opt/devkitpro/libctru/lib/libctru.a(vram.o)
 .text._ZL21addrMapNodeDestructorP11rbtree_node
                0x00000000001073fc        0x4 /opt/devkitpro/libctru/lib/libctru.a(vram.o)
 .text.vramMemAlignAt
                0x0000000000107400      0x250 /opt/devkitpro/libctru/lib/libctru.a(vram.o)
                0x0000000000107400                vramMemAlignAt
 .text.vramAlloc
                0x0000000000107650        0xc /opt/devkitpro/libctru/lib/libctru.a(vram.o)
                0x0000000000107650                vramAlloc
 .text.vramAllocAt
                0x000000000010765c        0xc /opt/devkitpro/libctru/lib/libctru.a(vram.o)
                0x000000000010765c                vramAllocAt
 .text.vramFree
                0x0000000000107668       0x90 /opt/devkitpro/libctru/lib/libctru.a(vram.o)
                0x0000000000107668                vramFree
 .text._ZL21addrMapNodeComparatorPK11rbtree_nodeS1_
                0x00000000001076f8       0x24 /opt/devkitpro/libctru/lib/libctru.a(linear.o)
 .text._ZL21addrMapNodeDestructorP11rbtree_node
                0x000000000010771c        0x4 /opt/devkitpro/libctru/lib/libctru.a(linear.o)
 .text.linearMemAlign
                0x0000000000107720      0x120 /opt/devkitpro/libctru/lib/libctru.a(linear.o)
                0x0000000000107720                linearMemAlign
 .text.linearAlloc
                0x0000000000107840        0x8 /opt/devkitpro/libctru/lib/libctru.a(linear.o)
                0x0000000000107840                linearAlloc
 .text.linearFree
                0x0000000000107848       0x5c /opt/devkitpro/libctru/lib/libctru.a(linear.o)
                0x0000000000107848                linearFree
 .text._ZN7MemPool13CoalesceRightEP8MemBlock
                0x00000000001078a4       0x80 /opt/devkitpro/libctru/lib/libctru.a(mem_pool.o)
                0x00000000001078a4                MemPool::CoalesceRight(MemBlock*)
 .text._ZN7MemPool8AllocateER8MemChunkmi
                0x0000000000107924      0x16c /opt/devkitpro/libctru/lib/libctru.a(mem_pool.o)
                0x0000000000107924                MemPool::Allocate(MemChunk&, unsigned long, int)
 .text._ZN7MemPool10DeallocateERK8MemChunk
                0x0000000000107a90       0xfc /opt/devkitpro/libctru/lib/libctru.a(mem_pool.o)
                0x0000000000107a90                MemPool::Deallocate(MemChunk const&)
 .text._ZN7MemPool12GetFreeSpaceEv
                0x0000000000107b8c       0x30 /opt/devkitpro/libctru/lib/libctru.a(mem_pool.o)
                0x0000000000107b8c                MemPool::GetFreeSpace()
 .text.romfs_close
                0x0000000000107bbc        0x8 /opt/devkitpro/libctru/lib/libctru.a(romfs_dev.o)
 .text.romfs_seek
                0x0000000000107bc4       0xc0 /opt/devkitpro/libctru/lib/libctru.a(romfs_dev.o)
 .text.romfs_dirreset
                0x0000000000107c84       0x24 /opt/devkitpro/libctru/lib/libctru.a(romfs_dev.o)
 .text.fill_dir
                0x0000000000107ca8       0xc8 /opt/devkitpro/libctru/lib/libctru.a(romfs_dev.o)
 .text.romfs_dirnext
                0x0000000000107d70      0x28c /opt/devkitpro/libctru/lib/libctru.a(romfs_dev.o)
 .text.romfs_free
                0x0000000000107ffc       0x84 /opt/devkitpro/libctru/lib/libctru.a(romfs_dev.o)
 .text.searchForFile.constprop.0
                0x0000000000108080       0xd4 /opt/devkitpro/libctru/lib/libctru.a(romfs_dev.o)
 .text.searchForDir.constprop.0
                0x0000000000108154       0xd8 /opt/devkitpro/libctru/lib/libctru.a(romfs_dev.o)
 .text.navigateToDir.constprop.0
                0x000000000010822c      0x1c0 /opt/devkitpro/libctru/lib/libctru.a(romfs_dev.o)
 .text.romfs_open
                0x00000000001083ec      0x10c /opt/devkitpro/libctru/lib/libctru.a(romfs_dev.o)
 .text.romfs_chdir
                0x00000000001084f8       0x4c /opt/devkitpro/libctru/lib/libctru.a(romfs_dev.o)
 .text.romfs_diropen
                0x0000000000108544       0x70 /opt/devkitpro/libctru/lib/libctru.a(romfs_dev.o)
 .text.romfs_stat
                0x00000000001085b4      0x174 /opt/devkitpro/libctru/lib/libctru.a(romfs_dev.o)
 .text.romfs_dirclose
                0x0000000000108728        0x8 /opt/devkitpro/libctru/lib/libctru.a(romfs_dev.o)
 .text.romfs_fstat
                0x0000000000108730       0x84 /opt/devkitpro/libctru/lib/libctru.a(romfs_dev.o)
 .text.romfs_read
                0x00000000001087b4       0xd0 /opt/devkitpro/libctru/lib/libctru.a(romfs_dev.o)
 .text.romfsMountFromFile
                0x0000000000108884      0x28c /opt/devkitpro/libctru/lib/libctru.a(romfs_dev.o)
                0x0000000000108884                romfsMountFromFile
 .text.romfsMountFromCurrentProcess
                0x0000000000108b10       0x98 /opt/devkitpro/libctru/lib/libctru.a(romfs_dev.o)
                0x0000000000108b10                romfsMountFromCurrentProcess
 .text.romfsMountSelf
                0x0000000000108ba8      0x260 /opt/devkitpro/libctru/lib/libctru.a(romfs_dev.o)
                0x0000000000108ba8                romfsMountSelf
 .text.romfsUnmount
                0x0000000000108e08       0xa0 /opt/devkitpro/libctru/lib/libctru.a(romfs_dev.o)
                0x0000000000108e08                romfsUnmount
 .text.osConvertVirtToPhys
                0x0000000000108ea8       0x74 /opt/devkitpro/libctru/lib/libctru.a(os.o)
                0x0000000000108ea8                osConvertVirtToPhys
 .text.osGetTimeRef
                0x0000000000108f1c       0x54 /opt/devkitpro/libctru/lib/libctru.a(os.o)
                0x0000000000108f1c                osGetTimeRef
 .text.osGetTime
                0x0000000000108f70       0xec /opt/devkitpro/libctru/lib/libctru.a(os.o)
                0x0000000000108f70                osGetTime
 .text.__ctru_speedup_config
                0x000000000010905c       0x34 /opt/devkitpro/libctru/lib/libctru.a(os.o)
                0x000000000010905c                __ctru_speedup_config
 .text.fontEnsureMapped
                0x0000000000109090       0x94 /opt/devkitpro/libctru/lib/libctru.a(font.o)
                0x0000000000109090                fontEnsureMapped
 .text.fontGlyphIndexFromCodePoint
                0x0000000000109124      0x100 /opt/devkitpro/libctru/lib/libctru.a(font.o)
                0x0000000000109124                fontGlyphIndexFromCodePoint
 .text.fontCalcGlyphPos
                0x0000000000109224      0x1ec /opt/devkitpro/libctru/lib/libctru.a(font.o)
                0x0000000000109224                fontCalcGlyphPos
 .text.srvInit  0x0000000000109410      0x130 /opt/devkitpro/libctru/lib/libctru.a(srv.o)
                0x0000000000109410                srvInit
 .text.srvExit  0x0000000000109540       0x58 /opt/devkitpro/libctru/lib/libctru.a(srv.o)
                0x0000000000109540                srvExit
 .text.srvGetServiceHandleDirect
                0x0000000000109598       0xa0 /opt/devkitpro/libctru/lib/libctru.a(srv.o)
                0x0000000000109598                srvGetServiceHandleDirect
 .text.srvGetServiceHandle
                0x0000000000109638       0x38 /opt/devkitpro/libctru/lib/libctru.a(srv.o)
                0x0000000000109638                srvGetServiceHandle
 .text.srvPublishToSubscriber
                0x0000000000109670       0x38 /opt/devkitpro/libctru/lib/libctru.a(srv.o)
                0x0000000000109670                srvPublishToSubscriber
 .text.gfxPresentFramebuffer
                0x00000000001096a8       0xd0 /opt/devkitpro/libctru/lib/libctru.a(gfx.o)
 .text.gfxSet3D
                0x0000000000109778       0x10 /opt/devkitpro/libctru/lib/libctru.a(gfx.o)
                0x0000000000109778                gfxSet3D
 .text.gfxIsWide
                0x0000000000109788       0x1c /opt/devkitpro/libctru/lib/libctru.a(gfx.o)
                0x0000000000109788                gfxIsWide
 .text.gfxSetScreenFormat
                0x00000000001097a4       0xec /opt/devkitpro/libctru/lib/libctru.a(gfx.o)
                0x00000000001097a4                gfxSetScreenFormat
 .text.gfxInit  0x0000000000109890       0xe0 /opt/devkitpro/libctru/lib/libctru.a(gfx.o)
                0x0000000000109890                gfxInit
 .text.gfxInitDefault
                0x0000000000109970       0x10 /opt/devkitpro/libctru/lib/libctru.a(gfx.o)
                0x0000000000109970                gfxInitDefault
 .text.gfxExit  0x0000000000109980       0xb4 /opt/devkitpro/libctru/lib/libctru.a(gfx.o)
                0x0000000000109980                gfxExit
 .text.gfxGetFramebuffer
                0x0000000000109a34       0xa0 /opt/devkitpro/libctru/lib/libctru.a(gfx.o)
                0x0000000000109a34                gfxGetFramebuffer
 .text.gfxScreenSwapBuffers
                0x0000000000109ad4       0x30 /opt/devkitpro/libctru/lib/libctru.a(gfx.o)
                0x0000000000109ad4                gfxScreenSwapBuffers
 .text.shaderInstanceInit
                0x0000000000109b04      0x1d4 /opt/devkitpro/libctru/lib/libctru.a(shaderProgram.o)
                0x0000000000109b04                shaderInstanceInit
 .text.shaderInstanceGetUniformLocation
                0x0000000000109cd8       0x18 /opt/devkitpro/libctru/lib/libctru.a(shaderProgram.o)
                0x0000000000109cd8                shaderInstanceGetUniformLocation
 .text.shaderProgramInit
                0x0000000000109cf0       0x1c /opt/devkitpro/libctru/lib/libctru.a(shaderProgram.o)
                0x0000000000109cf0                shaderProgramInit
 .text.shaderProgramFree
                0x0000000000109d0c       0x64 /opt/devkitpro/libctru/lib/libctru.a(shaderProgram.o)
                0x0000000000109d0c                shaderProgramFree
 .text.shaderProgramSetVsh
                0x0000000000109d70       0x80 /opt/devkitpro/libctru/lib/libctru.a(shaderProgram.o)
                0x0000000000109d70                shaderProgramSetVsh
 .text.shaderProgramConfigure
                0x0000000000109df0      0x8e0 /opt/devkitpro/libctru/lib/libctru.a(shaderProgram.o)
                0x0000000000109df0                shaderProgramConfigure
 .text.DVLE_GenerateOutmap.part.0
                0x000000000010a6d0      0x1cc /opt/devkitpro/libctru/lib/libctru.a(shbin.o)
 .text.DVLB_ParseFile
                0x000000000010a89c      0x1b4 /opt/devkitpro/libctru/lib/libctru.a(shbin.o)
                0x000000000010a89c                DVLB_ParseFile
 .text.DVLB_Free
                0x000000000010aa50       0x38 /opt/devkitpro/libctru/lib/libctru.a(shbin.o)
                0x000000000010aa50                DVLB_Free
 .text.DVLE_GetUniformRegister
                0x000000000010aa88       0x74 /opt/devkitpro/libctru/lib/libctru.a(shbin.o)
                0x000000000010aa88                DVLE_GetUniformRegister
 .text.GX_BindQueue
                0x000000000010aafc       0x10 /opt/devkitpro/libctru/lib/libctru.a(gx.o)
                0x000000000010aafc                GX_BindQueue
 .text.GX_ProcessCommandList
                0x000000000010ab0c       0x78 /opt/devkitpro/libctru/lib/libctru.a(gx.o)
                0x000000000010ab0c                GX_ProcessCommandList
 .text.GX_MemoryFill
                0x000000000010ab84       0x74 /opt/devkitpro/libctru/lib/libctru.a(gx.o)
                0x000000000010ab84                GX_MemoryFill
 .text.GX_DisplayTransfer
                0x000000000010abf8       0x70 /opt/devkitpro/libctru/lib/libctru.a(gx.o)
                0x000000000010abf8                GX_DisplayTransfer
 .text.gxCmdQueueDoCommands.part.0
                0x000000000010ac68       0x68 /opt/devkitpro/libctru/lib/libctru.a(gxqueue.o)
 .text.gxCmdQueueInterrupt
                0x000000000010acd0       0xc8 /opt/devkitpro/libctru/lib/libctru.a(gxqueue.o)
                0x000000000010acd0                gxCmdQueueInterrupt
 .text.gxCmdQueueClear
                0x000000000010ad98       0x4c /opt/devkitpro/libctru/lib/libctru.a(gxqueue.o)
                0x000000000010ad98                gxCmdQueueClear
 .text.gxCmdQueueAdd
                0x000000000010ade4       0xf8 /opt/devkitpro/libctru/lib/libctru.a(gxqueue.o)
                0x000000000010ade4                gxCmdQueueAdd
 .text.gxCmdQueueRun
                0x000000000010aedc       0x80 /opt/devkitpro/libctru/lib/libctru.a(gxqueue.o)
                0x000000000010aedc                gxCmdQueueRun
 .text.gxCmdQueueStop
                0x000000000010af5c       0x60 /opt/devkitpro/libctru/lib/libctru.a(gxqueue.o)
                0x000000000010af5c                gxCmdQueueStop
 .text.gxCmdQueueWait
                0x000000000010afbc       0x74 /opt/devkitpro/libctru/lib/libctru.a(gxqueue.o)
                0x000000000010afbc                gxCmdQueueWait
 .text.GPUCMD_Add
                0x000000000010b030      0x13c /opt/devkitpro/libctru/lib/libctru.a(gpu.o)
                0x000000000010b030                GPUCMD_Add
 .text.GPUCMD_Split
                0x000000000010b16c       0xb0 /opt/devkitpro/libctru/lib/libctru.a(gpu.o)
                0x000000000010b16c                GPUCMD_Split
 .text.f32tof16
                0x000000000010b21c       0x34 /opt/devkitpro/libctru/lib/libctru.a(gpu.o)
                0x000000000010b21c                f32tof16
 .text.f32tof24
                0x000000000010b250       0x34 /opt/devkitpro/libctru/lib/libctru.a(gpu.o)
                0x000000000010b250                f32tof24
 .text.f32tof31
                0x000000000010b284       0x38 /opt/devkitpro/libctru/lib/libctru.a(gpu.o)
                0x000000000010b284                f32tof31
 .text.cfguInit
                0x000000000010b2bc       0xa4 /opt/devkitpro/libctru/lib/libctru.a(cfgu.o)
                0x000000000010b2bc                cfguInit
 .text.cfguExit
                0x000000000010b360       0x3c /opt/devkitpro/libctru/lib/libctru.a(cfgu.o)
                0x000000000010b360                cfguExit
 .text.gspHardwareInit
                0x000000000010b39c      0xc58 /opt/devkitpro/libctru/lib/libctru.a(gspgpu.o)
 .text.gspInit  0x000000000010bff4      0x248 /opt/devkitpro/libctru/lib/libctru.a(gspgpu.o)
                0x000000000010bff4                gspInit
 .text.gspExit  0x000000000010c23c       0xf0 /opt/devkitpro/libctru/lib/libctru.a(gspgpu.o)
                0x000000000010c23c                gspExit
 .text.gspHasGpuRight
                0x000000000010c32c       0x10 /opt/devkitpro/libctru/lib/libctru.a(gspgpu.o)
                0x000000000010c32c                gspHasGpuRight
 .text.gspPresentBuffer
                0x000000000010c33c       0xa0 /opt/devkitpro/libctru/lib/libctru.a(gspgpu.o)
                0x000000000010c33c                gspPresentBuffer
 .text.gspSetEventCallback
                0x000000000010c3dc       0x30 /opt/devkitpro/libctru/lib/libctru.a(gspgpu.o)
                0x000000000010c3dc                gspSetEventCallback
 .text.gspWaitForEvent
                0x000000000010c40c       0x44 /opt/devkitpro/libctru/lib/libctru.a(gspgpu.o)
                0x000000000010c40c                gspWaitForEvent
 .text.gspWaitForAnyEvent
                0x000000000010c450       0x4c /opt/devkitpro/libctru/lib/libctru.a(gspgpu.o)
                0x000000000010c450                gspWaitForAnyEvent
 .text.gspEventThreadMain
                0x000000000010c49c      0x158 /opt/devkitpro/libctru/lib/libctru.a(gspgpu.o)
 .text.gspSubmitGxCommand
                0x000000000010c5f4      0x130 /opt/devkitpro/libctru/lib/libctru.a(gspgpu.o)
                0x000000000010c5f4                gspSubmitGxCommand
 .text.GSPGPU_FlushDataCache
                0x000000000010c724       0x50 /opt/devkitpro/libctru/lib/libctru.a(gspgpu.o)
                0x000000000010c724                GSPGPU_FlushDataCache
 .text.GSPGPU_SetLcdForceBlack
                0x000000000010c774       0x34 /opt/devkitpro/libctru/lib/libctru.a(gspgpu.o)
                0x000000000010c774                GSPGPU_SetLcdForceBlack
 .text.GSPGPU_AcquireRight
                0x000000000010c7a8       0x68 /opt/devkitpro/libctru/lib/libctru.a(gspgpu.o)
                0x000000000010c7a8                GSPGPU_AcquireRight
 .text.GSPGPU_ReleaseRight
                0x000000000010c810       0x48 /opt/devkitpro/libctru/lib/libctru.a(gspgpu.o)
                0x000000000010c810                GSPGPU_ReleaseRight
 .text.GSPGPU_ImportDisplayCaptureInfo
                0x000000000010c858       0x7c /opt/devkitpro/libctru/lib/libctru.a(gspgpu.o)
                0x000000000010c858                GSPGPU_ImportDisplayCaptureInfo
 .text.GSPGPU_SaveVramSysArea
                0x000000000010c8d4       0x2c /opt/devkitpro/libctru/lib/libctru.a(gspgpu.o)
                0x000000000010c8d4                GSPGPU_SaveVramSysArea
 .text.GSPGPU_RestoreVramSysArea
                0x000000000010c900       0x2c /opt/devkitpro/libctru/lib/libctru.a(gspgpu.o)
                0x000000000010c900                GSPGPU_RestoreVramSysArea
 .text.amInit   0x000000000010c92c       0xa4 /opt/devkitpro/libctru/lib/libctru.a(am.o)
                0x000000000010c92c                amInit
 .text.amExit   0x000000000010c9d0       0x3c /opt/devkitpro/libctru/lib/libctru.a(am.o)
                0x000000000010c9d0                amExit
 .text.AM_GetTitleInfo
                0x000000000010ca0c       0x5c /opt/devkitpro/libctru/lib/libctru.a(am.o)
                0x000000000010ca0c                AM_GetTitleInfo
 .text.aptConvertScreenForCapture
                0x000000000010ca68      0x1a4 /opt/devkitpro/libctru/lib/libctru.a(apt.o)
 .text.aptDspSleep
                0x000000000010cc0c        0x8 /opt/devkitpro/libctru/lib/libctru.a(apt.o)
                0x000000000010cc0c                aptDspSleep
 .text.aptDspWakeup
                0x000000000010cc14        0x4 /opt/devkitpro/libctru/lib/libctru.a(apt.o)
                0x000000000010cc14                aptDspWakeup
 .text.aptDspCancel
                0x000000000010cc18        0x4 /opt/devkitpro/libctru/lib/libctru.a(apt.o)
                0x000000000010cc18                aptDspCancel
 .text.aptSendCommand
                0x000000000010cc1c      0x158 /opt/devkitpro/libctru/lib/libctru.a(apt.o)
                0x000000000010cc1c                aptSendCommand
 *fill*         0x000000000010cd74        0x4 
 .text.aptExitProcess
                0x000000000010cd78       0x44 /opt/devkitpro/libctru/lib/libctru.a(apt.o)
 .text.aptExit  0x000000000010cdbc      0x2f4 /opt/devkitpro/libctru/lib/libctru.a(apt.o)
                0x000000000010cdbc                aptExit
 .text.aptHandleSleep
                0x000000000010d0b0       0xe0 /opt/devkitpro/libctru/lib/libctru.a(apt.o)
                0x000000000010d0b0                aptHandleSleep
 .text.aptHook  0x000000000010d190       0x30 /opt/devkitpro/libctru/lib/libctru.a(apt.o)
                0x000000000010d190                aptHook
 .text.aptUnhook
                0x000000000010d1c0       0x30 /opt/devkitpro/libctru/lib/libctru.a(apt.o)
                0x000000000010d1c0                aptUnhook
 .text.APT_GetProgramID
                0x000000000010d1f0       0x38 /opt/devkitpro/libctru/lib/libctru.a(apt.o)
                0x000000000010d1f0                APT_GetProgramID
 .text.APT_SleepIfShellClosed
                0x000000000010d228       0x84 /opt/devkitpro/libctru/lib/libctru.a(apt.o)
                0x000000000010d228                APT_SleepIfShellClosed
 .text.aptSetSleepAllowed
                0x000000000010d2ac       0x84 /opt/devkitpro/libctru/lib/libctru.a(apt.o)
                0x000000000010d2ac                aptSetSleepAllowed
 .text.APT_UnlockTransition
                0x000000000010d330       0x84 /opt/devkitpro/libctru/lib/libctru.a(apt.o)
                0x000000000010d330                APT_UnlockTransition
 *fill*         0x000000000010d3b4        0x4 
 .text.aptEventHandler
                0x000000000010d3b8      0x4a4 /opt/devkitpro/libctru/lib/libctru.a(apt.o)
 .text.APT_ReceiveParameter
                0x000000000010d85c       0xb0 /opt/devkitpro/libctru/lib/libctru.a(apt.o)
                0x000000000010d85c                APT_ReceiveParameter
 .text.aptReceiveParameter.constprop.0
                0x000000000010d90c       0xb0 /opt/devkitpro/libctru/lib/libctru.a(apt.o)
 *fill*         0x000000000010d9bc        0x4 
 .text.aptScreenTransfer
                0x000000000010d9c0      0x2ac /opt/devkitpro/libctru/lib/libctru.a(apt.o)
 .text.aptWaitForWakeUp.isra.0
                0x000000000010dc6c      0x344 /opt/devkitpro/libctru/lib/libctru.a(apt.o)
 .text.aptJumpToHomeMenu
                0x000000000010dfb0      0x100 /opt/devkitpro/libctru/lib/libctru.a(apt.o)
                0x000000000010dfb0                aptJumpToHomeMenu
 .text.aptMainLoop
                0x000000000010e0b0       0x48 /opt/devkitpro/libctru/lib/libctru.a(apt.o)
                0x000000000010e0b0                aptMainLoop
 .text.aptInit  0x000000000010e0f8      0x22c /opt/devkitpro/libctru/lib/libctru.a(apt.o)
                0x000000000010e0f8                aptInit
 .text.APT_CheckNew3DS
                0x000000000010e324       0x7c /opt/devkitpro/libctru/lib/libctru.a(apt.o)
                0x000000000010e324                APT_CheckNew3DS
 .text.APT_GetSharedFont
                0x000000000010e3a0       0x48 /opt/devkitpro/libctru/lib/libctru.a(apt.o)
                0x000000000010e3a0                APT_GetSharedFont
 .text.hidShouldUseIrrst
                0x000000000010e3e8       0x24 /opt/devkitpro/libctru/lib/libctru.a(hid.o)
                0x000000000010e3e8                hidShouldUseIrrst
 .text.hidInit  0x000000000010e40c      0x18c /opt/devkitpro/libctru/lib/libctru.a(hid.o)
                0x000000000010e40c                hidInit
 .text.hidExit  0x000000000010e598       0xe8 /opt/devkitpro/libctru/lib/libctru.a(hid.o)
                0x000000000010e598                hidExit
 .text.hidScanInput
                0x000000000010e680      0x2a4 /opt/devkitpro/libctru/lib/libctru.a(hid.o)
                0x000000000010e680                hidScanInput
 .text.hidKeysDown
                0x000000000010e924       0x10 /opt/devkitpro/libctru/lib/libctru.a(hid.o)
                0x000000000010e924                hidKeysDown
 .text.srvPmGetSessionHandle
                0x000000000010e934        0xc /opt/devkitpro/libctru/lib/libctru.a(srvpm.o)
                0x000000000010e934                srvPmGetSessionHandle
 .text.ptmSysmInit
                0x000000000010e940       0x74 /opt/devkitpro/libctru/lib/libctru.a(ptmsysm.o)
                0x000000000010e940                ptmSysmInit
 .text.ptmSysmExit
                0x000000000010e9b4       0x3c /opt/devkitpro/libctru/lib/libctru.a(ptmsysm.o)
                0x000000000010e9b4                ptmSysmExit
 .text.PTMSYSM_ConfigureNew3DSCPU
                0x000000000010e9f0       0x34 /opt/devkitpro/libctru/lib/libctru.a(ptmsysm.o)
                0x000000000010e9f0                PTMSYSM_ConfigureNew3DSCPU
 .text.fsInit   0x000000000010ea24       0xcc /opt/devkitpro/libctru/lib/libctru.a(fs.o)
                0x000000000010ea24                fsInit
 .text.fsExit   0x000000000010eaf0       0x3c /opt/devkitpro/libctru/lib/libctru.a(fs.o)
                0x000000000010eaf0                fsExit
 .text.fsUseSession
                0x000000000010eb2c       0x18 /opt/devkitpro/libctru/lib/libctru.a(fs.o)
                0x000000000010eb2c                fsUseSession
 .text.fsEndUseSession
                0x000000000010eb44       0x10 /opt/devkitpro/libctru/lib/libctru.a(fs.o)
                0x000000000010eb44                fsEndUseSession
 .text.fsExemptFromSession
                0x000000000010eb54       0x60 /opt/devkitpro/libctru/lib/libctru.a(fs.o)
                0x000000000010eb54                fsExemptFromSession
 .text.fsUnexemptFromSession
                0x000000000010ebb4       0x50 /opt/devkitpro/libctru/lib/libctru.a(fs.o)
                0x000000000010ebb4                fsUnexemptFromSession
 .text.fsMakePath
                0x000000000010ec04       0x84 /opt/devkitpro/libctru/lib/libctru.a(fs.o)
                0x000000000010ec04                fsMakePath
 .text.FSUSER_Initialize
                0x000000000010ec88       0x2c /opt/devkitpro/libctru/lib/libctru.a(fs.o)
                0x000000000010ec88                FSUSER_Initialize
 .text.FSUSER_OpenFile
                0x000000000010ecb4       0xcc /opt/devkitpro/libctru/lib/libctru.a(fs.o)
                0x000000000010ecb4                FSUSER_OpenFile
 .text.FSUSER_OpenFileDirectly
                0x000000000010ed80       0xd4 /opt/devkitpro/libctru/lib/libctru.a(fs.o)
                0x000000000010ed80                FSUSER_OpenFileDirectly
 .text.FSUSER_DeleteFile
                0x000000000010ee54       0xbc /opt/devkitpro/libctru/lib/libctru.a(fs.o)
                0x000000000010ee54                FSUSER_DeleteFile
 .text.FSUSER_RenameFile
                0x000000000010ef10       0xf8 /opt/devkitpro/libctru/lib/libctru.a(fs.o)
                0x000000000010ef10                FSUSER_RenameFile
 .text.FSUSER_DeleteDirectory
                0x000000000010f008       0xbc /opt/devkitpro/libctru/lib/libctru.a(fs.o)
                0x000000000010f008                FSUSER_DeleteDirectory
 .text.FSUSER_CreateFile
                0x000000000010f0c4       0xd4 /opt/devkitpro/libctru/lib/libctru.a(fs.o)
                0x000000000010f0c4                FSUSER_CreateFile
 .text.FSUSER_CreateDirectory
                0x000000000010f198       0xc4 /opt/devkitpro/libctru/lib/libctru.a(fs.o)
                0x000000000010f198                FSUSER_CreateDirectory
 .text.FSUSER_RenameDirectory
                0x000000000010f25c       0xf8 /opt/devkitpro/libctru/lib/libctru.a(fs.o)
                0x000000000010f25c                FSUSER_RenameDirectory
 .text.FSUSER_OpenDirectory
                0x000000000010f354       0xb4 /opt/devkitpro/libctru/lib/libctru.a(fs.o)
                0x000000000010f354                FSUSER_OpenDirectory
 .text.FSUSER_OpenArchive
                0x000000000010f408       0x98 /opt/devkitpro/libctru/lib/libctru.a(fs.o)
                0x000000000010f408                FSUSER_OpenArchive
 .text.FSUSER_ControlArchive
                0x000000000010f4a0       0xb4 /opt/devkitpro/libctru/lib/libctru.a(fs.o)
                0x000000000010f4a0                FSUSER_ControlArchive
 .text.FSUSER_CloseArchive
                0x000000000010f554       0x8c /opt/devkitpro/libctru/lib/libctru.a(fs.o)
                0x000000000010f554                FSUSER_CloseArchive
 .text.FSUSER_GetSdmcArchiveResource
                0x000000000010f5e0       0x74 /opt/devkitpro/libctru/lib/libctru.a(fs.o)
                0x000000000010f5e0                FSUSER_GetSdmcArchiveResource
 .text.FSUSER_IsSdmcWritable
                0x000000000010f654       0x64 /opt/devkitpro/libctru/lib/libctru.a(fs.o)
                0x000000000010f654                FSUSER_IsSdmcWritable
 .text.FSFILE_Read
                0x000000000010f6b8       0x58 /opt/devkitpro/libctru/lib/libctru.a(fs.o)
                0x000000000010f6b8                FSFILE_Read
 .text.FSFILE_Write
                0x000000000010f710       0x60 /opt/devkitpro/libctru/lib/libctru.a(fs.o)
                0x000000000010f710                FSFILE_Write
 .text.FSFILE_GetSize
                0x000000000010f770       0x3c /opt/devkitpro/libctru/lib/libctru.a(fs.o)
                0x000000000010f770                FSFILE_GetSize
 .text.FSFILE_SetSize
                0x000000000010f7ac       0x28 /opt/devkitpro/libctru/lib/libctru.a(fs.o)
                0x000000000010f7ac                FSFILE_SetSize
 .text.FSFILE_Close
                0x000000000010f7d4       0x3c /opt/devkitpro/libctru/lib/libctru.a(fs.o)
                0x000000000010f7d4                FSFILE_Close
 .text.FSFILE_Flush
                0x000000000010f810       0x24 /opt/devkitpro/libctru/lib/libctru.a(fs.o)
                0x000000000010f810                FSFILE_Flush
 .text.FSDIR_Read
                0x000000000010f834       0x50 /opt/devkitpro/libctru/lib/libctru.a(fs.o)
                0x000000000010f834                FSDIR_Read
 .text.FSDIR_Close
                0x000000000010f884       0x3c /opt/devkitpro/libctru/lib/libctru.a(fs.o)
                0x000000000010f884                FSDIR_Close
 .text.rbtree_init
                0x000000000010f8c0       0x10 /opt/devkitpro/libctru/lib/libctru.a(rbtree_init.o)
                0x000000000010f8c0                rbtree_init
 .text.do_insert
                0x000000000010f8d0      0x1b4 /opt/devkitpro/libctru/lib/libctru.a(rbtree_insert.o)
 .text.rbtree_insert
                0x000000000010fa84        0x8 /opt/devkitpro/libctru/lib/libctru.a(rbtree_insert.o)
                0x000000000010fa84                rbtree_insert
 .text.rbtree_rotate
                0x000000000010fa8c       0x90 /opt/devkitpro/libctru/lib/libctru.a(rbtree_rotate.o)
                0x000000000010fa8c                rbtree_rotate
 .text.rbtree_remove
                0x000000000010fb1c      0x318 /opt/devkitpro/libctru/lib/libctru.a(rbtree_remove.o)
                0x000000000010fb1c                rbtree_remove
 .text.rbtree_find
                0x000000000010fe34       0x74 /opt/devkitpro/libctru/lib/libctru.a(rbtree_find.o)
                0x000000000010fe34                rbtree_find
 .text.utf16_to_utf8
                0x000000000010fea8       0xe8 /opt/devkitpro/libctru/lib/libctru.a(utf16_to_utf8.o)
                0x000000000010fea8                utf16_to_utf8
 .text.decode_utf16
                0x000000000010ff90       0x64 /opt/devkitpro/libctru/lib/libctru.a(decode_utf16.o)
                0x000000000010ff90                decode_utf16
 .text.decode_utf8
                0x000000000010fff4      0x13c /opt/devkitpro/libctru/lib/libctru.a(decode_utf8.o)
                0x000000000010fff4                decode_utf8
 .text.utf8_to_utf16
                0x0000000000110130       0xc0 /opt/devkitpro/libctru/lib/libctru.a(utf8_to_utf16.o)
                0x0000000000110130                utf8_to_utf16
 .text.__system_allocateHeaps
                0x00000000001101f0      0x1e0 /opt/devkitpro/libctru/lib/libctru.a(allocateHeaps.o)
                0x00000000001101f0                __system_allocateHeaps
 .text.__libctru_init
                0x00000000001103d0       0x38 /opt/devkitpro/libctru/lib/libctru.a(ctru_init.o)
                0x00000000001103d0                __libctru_init
 .text.__system_initArgv
                0x0000000000110408      0x170 /opt/devkitpro/libctru/lib/libctru.a(initArgv.o)
                0x0000000000110408                __system_initArgv
 .text.svcControlMemory
                0x0000000000110578       0x20 /opt/devkitpro/libctru/lib/libctru.a(svc.o)
                0x0000000000110578                svcControlMemory
 .text.svcQueryMemory
                0x0000000000110598       0x30 /opt/devkitpro/libctru/lib/libctru.a(svc.o)
                0x0000000000110598                svcQueryMemory
 .text.svcExitProcess
                0x00000000001105c8        0x8 /opt/devkitpro/libctru/lib/libctru.a(svc.o)
                0x00000000001105c8                svcExitProcess
 .text.svcCreateThread
                0x00000000001105d0       0x20 /opt/devkitpro/libctru/lib/libctru.a(svc.o)
                0x00000000001105d0                svcCreateThread
 .text.svcExitThread
                0x00000000001105f0        0x8 /opt/devkitpro/libctru/lib/libctru.a(svc.o)
                0x00000000001105f0                svcExitThread
 .text.svcSleepThread
                0x00000000001105f8        0x8 /opt/devkitpro/libctru/lib/libctru.a(svc.o)
                0x00000000001105f8                svcSleepThread
 .text.svcReleaseMutex
                0x0000000000110600        0x8 /opt/devkitpro/libctru/lib/libctru.a(svc.o)
                0x0000000000110600                svcReleaseMutex
 .text.svcCreateEvent
                0x0000000000110608       0x14 /opt/devkitpro/libctru/lib/libctru.a(svc.o)
                0x0000000000110608                svcCreateEvent
 .text.svcSignalEvent
                0x000000000011061c        0x8 /opt/devkitpro/libctru/lib/libctru.a(svc.o)
                0x000000000011061c                svcSignalEvent
 .text.svcClearEvent
                0x0000000000110624        0x8 /opt/devkitpro/libctru/lib/libctru.a(svc.o)
                0x0000000000110624                svcClearEvent
 .text.svcMapMemoryBlock
                0x000000000011062c        0x8 /opt/devkitpro/libctru/lib/libctru.a(svc.o)
                0x000000000011062c                svcMapMemoryBlock
 .text.svcUnmapMemoryBlock
                0x0000000000110634        0x8 /opt/devkitpro/libctru/lib/libctru.a(svc.o)
                0x0000000000110634                svcUnmapMemoryBlock
 .text.svcCreateAddressArbiter
                0x000000000011063c       0x14 /opt/devkitpro/libctru/lib/libctru.a(svc.o)
                0x000000000011063c                svcCreateAddressArbiter
 .text.svcArbitrateAddressNoTimeout
                0x0000000000110650        0x8 /opt/devkitpro/libctru/lib/libctru.a(svc.o)
                0x0000000000110650                svcArbitrateAddressNoTimeout
 .text.svcCloseHandle
                0x0000000000110658        0x8 /opt/devkitpro/libctru/lib/libctru.a(svc.o)
                0x0000000000110658                svcCloseHandle
 .text.svcWaitSynchronization
                0x0000000000110660        0x8 /opt/devkitpro/libctru/lib/libctru.a(svc.o)
                0x0000000000110660                svcWaitSynchronization
 .text.svcWaitSynchronizationN
                0x0000000000110668       0x28 /opt/devkitpro/libctru/lib/libctru.a(svc.o)
                0x0000000000110668                svcWaitSynchronizationN
 .text.svcDuplicateHandle
                0x0000000000110690       0x14 /opt/devkitpro/libctru/lib/libctru.a(svc.o)
                0x0000000000110690                svcDuplicateHandle
 .text.svcGetSystemTick
                0x00000000001106a4        0x8 /opt/devkitpro/libctru/lib/libctru.a(svc.o)
                0x00000000001106a4                svcGetSystemTick
 .text.svcConnectToPort
                0x00000000001106ac       0x14 /opt/devkitpro/libctru/lib/libctru.a(svc.o)
                0x00000000001106ac                svcConnectToPort
 .text.svcSendSyncRequest
                0x00000000001106c0        0x8 /opt/devkitpro/libctru/lib/libctru.a(svc.o)
                0x00000000001106c0                svcSendSyncRequest
 .text.svcGetResourceLimit
                0x00000000001106c8       0x14 /opt/devkitpro/libctru/lib/libctru.a(svc.o)
                0x00000000001106c8                svcGetResourceLimit
 .text.svcGetResourceLimitLimitValues
                0x00000000001106dc        0x8 /opt/devkitpro/libctru/lib/libctru.a(svc.o)
                0x00000000001106dc                svcGetResourceLimitLimitValues
 .text.svcGetResourceLimitCurrentValues
                0x00000000001106e4        0x8 /opt/devkitpro/libctru/lib/libctru.a(svc.o)
                0x00000000001106e4                svcGetResourceLimitCurrentValues
 .text.svcBreak
                0x00000000001106ec        0x8 /opt/devkitpro/libctru/lib/libctru.a(svc.o)
                0x00000000001106ec                svcBreak
 .text.initSystem
                0x00000000001106f4       0x50 /opt/devkitpro/libctru/lib/libctru.a(stack_adjust.o)
                0x00000000001106f4                initSystem
 .text.__ctru_exit
                0x0000000000110744       0x18 /opt/devkitpro/libctru/lib/libctru.a(stack_adjust.o)
                0x0000000000110744                __ctru_exit
 .text.__aeabi_read_tp
                0x000000000011075c        0xc /opt/devkitpro/libctru/lib/libctru.a(readtp.o)
                0x000000000011075c                __aeabi_read_tp
 .text.__sync_init
                0x0000000000110768        0xc /opt/devkitpro/libctru/lib/libctru.a(synchronization.o)
                0x0000000000110768                __sync_init
 .text.__sync_fini
                0x0000000000110774       0x18 /opt/devkitpro/libctru/lib/libctru.a(synchronization.o)
                0x0000000000110774                __sync_fini
 .text.syncArbitrateAddress
                0x000000000011078c       0x2c /opt/devkitpro/libctru/lib/libctru.a(synchronization.o)
                0x000000000011078c                syncArbitrateAddress
 .text.LightLock_Lock
                0x00000000001107b8       0xb0 /opt/devkitpro/libctru/lib/libctru.a(synchronization.o)
                0x00000000001107b8                LightLock_Lock
 .text.LightLock_Unlock
                0x0000000000110868       0x40 /opt/devkitpro/libctru/lib/libctru.a(synchronization.o)
                0x0000000000110868                LightLock_Unlock
 .text.RecursiveLock_Init
                0x00000000001108a8       0x24 /opt/devkitpro/libctru/lib/libctru.a(synchronization.o)
                0x00000000001108a8                RecursiveLock_Init
 .text.RecursiveLock_Lock
                0x00000000001108cc       0x30 /opt/devkitpro/libctru/lib/libctru.a(synchronization.o)
                0x00000000001108cc                RecursiveLock_Lock
 .text.RecursiveLock_Unlock
                0x00000000001108fc       0x54 /opt/devkitpro/libctru/lib/libctru.a(synchronization.o)
                0x00000000001108fc                RecursiveLock_Unlock
 .text.LightEvent_Init
                0x0000000000110950       0x40 /opt/devkitpro/libctru/lib/libctru.a(synchronization.o)
                0x0000000000110950                LightEvent_Init
 .text.LightEvent_Clear
                0x0000000000110990       0xa4 /opt/devkitpro/libctru/lib/libctru.a(synchronization.o)
                0x0000000000110990                LightEvent_Clear
 .text.LightEvent_Signal
                0x0000000000110a34       0xc8 /opt/devkitpro/libctru/lib/libctru.a(synchronization.o)
                0x0000000000110a34                LightEvent_Signal
 .text.LightEvent_TryWait
                0x0000000000110afc       0x50 /opt/devkitpro/libctru/lib/libctru.a(synchronization.o)
                0x0000000000110afc                LightEvent_TryWait
 .text.LightEvent_Wait
                0x0000000000110b4c       0xb0 /opt/devkitpro/libctru/lib/libctru.a(synchronization.o)
                0x0000000000110b4c                LightEvent_Wait
 .text.envGetHandle
                0x0000000000110bfc       0x84 /opt/devkitpro/libctru/lib/libctru.a(env.o)
                0x0000000000110bfc                envGetHandle
 .text.envDestroyHandles
                0x0000000000110c80       0x50 /opt/devkitpro/libctru/lib/libctru.a(env.o)
                0x0000000000110c80                envDestroyHandles
 .text.threadCreate
                0x0000000000110cd0      0x178 /opt/devkitpro/libctru/lib/libctru.a(thread.o)
                0x0000000000110cd0                threadCreate
 .text.threadFree
                0x0000000000110e48       0x2c /opt/devkitpro/libctru/lib/libctru.a(thread.o)
                0x0000000000110e48                threadFree
 .text.threadJoin
                0x0000000000110e74       0x24 /opt/devkitpro/libctru/lib/libctru.a(thread.o)
                0x0000000000110e74                threadJoin
 .text.threadGetCurrent
                0x0000000000110e98       0x30 /opt/devkitpro/libctru/lib/libctru.a(thread.o)
                0x0000000000110e98                threadGetCurrent
 .text.threadExit
                0x0000000000110ec8       0x40 /opt/devkitpro/libctru/lib/libctru.a(thread.o)
                0x0000000000110ec8                threadExit
 .text._thread_begin
                0x0000000000110f08       0x20 /opt/devkitpro/libctru/lib/libctru.a(thread.o)
 .text.mappableFindAddressWithin
                0x0000000000110f28       0xb4 /opt/devkitpro/libctru/lib/libctru.a(mappable.o)
 .text.mappableInit
                0x0000000000110fdc       0x28 /opt/devkitpro/libctru/lib/libctru.a(mappable.o)
                0x0000000000110fdc                mappableInit
 .text.mappableAlloc
                0x0000000000111004       0x80 /opt/devkitpro/libctru/lib/libctru.a(mappable.o)
                0x0000000000111004                mappableAlloc
 .text.mappableFree
                0x0000000000111084        0x4 /opt/devkitpro/libctru/lib/libctru.a(mappable.o)
                0x0000000000111084                mappableFree
 .text.irrstInit
                0x0000000000111088      0x164 /opt/devkitpro/libctru/lib/libctru.a(irrst.o)
                0x0000000000111088                irrstInit
 .text.irrstExit
                0x00000000001111ec       0xcc /opt/devkitpro/libctru/lib/libctru.a(irrst.o)
                0x00000000001111ec                irrstExit
 .text.irrstScanInput
                0x00000000001112b8       0xb4 /opt/devkitpro/libctru/lib/libctru.a(irrst.o)
                0x00000000001112b8                irrstScanInput
 .text.irrstKeysHeld
                0x000000000011136c       0x24 /opt/devkitpro/libctru/lib/libctru.a(irrst.o)
                0x000000000011136c                irrstKeysHeld
 .text.rbtree_node_next
                0x0000000000111390       0x5c /opt/devkitpro/libctru/lib/libctru.a(rbtree_iterator.o)
                0x0000000000111390                rbtree_node_next
 .text.encode_utf16
                0x00000000001113ec       0x54 /opt/devkitpro/libctru/lib/libctru.a(encode_utf16.o)
                0x00000000001113ec                encode_utf16
 .text.encode_utf8
                0x0000000000111440       0xe0 /opt/devkitpro/libctru/lib/libctru.a(encode_utf8.o)
                0x0000000000111440                encode_utf8
 .text.__appInit
                0x0000000000111520       0x30 /opt/devkitpro/libctru/lib/libctru.a(appInit.o)
                0x0000000000111520                __appInit
 .text.__syscall_getreent
                0x0000000000111550       0x30 /opt/devkitpro/libctru/lib/libctru.a(syscalls.o)
                0x0000000000111550                __syscall_getreent
 .text.__syscall_gettod_r
                0x0000000000111580       0x74 /opt/devkitpro/libctru/lib/libctru.a(syscalls.o)
                0x0000000000111580                __syscall_gettod_r
 .text.__syscall_lock_acquire
                0x00000000001115f4        0x4 /opt/devkitpro/libctru/lib/libctru.a(syscalls.o)
                0x00000000001115f4                __syscall_lock_acquire
 .text.__syscall_lock_release
                0x00000000001115f8        0x4 /opt/devkitpro/libctru/lib/libctru.a(syscalls.o)
                0x00000000001115f8                __syscall_lock_release
 .text.__syscall_lock_init_recursive
                0x00000000001115fc        0x4 /opt/devkitpro/libctru/lib/libctru.a(syscalls.o)
                0x00000000001115fc                __syscall_lock_init_recursive
 .text.__syscall_lock_acquire_recursive
                0x0000000000111600        0x4 /opt/devkitpro/libctru/lib/libctru.a(syscalls.o)
                0x0000000000111600                __syscall_lock_acquire_recursive
 .text.__syscall_lock_release_recursive
                0x0000000000111604        0x4 /opt/devkitpro/libctru/lib/libctru.a(syscalls.o)
                0x0000000000111604                __syscall_lock_release_recursive
 .text.__syscall_exit
                0x0000000000111608        0x4 /opt/devkitpro/libctru/lib/libctru.a(syscalls.o)
                0x0000000000111608                __syscall_exit
 .text.initThreadVars
                0x000000000011160c       0x50 /opt/devkitpro/libctru/lib/libctru.a(syscalls.o)
                0x000000000011160c                initThreadVars
 .text.__system_initSyscalls
                0x000000000011165c       0x68 /opt/devkitpro/libctru/lib/libctru.a(syscalls.o)
                0x000000000011165c                __system_initSyscalls
 .text.__appExit
                0x00000000001116c4       0x30 /opt/devkitpro/libctru/lib/libctru.a(appExit.o)
                0x00000000001116c4                __appExit
 .text.__libctru_exit
                0x00000000001116f4       0x90 /opt/devkitpro/libctru/lib/libctru.a(ctru_exit.o)
                0x00000000001116f4                __libctru_exit
 .text.archive_link
                0x0000000000111784       0x14 /opt/devkitpro/libctru/lib/libctru.a(archive_dev.o)
 .text.archive_dirreset
                0x0000000000111798       0x14 /opt/devkitpro/libctru/lib/libctru.a(archive_dev.o)
 .text.archive_chmod
                0x00000000001117ac       0x14 /opt/devkitpro/libctru/lib/libctru.a(archive_dev.o)
 .text.error_cmp
                0x00000000001117c0       0x24 /opt/devkitpro/libctru/lib/libctru.a(archive_dev.o)
 .text.archive_translate_error
                0x00000000001117e4       0x50 /opt/devkitpro/libctru/lib/libctru.a(archive_dev.o)
 .text.archive_seek
                0x0000000000111834       0xc8 /opt/devkitpro/libctru/lib/libctru.a(archive_dev.o)
 .text._archiveInit.part.0
                0x00000000001118fc       0x7c /opt/devkitpro/libctru/lib/libctru.a(archive_dev.o)
 .text.archiveFindDevice.part.0
                0x0000000000111978       0xc4 /opt/devkitpro/libctru/lib/libctru.a(archive_dev.o)
 .text.archive_utf16path
                0x0000000000111a3c      0x25c /opt/devkitpro/libctru/lib/libctru.a(archive_dev.o)
 .text._archiveUnmountDeviceStruct.part.0
                0x0000000000111c98       0xa0 /opt/devkitpro/libctru/lib/libctru.a(archive_dev.o)
 .text.archive_fchmod
                0x0000000000111d38       0x14 /opt/devkitpro/libctru/lib/libctru.a(archive_dev.o)
 .text.archive_statvfs
                0x0000000000111d4c       0x14 /opt/devkitpro/libctru/lib/libctru.a(archive_dev.o)
 .text._archiveMountDevice
                0x0000000000111d60      0x164 /opt/devkitpro/libctru/lib/libctru.a(archive_dev.o)
 .text.archive_diropen
                0x0000000000111ec4       0xe8 /opt/devkitpro/libctru/lib/libctru.a(archive_dev.o)
 .text.archive_fstat
                0x0000000000111fac       0xa4 /opt/devkitpro/libctru/lib/libctru.a(archive_dev.o)
 .text.archive_close
                0x0000000000112050       0x6c /opt/devkitpro/libctru/lib/libctru.a(archive_dev.o)
 .text.archive_fsync
                0x00000000001120bc       0x6c /opt/devkitpro/libctru/lib/libctru.a(archive_dev.o)
 .text.archive_dirclose
                0x0000000000112128       0x70 /opt/devkitpro/libctru/lib/libctru.a(archive_dev.o)
 .text.sdmc_statvfs
                0x0000000000112198       0xe8 /opt/devkitpro/libctru/lib/libctru.a(archive_dev.o)
 .text.archive_chdir
                0x0000000000112280       0xec /opt/devkitpro/libctru/lib/libctru.a(archive_dev.o)
 .text.archive_ftruncate
                0x000000000011236c       0x7c /opt/devkitpro/libctru/lib/libctru.a(archive_dev.o)
 .text.archive_read
                0x00000000001123e8       0xac /opt/devkitpro/libctru/lib/libctru.a(archive_dev.o)
 .text.archive_unlink
                0x0000000000112494       0xa4 /opt/devkitpro/libctru/lib/libctru.a(archive_dev.o)
 .text.archive_rmdir
                0x0000000000112538       0xbc /opt/devkitpro/libctru/lib/libctru.a(archive_dev.o)
 .text.archive_mkdir
                0x00000000001125f4       0xdc /opt/devkitpro/libctru/lib/libctru.a(archive_dev.o)
 .text.archive_stat
                0x00000000001126d0      0x19c /opt/devkitpro/libctru/lib/libctru.a(archive_dev.o)
 .text.archive_dirnext
                0x000000000011286c      0x15c /opt/devkitpro/libctru/lib/libctru.a(archive_dev.o)
 .text.archive_write
                0x00000000001129c8       0xec /opt/devkitpro/libctru/lib/libctru.a(archive_dev.o)
 .text.archive_open
                0x0000000000112ab4      0x1d4 /opt/devkitpro/libctru/lib/libctru.a(archive_dev.o)
 .text.archive_rename
                0x0000000000112c88      0x278 /opt/devkitpro/libctru/lib/libctru.a(archive_dev.o)
 .text.archiveMountSdmc
                0x0000000000112f00      0x19c /opt/devkitpro/libctru/lib/libctru.a(archive_dev.o)
                0x0000000000112f00                archiveMountSdmc
 .text.archiveUnmountAll
                0x000000000011309c       0x54 /opt/devkitpro/libctru/lib/libctru.a(archive_dev.o)
                0x000000000011309c                archiveUnmountAll
 .text.ceilf    0x00000000001130f0       0xb8 /opt/devkitpro/devkitARM/bin/../lib/gcc/arm-none-eabi/12.2.0/../../../../arm-none-eabi/lib/armv6k/fpu/libm.a(lib_a-sf_ceil.o)
                0x00000000001130f0                ceilf
 .text.__udivmoddi4
                0x00000000001131a8      0x120 /opt/devkitpro/devkitARM/bin/../lib/gcc/arm-none-eabi/12.2.0/armv6k/fpu/libgcc.a(_udivmoddi4.o)
                0x00000000001131a8                __udivmoddi4
 .text.bsearch  0x00000000001132c8       0x78 /opt/devkitpro/devkitARM/bin/../lib/gcc/arm-none-eabi/12.2.0/../../../../arm-none-eabi/lib/armv6k/fpu/libg.a(lib_a-bsearch.o)
                0x00000000001132c8                bsearch
 .text.calloc   0x0000000000113340       0x20 /opt/devkitpro/devkitARM/bin/../lib/gcc/arm-none-eabi/12.2.0/../../../../arm-none-eabi/lib/armv6k/fpu/libg.a(lib_a-calloc.o)
                0x0000000000113340                calloc
 .text._calloc_r
                0x0000000000113360       0xc0 /opt/devkitpro/devkitARM/bin/../lib/gcc/arm-none-eabi/12.2.0/../../../../arm-none-eabi/lib/armv6k/fpu/libg.a(lib_a-callocr.o)
                0x0000000000113360                _calloc_r
 .text.__errno  0x0000000000113420        0xc /opt/devkitpro/devkitARM/bin/../lib/gcc/arm-none-eabi/12.2.0/../../../../arm-none-eabi/lib/armv6k/fpu/libg.a(lib_a-errno.o)
                0x0000000000113420                __errno
 .text.exit     0x000000000011342c       0x34 /opt/devkitpro/devkitARM/bin/../lib/gcc/arm-none-eabi/12.2.0/../../../../arm-none-eabi/lib/armv6k/fpu/libg.a(lib_a-exit.o)
                0x000000000011342c                exit
 .text._fclose_r
                0x0000000000113460      0x15c /opt/devkitpro/devkitARM/bin/../lib/gcc/arm-none-eabi/12.2.0/../../../../arm-none-eabi/lib/armv6k/fpu/libg.a(lib_a-fclose.o)
                0x0000000000113460                _fclose_r
 .text.fclose   0x00000000001135bc       0x18 /opt/devkitpro/devkitARM/bin/../lib/gcc/arm-none-eabi/12.2.0/../../../../arm-none-eabi/lib/armv6k/fpu/libg.a(lib_a-fclose.o)
                0x00000000001135bc                fclose
 .text.__sflush_r
                0x00000000001135d4      0x234 /opt/devkitpro/devkitARM/bin/../lib/gcc/arm-none-eabi/12.2.0/../../../../arm-none-eabi/lib/armv6k/fpu/libg.a(lib_a-fflush.o)
                0x00000000001135d4                __sflush_r
 .text._fflush_r
                0x0000000000113808       0x94 /opt/devkitpro/devkitARM/bin/../lib/gcc/arm-none-eabi/12.2.0/../../../../arm-none-eabi/lib/armv6k/fpu/libg.a(lib_a-fflush.o)
                0x0000000000113808                _fflush_r
 .text.fflush   0x000000000011389c       0x38 /opt/devkitpro/devkitARM/bin/../lib/gcc/arm-none-eabi/12.2.0/../../../../arm-none-eabi/lib/armv6k/fpu/libg.a(lib_a-fflush.o)
                0x000000000011389c                fflush
 .text._cleanup_r
                0x00000000001138d4        0xc /opt/devkitpro/devkitARM/bin/../lib/gcc/arm-none-eabi/12.2.0/../../../../arm-none-eabi/lib/armv6k/fpu/libg.a(lib_a-findfp.o)
                0x00000000001138d4                _cleanup_r
 .text.__sinit  0x00000000001138e0      0x184 /opt/devkitpro/devkitARM/bin/../lib/gcc/arm-none-eabi/12.2.0/../../../../arm-none-eabi/lib/armv6k/fpu/libg.a(lib_a-findfp.o)
                0x00000000001138e0                __sinit
 .text.__sfp    0x0000000000113a64      0x134 /opt/devkitpro/devkitARM/bin/../lib/gcc/arm-none-eabi/12.2.0/../../../../arm-none-eabi/lib/armv6k/fpu/libg.a(lib_a-findfp.o)
                0x0000000000113a64                __sfp
 .text.__sfp_lock_acquire
                0x0000000000113b98        0xc /opt/devkitpro/devkitARM/bin/../lib/gcc/arm-none-eabi/12.2.0/../../../../arm-none-eabi/lib/armv6k/fpu/libg.a(lib_a-findfp.o)
                0x0000000000113b98                __sfp_lock_acquire
 .text.__sfp_lock_release
                0x0000000000113ba4        0xc /opt/devkitpro/devkitARM/bin/../lib/gcc/arm-none-eabi/12.2.0/../../../../arm-none-eabi/lib/armv6k/fpu/libg.a(lib_a-findfp.o)
                0x0000000000113ba4                __sfp_lock_release
 .text.__libc_fini_array
                0x0000000000113bb0       0x3c /opt/devkitpro/devkitARM/bin/../lib/gcc/arm-none-eabi/12.2.0/../../../../arm-none-eabi/lib/armv6k/fpu/libg.a(lib_a-fini.o)
                0x0000000000113bb0                __libc_fini_array
 .text._fopen_r
                0x0000000000113bec      0x134 /opt/devkitpro/devkitARM/bin/../lib/gcc/arm-none-eabi/12.2.0/../../../../arm-none-eabi/lib/armv6k/fpu/libg.a(lib_a-fopen.o)
                0x0000000000113bec                _fopen_r
 .text.fopen    0x0000000000113d20       0x20 /opt/devkitpro/devkitARM/bin/../lib/gcc/arm-none-eabi/12.2.0/../../../../arm-none-eabi/lib/armv6k/fpu/libg.a(lib_a-fopen.o)
                0x0000000000113d20                fopen
 .text._fread_r
                0x0000000000113d40      0x2d0 /opt/devkitpro/devkitARM/bin/../lib/gcc/arm-none-eabi/12.2.0/../../../../arm-none-eabi/lib/armv6k/fpu/libg.a(lib_a-fread.o)
                0x0000000000113d40                _fread_r
 .text.fread    0x0000000000114010       0x38 /opt/devkitpro/devkitARM/bin/../lib/gcc/arm-none-eabi/12.2.0/../../../../arm-none-eabi/lib/armv6k/fpu/libg.a(lib_a-fread.o)
                0x0000000000114010                fread
 .text._malloc_trim_r
                0x0000000000114048       0xf8 /opt/devkitpro/devkitARM/bin/../lib/gcc/arm-none-eabi/12.2.0/../../../../arm-none-eabi/lib/armv6k/fpu/libg.a(lib_a-freer.o)
                0x0000000000114048                _malloc_trim_r
 .text._free_r  0x0000000000114140      0x2e8 /opt/devkitpro/devkitARM/bin/../lib/gcc/arm-none-eabi/12.2.0/../../../../arm-none-eabi/lib/armv6k/fpu/libg.a(lib_a-freer.o)
                0x0000000000114140                _free_r
 .text._fseek_r
                0x0000000000114428       0x1c /opt/devkitpro/devkitARM/bin/../lib/gcc/arm-none-eabi/12.2.0/../../../../arm-none-eabi/lib/armv6k/fpu/libg.a(lib_a-fseek.o)
                0x0000000000114428                _fseek_r
 .text.fseek    0x0000000000114444       0x34 /opt/devkitpro/devkitARM/bin/../lib/gcc/arm-none-eabi/12.2.0/../../../../arm-none-eabi/lib/armv6k/fpu/libg.a(lib_a-fseek.o)
                0x0000000000114444                fseek
 .text._fseeko_r
                0x0000000000114478      0x590 /opt/devkitpro/devkitARM/bin/../lib/gcc/arm-none-eabi/12.2.0/../../../../arm-none-eabi/lib/armv6k/fpu/libg.a(lib_a-fseeko.o)
                0x0000000000114478                _fseeko_r
 .text.ftell    0x0000000000114a08       0x2c /opt/devkitpro/devkitARM/bin/../lib/gcc/arm-none-eabi/12.2.0/../../../../arm-none-eabi/lib/armv6k/fpu/libg.a(lib_a-ftell.o)
                0x0000000000114a08                ftell
 .text._ftello_r
                0x0000000000114a34      0x1b4 /opt/devkitpro/devkitARM/bin/../lib/gcc/arm-none-eabi/12.2.0/../../../../arm-none-eabi/lib/armv6k/fpu/libg.a(lib_a-ftello.o)
                0x0000000000114a34                _ftello_r
 .text._fwalk   0x0000000000114be8       0x68 /opt/devkitpro/devkitARM/bin/../lib/gcc/arm-none-eabi/12.2.0/../../../../arm-none-eabi/lib/armv6k/fpu/libg.a(lib_a-fwalk.o)
                0x0000000000114be8                _fwalk
 .text._fwalk_reent
                0x0000000000114c50       0x70 /opt/devkitpro/devkitARM/bin/../lib/gcc/arm-none-eabi/12.2.0/../../../../arm-none-eabi/lib/armv6k/fpu/libg.a(lib_a-fwalk.o)
                0x0000000000114c50                _fwalk_reent
 .text.__libc_init_array
                0x0000000000114cc0       0x84 /opt/devkitpro/devkitARM/bin/../lib/gcc/arm-none-eabi/12.2.0/../../../../arm-none-eabi/lib/armv6k/fpu/libg.a(lib_a-init.o)
                0x0000000000114cc0                __libc_init_array
 .text.__smakebuf_r
                0x0000000000114d44      0x138 /opt/devkitpro/devkitARM/bin/../lib/gcc/arm-none-eabi/12.2.0/../../../../arm-none-eabi/lib/armv6k/fpu/libg.a(lib_a-makebuf.o)
                0x0000000000114d44                __smakebuf_r
 .text.memalign
                0x0000000000114e7c       0x20 /opt/devkitpro/devkitARM/bin/../lib/gcc/arm-none-eabi/12.2.0/../../../../arm-none-eabi/lib/armv6k/fpu/libg.a(lib_a-malign.o)
                0x0000000000114e7c                memalign
 .text._memalign_r
                0x0000000000114e9c      0x14c /opt/devkitpro/devkitARM/bin/../lib/gcc/arm-none-eabi/12.2.0/../../../../arm-none-eabi/lib/armv6k/fpu/libg.a(lib_a-malignr.o)
                0x0000000000114e9c                _memalign_r
 .text.malloc   0x0000000000114fe8       0x18 /opt/devkitpro/devkitARM/bin/../lib/gcc/arm-none-eabi/12.2.0/../../../../arm-none-eabi/lib/armv6k/fpu/libg.a(lib_a-malloc.o)
                0x0000000000114fe8                malloc
 .text.free     0x0000000000115000       0x18 /opt/devkitpro/devkitARM/bin/../lib/gcc/arm-none-eabi/12.2.0/../../../../arm-none-eabi/lib/armv6k/fpu/libg.a(lib_a-malloc.o)
                0x0000000000115000                free
 .text._malloc_r
                0x0000000000115018      0x7e4 /opt/devkitpro/devkitARM/bin/../lib/gcc/arm-none-eabi/12.2.0/../../../../arm-none-eabi/lib/armv6k/fpu/libg.a(lib_a-mallocr.o)
                0x0000000000115018                _malloc_r
 .text.memcmp   0x00000000001157fc       0xb0 /opt/devkitpro/devkitARM/bin/../lib/gcc/arm-none-eabi/12.2.0/../../../../arm-none-eabi/lib/armv6k/fpu/libg.a(lib_a-memcmp.o)
                0x00000000001157fc                memcmp
 .text.memcpy   0x00000000001158ac      0x118 /opt/devkitpro/devkitARM/bin/../lib/gcc/arm-none-eabi/12.2.0/../../../../arm-none-eabi/lib/armv6k/fpu/libg.a(lib_a-memcpy-stub.o)
                0x00000000001158ac                memcpy
 .text.memset   0x00000000001159c4       0xf4 /opt/devkitpro/devkitARM/bin/../lib/gcc/arm-none-eabi/12.2.0/../../../../arm-none-eabi/lib/armv6k/fpu/libg.a(lib_a-memset.o)
                0x00000000001159c4                memset
 .text.__malloc_lock
                0x0000000000115ab8        0xc /opt/devkitpro/devkitARM/bin/../lib/gcc/arm-none-eabi/12.2.0/../../../../arm-none-eabi/lib/armv6k/fpu/libg.a(lib_a-mlock.o)
                0x0000000000115ab8                __malloc_lock
 .text.__malloc_unlock
                0x0000000000115ac4        0xc /opt/devkitpro/devkitARM/bin/../lib/gcc/arm-none-eabi/12.2.0/../../../../arm-none-eabi/lib/armv6k/fpu/libg.a(lib_a-mlock.o)
                0x0000000000115ac4                __malloc_unlock
 .text._puts_r  0x0000000000115ad0       0xe0 /opt/devkitpro/devkitARM/bin/../lib/gcc/arm-none-eabi/12.2.0/../../../../arm-none-eabi/lib/armv6k/fpu/libg.a(lib_a-puts.o)
                0x0000000000115ad0                _puts_r
 .text.puts     0x0000000000115bb0       0x18 /opt/devkitpro/devkitARM/bin/../lib/gcc/arm-none-eabi/12.2.0/../../../../arm-none-eabi/lib/armv6k/fpu/libg.a(lib_a-puts.o)
                0x0000000000115bb0                puts
 .text.qsort    0x0000000000115bc8      0xa04 /opt/devkitpro/devkitARM/bin/../lib/gcc/arm-none-eabi/12.2.0/../../../../arm-none-eabi/lib/armv6k/fpu/libg.a(lib_a-qsort.o)
                0x0000000000115bc8                qsort
 .text._realloc_r
                0x00000000001165cc      0x4a0 /opt/devkitpro/devkitARM/bin/../lib/gcc/arm-none-eabi/12.2.0/../../../../arm-none-eabi/lib/armv6k/fpu/libg.a(lib_a-reallocr.o)
                0x00000000001165cc                _realloc_r
 .text.lflush   0x0000000000116a6c       0x1c /opt/devkitpro/devkitARM/bin/../lib/gcc/arm-none-eabi/12.2.0/../../../../arm-none-eabi/lib/armv6k/fpu/libg.a(lib_a-refill.o)
 .text.__srefill_r
                0x0000000000116a88      0x198 /opt/devkitpro/devkitARM/bin/../lib/gcc/arm-none-eabi/12.2.0/../../../../arm-none-eabi/lib/armv6k/fpu/libg.a(lib_a-refill.o)
                0x0000000000116a88                __srefill_r
 .text.snprintf
                0x0000000000116c20       0xcc /opt/devkitpro/devkitARM/bin/../lib/gcc/arm-none-eabi/12.2.0/../../../../arm-none-eabi/lib/armv6k/fpu/libg.a(lib_a-snprintf.o)
                0x0000000000116c20                snprintf
 .text.sprintf  0x0000000000116cec       0x64 /opt/devkitpro/devkitARM/bin/../lib/gcc/arm-none-eabi/12.2.0/../../../../arm-none-eabi/lib/armv6k/fpu/libg.a(lib_a-sprintf.o)
                0x0000000000116cec                sprintf
 .text.__sread  0x0000000000116d50       0x44 /opt/devkitpro/devkitARM/bin/../lib/gcc/arm-none-eabi/12.2.0/../../../../arm-none-eabi/lib/armv6k/fpu/libg.a(lib_a-stdio.o)
                0x0000000000116d50                __sread
 .text.__swrite
                0x0000000000116d94       0x68 /opt/devkitpro/devkitARM/bin/../lib/gcc/arm-none-eabi/12.2.0/../../../../arm-none-eabi/lib/armv6k/fpu/libg.a(lib_a-stdio.o)
                0x0000000000116d94                __swrite
 .text.__sseek  0x0000000000116dfc       0x44 /opt/devkitpro/devkitARM/bin/../lib/gcc/arm-none-eabi/12.2.0/../../../../arm-none-eabi/lib/armv6k/fpu/libg.a(lib_a-stdio.o)
                0x0000000000116dfc                __sseek
 .text.__sclose
                0x0000000000116e40        0x8 /opt/devkitpro/devkitARM/bin/../lib/gcc/arm-none-eabi/12.2.0/../../../../arm-none-eabi/lib/armv6k/fpu/libg.a(lib_a-stdio.o)
                0x0000000000116e40                __sclose
 .text.strchr   0x0000000000116e48      0x130 /opt/devkitpro/devkitARM/bin/../lib/gcc/arm-none-eabi/12.2.0/../../../../arm-none-eabi/lib/armv6k/fpu/libg.a(lib_a-strchr.o)
                0x0000000000116e48                strchr
 .text.strlen   0x0000000000116f78       0x5c /opt/devkitpro/devkitARM/bin/../lib/gcc/arm-none-eabi/12.2.0/../../../../arm-none-eabi/lib/armv6k/fpu/libg.a(lib_a-strlen-stub.o)
                0x0000000000116f78                strlen
 .text.strncat  0x0000000000116fd4       0xe4 /opt/devkitpro/devkitARM/bin/../lib/gcc/arm-none-eabi/12.2.0/../../../../arm-none-eabi/lib/armv6k/fpu/libg.a(lib_a-strncat.o)
                0x0000000000116fd4                strncat
 .text.strncmp  0x00000000001170b8       0xe4 /opt/devkitpro/devkitARM/bin/../lib/gcc/arm-none-eabi/12.2.0/../../../../arm-none-eabi/lib/armv6k/fpu/libg.a(lib_a-strncmp.o)
                0x00000000001170b8                strncmp
 .text.strncpy  0x000000000011719c       0xc4 /opt/devkitpro/devkitARM/bin/../lib/gcc/arm-none-eabi/12.2.0/../../../../arm-none-eabi/lib/armv6k/fpu/libg.a(lib_a-strncpy.o)
                0x000000000011719c                strncpy
 .text.strnlen  0x0000000000117260       0x48 /opt/devkitpro/devkitARM/bin/../lib/gcc/arm-none-eabi/12.2.0/../../../../arm-none-eabi/lib/armv6k/fpu/libg.a(lib_a-strnlen.o)
                0x0000000000117260                strnlen
 .text._strtoul_l.constprop.0
                0x00000000001172a8      0x1c4 /opt/devkitpro/devkitARM/bin/../lib/gcc/arm-none-eabi/12.2.0/../../../../arm-none-eabi/lib/armv6k/fpu/libg.a(lib_a-strtoul.o)
 .text.strtoul  0x000000000011746c       0x28 /opt/devkitpro/devkitARM/bin/../lib/gcc/arm-none-eabi/12.2.0/../../../../arm-none-eabi/lib/armv6k/fpu/libg.a(lib_a-strtoul.o)
                0x000000000011746c                strtoul
 .text.get_arg  0x0000000000117494      0x66c /opt/devkitpro/devkitARM/bin/../lib/gcc/arm-none-eabi/12.2.0/../../../../arm-none-eabi/lib/armv6k/fpu/libg.a(lib_a-svfprintf.o)
 .text._svfprintf_r
                0x0000000000117b00     0x3334 /opt/devkitpro/devkitARM/bin/../lib/gcc/arm-none-eabi/12.2.0/../../../../arm-none-eabi/lib/armv6k/fpu/libg.a(lib_a-svfprintf.o)
                0x0000000000117b00                _svfprintf_r
 .text.time     0x000000000011ae34       0x3c /opt/devkitpro/devkitARM/bin/../lib/gcc/arm-none-eabi/12.2.0/../../../../arm-none-eabi/lib/armv6k/fpu/libg.a(lib_a-time.o)
                0x000000000011ae34                time
 .text._wcrtomb_r
                0x000000000011ae70       0x54 /opt/devkitpro/devkitARM/bin/../lib/gcc/arm-none-eabi/12.2.0/../../../../arm-none-eabi/lib/armv6k/fpu/libg.a(lib_a-wcrtomb.o)
                0x000000000011ae70                _wcrtomb_r
 .text._wcsrtombs_r
                0x000000000011aec4       0x28 /opt/devkitpro/devkitARM/bin/../lib/gcc/arm-none-eabi/12.2.0/../../../../arm-none-eabi/lib/armv6k/fpu/libg.a(lib_a-wcsrtombs.o)
                0x000000000011aec4                _wcsrtombs_r
 .text.__call_exitprocs
                0x000000000011aeec      0x114 /opt/devkitpro/devkitARM/bin/../lib/gcc/arm-none-eabi/12.2.0/../../../../arm-none-eabi/lib/armv6k/fpu/libg.a(lib_a-__call_atexit.o)
                0x000000000011aeec                __call_exitprocs
 .text.quorem   0x000000000011b000      0x1b0 /opt/devkitpro/devkitARM/bin/../lib/gcc/arm-none-eabi/12.2.0/../../../../arm-none-eabi/lib/armv6k/fpu/libg.a(lib_a-dtoa.o)
 .text._dtoa_r  0x000000000011b1b0     0x11f8 /opt/devkitpro/devkitARM/bin/../lib/gcc/arm-none-eabi/12.2.0/../../../../arm-none-eabi/lib/armv6k/fpu/libg.a(lib_a-dtoa.o)
                0x000000000011b1b0                _dtoa_r
 .text.__sflags
                0x000000000011c3a8       0xc8 /opt/devkitpro/devkitARM/bin/../lib/gcc/arm-none-eabi/12.2.0/../../../../arm-none-eabi/lib/armv6k/fpu/libg.a(lib_a-flags.o)
                0x000000000011c3a8                __sflags
 .text.__sfvwrite_r
                0x000000000011c470      0x4b4 /opt/devkitpro/devkitARM/bin/../lib/gcc/arm-none-eabi/12.2.0/../../../../arm-none-eabi/lib/armv6k/fpu/libg.a(lib_a-fvwrite.o)
                0x000000000011c470                __sfvwrite_r
 .text._localeconv_r
                0x000000000011c924        0xc /opt/devkitpro/devkitARM/bin/../lib/gcc/arm-none-eabi/12.2.0/../../../../arm-none-eabi/lib/armv6k/fpu/libg.a(lib_a-localeconv.o)
                0x000000000011c924                _localeconv_r
 .text.__locale_mb_cur_max
                0x000000000011c930       0x10 /opt/devkitpro/devkitARM/bin/../lib/gcc/arm-none-eabi/12.2.0/../../../../arm-none-eabi/lib/armv6k/fpu/libg.a(lib_a-locale.o)
                0x000000000011c930                __locale_mb_cur_max
 .text.__utf8_mbtowc
                0x000000000011c940      0x2f8 /opt/devkitpro/devkitARM/bin/../lib/gcc/arm-none-eabi/12.2.0/../../../../arm-none-eabi/lib/armv6k/fpu/libg.a(lib_a-mbtowc_r.o)
                0x000000000011c940                __utf8_mbtowc
 .text.memchr   0x000000000011cc38       0xe4 /opt/devkitpro/devkitARM/bin/../lib/gcc/arm-none-eabi/12.2.0/../../../../arm-none-eabi/lib/armv6k/fpu/libg.a(lib_a-memchr-stub.o)
                0x000000000011cc38                memchr
 .text.memmove  0x000000000011cd1c      0x150 /opt/devkitpro/devkitARM/bin/../lib/gcc/arm-none-eabi/12.2.0/../../../../arm-none-eabi/lib/armv6k/fpu/libg.a(lib_a-memmove.o)
                0x000000000011cd1c                memmove
 .text._Balloc  0x000000000011ce6c       0x88 /opt/devkitpro/devkitARM/bin/../lib/gcc/arm-none-eabi/12.2.0/../../../../arm-none-eabi/lib/armv6k/fpu/libg.a(lib_a-mprec.o)
                0x000000000011ce6c                _Balloc
 .text._Bfree   0x000000000011cef4       0x1c /opt/devkitpro/devkitARM/bin/../lib/gcc/arm-none-eabi/12.2.0/../../../../arm-none-eabi/lib/armv6k/fpu/libg.a(lib_a-mprec.o)
                0x000000000011cef4                _Bfree
 .text.__multadd
                0x000000000011cf10       0xf4 /opt/devkitpro/devkitARM/bin/../lib/gcc/arm-none-eabi/12.2.0/../../../../arm-none-eabi/lib/armv6k/fpu/libg.a(lib_a-mprec.o)
                0x000000000011cf10                __multadd
 .text.__hi0bits
                0x000000000011d004       0x60 /opt/devkitpro/devkitARM/bin/../lib/gcc/arm-none-eabi/12.2.0/../../../../arm-none-eabi/lib/armv6k/fpu/libg.a(lib_a-mprec.o)
                0x000000000011d004                __hi0bits
 .text.__lo0bits
                0x000000000011d064       0x9c /opt/devkitpro/devkitARM/bin/../lib/gcc/arm-none-eabi/12.2.0/../../../../arm-none-eabi/lib/armv6k/fpu/libg.a(lib_a-mprec.o)
                0x000000000011d064                __lo0bits
 .text.__i2b    0x000000000011d100       0xa8 /opt/devkitpro/devkitARM/bin/../lib/gcc/arm-none-eabi/12.2.0/../../../../arm-none-eabi/lib/armv6k/fpu/libg.a(lib_a-mprec.o)
                0x000000000011d100                __i2b
 .text.__multiply
                0x000000000011d1a8      0x204 /opt/devkitpro/devkitARM/bin/../lib/gcc/arm-none-eabi/12.2.0/../../../../arm-none-eabi/lib/armv6k/fpu/libg.a(lib_a-mprec.o)
                0x000000000011d1a8                __multiply
 .text.__pow5mult
                0x000000000011d3ac      0x124 /opt/devkitpro/devkitARM/bin/../lib/gcc/arm-none-eabi/12.2.0/../../../../arm-none-eabi/lib/armv6k/fpu/libg.a(lib_a-mprec.o)
                0x000000000011d3ac                __pow5mult
 .text.__lshift
                0x000000000011d4d0      0x140 /opt/devkitpro/devkitARM/bin/../lib/gcc/arm-none-eabi/12.2.0/../../../../arm-none-eabi/lib/armv6k/fpu/libg.a(lib_a-mprec.o)
                0x000000000011d4d0                __lshift
 .text.__mcmp   0x000000000011d610       0x58 /opt/devkitpro/devkitARM/bin/../lib/gcc/arm-none-eabi/12.2.0/../../../../arm-none-eabi/lib/armv6k/fpu/libg.a(lib_a-mprec.o)
                0x000000000011d610                __mcmp
 .text.__mdiff  0x000000000011d668      0x1ec /opt/devkitpro/devkitARM/bin/../lib/gcc/arm-none-eabi/12.2.0/../../../../arm-none-eabi/lib/armv6k/fpu/libg.a(lib_a-mprec.o)
                0x000000000011d668                __mdiff
 .text.__d2b    0x000000000011d854      0x120 /opt/devkitpro/devkitARM/bin/../lib/gcc/arm-none-eabi/12.2.0/../../../../arm-none-eabi/lib/armv6k/fpu/libg.a(lib_a-mprec.o)
                0x000000000011d854                __d2b
 *fill*         0x000000000011d974        0x4 
 .text.frexp    0x000000000011d978       0x88 /opt/devkitpro/devkitARM/bin/../lib/gcc/arm-none-eabi/12.2.0/../../../../arm-none-eabi/lib/armv6k/fpu/libg.a(lib_a-s_frexp.o)
                0x000000000011d978                frexp
 .text.__ssprint_r
                0x000000000011da00      0x188 /opt/devkitpro/devkitARM/bin/../lib/gcc/arm-none-eabi/12.2.0/../../../../arm-none-eabi/lib/armv6k/fpu/libg.a(lib_a-svfiprintf.o)
                0x000000000011da00                __ssprint_r
 .text._wcsnrtombs_l
                0x000000000011db88      0x188 /opt/devkitpro/devkitARM/bin/../lib/gcc/arm-none-eabi/12.2.0/../../../../arm-none-eabi/lib/armv6k/fpu/libg.a(lib_a-wcsnrtombs.o)
                0x000000000011db88                _wcsnrtombs_l
 .text._wcsnrtombs_r
                0x000000000011dd10       0x4c /opt/devkitpro/devkitARM/bin/../lib/gcc/arm-none-eabi/12.2.0/../../../../arm-none-eabi/lib/armv6k/fpu/libg.a(lib_a-wcsnrtombs.o)
                0x000000000011dd10                _wcsnrtombs_r
 .text.__utf8_wctomb
                0x000000000011dd5c       0xf0 /opt/devkitpro/devkitARM/bin/../lib/gcc/arm-none-eabi/12.2.0/../../../../arm-none-eabi/lib/armv6k/fpu/libg.a(lib_a-wctomb_r.o)
                0x000000000011dd5c                __utf8_wctomb
 .text.__swsetup_r
                0x000000000011de4c      0x13c /opt/devkitpro/devkitARM/bin/../lib/gcc/arm-none-eabi/12.2.0/../../../../arm-none-eabi/lib/armv6k/fpu/libg.a(lib_a-wsetup.o)
                0x000000000011de4c                __swsetup_r
 .text.__assert_func
                0x000000000011df88       0x5c /opt/devkitpro/devkitARM/bin/../lib/gcc/arm-none-eabi/12.2.0/../../../../arm-none-eabi/lib/armv6k/fpu/libg.a(lib_a-assert.o)
                0x000000000011df88                __assert_func
 .text.fiprintf
                0x000000000011dfe4       0x3c /opt/devkitpro/devkitARM/bin/../lib/gcc/arm-none-eabi/12.2.0/../../../../arm-none-eabi/lib/armv6k/fpu/libg.a(lib_a-fiprintf.o)
                0x000000000011dfe4                fiprintf
 .text.get_arg  0x000000000011e020      0x66c /opt/devkitpro/devkitARM/bin/../lib/gcc/arm-none-eabi/12.2.0/../../../../arm-none-eabi/lib/armv6k/fpu/libg.a(lib_a-vfiprintf.o)
 .text.__sprint_r
                0x000000000011e68c       0x30 /opt/devkitpro/devkitARM/bin/../lib/gcc/arm-none-eabi/12.2.0/../../../../arm-none-eabi/lib/armv6k/fpu/libg.a(lib_a-vfiprintf.o)
                0x000000000011e68c                __sprint_r
 .text._vfiprintf_r
                0x000000000011e6bc     0x22ec /opt/devkitpro/devkitARM/bin/../lib/gcc/arm-none-eabi/12.2.0/../../../../arm-none-eabi/lib/armv6k/fpu/libg.a(lib_a-vfiprintf.o)
                0x000000000011e6bc                _vfiprintf_r
 .text.__sbprintf
                0x00000000001209a8       0xd0 /opt/devkitpro/devkitARM/bin/../lib/gcc/arm-none-eabi/12.2.0/../../../../arm-none-eabi/lib/armv6k/fpu/libg.a(lib_a-vfiprintf.o)
 .text.abort    0x0000000000120a78       0x14 /opt/devkitpro/devkitARM/bin/../lib/gcc/arm-none-eabi/12.2.0/../../../../arm-none-eabi/lib/armv6k/fpu/libg.a(lib_a-abort.o)
                0x0000000000120a78                abort
 .text._raise_r
                0x0000000000120a8c       0x90 /opt/devkitpro/devkitARM/bin/../lib/gcc/arm-none-eabi/12.2.0/../../../../arm-none-eabi/lib/armv6k/fpu/libg.a(lib_a-signal.o)
                0x0000000000120a8c                _raise_r