Archive member included to satisfy reference by file (symbol)

/opt/devkitpro/libctru/lib/libctru.a(romfs_dev.o)
                              main.o (romfsMountSelf)
/opt/devkitpro/libctru/lib/libctru.a(console.o)
                              main.o (consoleSelect)
/opt/devkitpro/libctru/lib/libctru.a(path_buf.o)
                              /opt/devkitpro/libctru/lib/libctru.a(romfs_dev.o) (__ctru_dev_utf16_buf)
/opt/devkitpro/libctru/lib/libctru.a(srv.o)
                              utils.o (srvGetServiceHandleDirect)
/opt/devkitpro/libctru/lib/libctru.a(gfx.o)
                              main.o (gfxSet3D)
/opt/devkitpro/libctru/lib/libctru.a(gspgpu.o)
                              /opt/devkitpro/libctru/lib/libctru.a(gfx.o) (gspInit)
/opt/devkitpro/libctru/lib/libctru.a(am.o)
                              utils.o (amInit)
/opt/devkitpro/libctru/lib/libctru.a(apt.o)
                              utils.o (APT_GetProgramID)
/opt/devkitpro/libctru/lib/libctru.a(hid.o)
                              main.o (hidScanInput)
/opt/devkitpro/libctru/lib/libctru.a(srvpm.o)
                              /opt/devkitpro/libctru/lib/libctru.a(srv.o) (srvPmGetSessionHandle)
/opt/devkitpro/libctru/lib/libctru.a(httpc.o)
                              main.o (httpcExit)
/opt/devkitpro/libctru/lib/libctru.a(fs.o)
                              utils.o (fsInit)
/opt/devkitpro/libctru/lib/libctru.a(utf16_to_utf8.o)
                              /opt/devkitpro/libctru/lib/libctru.a(romfs_dev.o) (utf16_to_utf8)
/opt/devkitpro/libctru/lib/libctru.a(decode_utf16.o)
                              /opt/devkitpro/libctru/lib/libctru.a(utf16_to_utf8.o) (decode_utf16)
/opt/devkitpro/libctru/lib/libctru.a(utf8_to_utf16.o)
                              /opt/devkitpro/libctru/lib/libctru.a(romfs_dev.o) (utf8_to_utf16)
/opt/devkitpro/libctru/lib/libctru.a(ctru_init.o)
                              /opt/devkitpro/libctru/lib/libctru.a(apt.o) (__system_retAddr)
/opt/devkitpro/libctru/lib/libctru.a(initArgv.o)
                              /opt/devkitpro/libctru/lib/libctru.a(ctru_init.o) (__system_initArgv)
/opt/devkitpro/libctru/lib/libctru.a(svc.o)
                              /opt/devkitpro/libctru/lib/libctru.a(apt.o) (svcSleepThread)
/opt/devkitpro/libctru/lib/libctru.a(stack_adjust.o)
                              /opt/devkitpro/devkitARM/bin/../lib/gcc/arm-none-eabi/12.2.0/../../../../arm-none-eabi/lib/armv6k/fpu/3dsx_crt0.o (initSystem)
/opt/devkitpro/libctru/lib/libctru.a(readtp.o)
                              /opt/devkitpro/libctru/lib/libctru.a(romfs_dev.o) (__aeabi_read_tp)
/opt/devkitpro/libctru/lib/libctru.a(default_font.bin.o)
                              /opt/devkitpro/libctru/lib/libctru.a(console.o) (default_font_bin)
/opt/devkitpro/libctru/lib/libctru.a(vram.o)
                              /opt/devkitpro/libctru/lib/libctru.a(gfx.o) (vramAlloc)
/opt/devkitpro/libctru/lib/libctru.a(linear.o)
                              /opt/devkitpro/libctru/lib/libctru.a(gfx.o) (linearAlloc)
/opt/devkitpro/libctru/lib/libctru.a(mem_pool.o)
                              /opt/devkitpro/libctru/lib/libctru.a(vram.o) (MemPool::Allocate(MemChunk&, unsigned long, int))
/opt/devkitpro/libctru/lib/libctru.a(synchronization.o)
                              /opt/devkitpro/libctru/lib/libctru.a(ctru_init.o) (__sync_init)
/opt/devkitpro/libctru/lib/libctru.a(env.o)
                              /opt/devkitpro/libctru/lib/libctru.a(srv.o) (envGetHandle)
/opt/devkitpro/libctru/lib/libctru.a(os.o)
                              /opt/devkitpro/libctru/lib/libctru.a(apt.o) (__ctru_speedup_config)
/opt/devkitpro/libctru/lib/libctru.a(3dslink.o)
                              /opt/devkitpro/libctru/lib/libctru.a(initArgv.o) (__3dslink_host)
/opt/devkitpro/libctru/lib/libctru.a(thread.o)
                              /opt/devkitpro/libctru/lib/libctru.a(gspgpu.o) (threadCreate)
/opt/devkitpro/libctru/lib/libctru.a(mappable.o)
                              /opt/devkitpro/libctru/lib/libctru.a(gspgpu.o) (mappableAlloc)
/opt/devkitpro/libctru/lib/libctru.a(irrst.o)
                              /opt/devkitpro/libctru/lib/libctru.a(hid.o) (irrstInit)
/opt/devkitpro/libctru/lib/libctru.a(ptmsysm.o)
                              /opt/devkitpro/libctru/lib/libctru.a(os.o) (ptmSysmInit)
/opt/devkitpro/libctru/lib/libctru.a(soc_socket.o)
                              /opt/devkitpro/libctru/lib/libctru.a(3dslink.o) (socket)
/opt/devkitpro/libctru/lib/libctru.a(soc_connect.o)
                              /opt/devkitpro/libctru/lib/libctru.a(3dslink.o) (connect)
/opt/devkitpro/libctru/lib/libctru.a(soc_common.o)
                              /opt/devkitpro/libctru/lib/libctru.a(soc_socket.o) (_net_convert_error)
/opt/devkitpro/libctru/lib/libctru.a(rbtree_init.o)
                              /opt/devkitpro/libctru/lib/libctru.a(vram.o) (rbtree_init)
/opt/devkitpro/libctru/lib/libctru.a(rbtree_insert.o)
[...]
Memory Configuration

Name             Origin             Length             Attributes
*default*        0x0000000000000000 0xffffffffffffffff

Linker script and memory map

                0x0000000000100000                PROVIDE (__start__ = 0x100000)
                0x0000000000100000                . = __start__

.text           0x0000000000100000    0x25240
 *(.crt0)
 .crt0          0x0000000000100000       0x94 /opt/devkitpro/devkitARM/bin/../lib/gcc/arm-none-eabi/12.2.0/../../../../arm-none-eabi/lib/armv6k/fpu/3dsx_crt0.o
                0x0000000000100000                _start
                0x0000000000100008                __service_ptr
                0x000000000010000c                __apt_appid
                0x0000000000100010                __heap_size
                0x0000000000100014                __linear_heap_size
                0x0000000000100018                __system_arglist
                0x000000000010001c                __system_runflags
 *(.init)
 .init          0x0000000000100094        0xc /opt/devkitpro/devkitARM/bin/../lib/gcc/arm-none-eabi/12.2.0/armv6k/fpu/crti.o
                0x0000000000100094                _init
 .init          0x00000000001000a0        0xc /opt/devkitpro/devkitARM/bin/../lib/gcc/arm-none-eabi/12.2.0/armv6k/fpu/crtn.o
                0x00000000001000ac                . = ALIGN (0x4)
 *(.text)
 .text          0x00000000001000ac      0x744 blz.o
                0x00000000001000ac                Memory
                0x00000000001000d4                BLZ_Code
                0x00000000001007c4                BLZ_Invert
 .text          0x00000000001007f0      0x628 save.o
                0x00000000001007f0                ccitt16
                0x0000000000100850                read_savedata
                0x0000000000100ae0                write_from_file
                0x0000000000100b60                write_savedata
 .text          0x0000000000100e18      0x198 utils.o
                0x0000000000100e18                initFs
                0x0000000000100e90                getProgramID
                0x0000000000100ecc                getGameVersion
 .text          0x0000000000100fb0      0x20c /opt/devkitpro/devkitARM/bin/../lib/gcc/arm-none-eabi/12.2.0/armv6k/fpu/libgcc.a(_udivsi3.o)
                0x0000000000100fb0                __udivsi3
                0x0000000000100fb0                __aeabi_uidiv
                0x000000000010119c                __aeabi_uidivmod
 .text          0x00000000001011bc      0x240 /opt/devkitpro/devkitARM/bin/../lib/gcc/arm-none-eabi/12.2.0/armv6k/fpu/libgcc.a(_divsi3.o)
                0x00000000001011bc                __aeabi_idiv
                0x00000000001011bc                __divsi3
                0x00000000001013dc                __aeabi_idivmod
 .text          0x00000000001013fc        0x4 /opt/devkitpro/devkitARM/bin/../lib/gcc/arm-none-eabi/12.2.0/armv6k/fpu/libgcc.a(_dvmd_tls.o)
                0x00000000001013fc                __aeabi_ldiv0
                0x00000000001013fc                __aeabi_idiv0
 .text          0x0000000000101400       0xd4 /opt/devkitpro/devkitARM/bin/../lib/gcc/arm-none-eabi/12.2.0/armv6k/fpu/libgcc.a(_aeabi_ldivmod.o)
                0x0000000000101400                __aeabi_ldivmod
 .text          0x00000000001014d4       0x3c /opt/devkitpro/devkitARM/bin/../lib/gcc/arm-none-eabi/12.2.0/armv6k/fpu/libgcc.a(_aeabi_uldivmod.o)
                0x00000000001014d4                __aeabi_uldivmod
 *fill*         0x0000000000101510       0x10 
 .text          0x0000000000101520      0x390 /opt/devkitpro/devkitARM/bin/../lib/gcc/arm-none-eabi/12.2.0/../../../../arm-none-eabi/lib/armv6k/fpu/libg.a(lib_a-strcmp.o)
                0x0000000000101528                strcmp
 .text          0x00000000001018b0      0x3c0 /opt/devkitpro/devkitARM/bin/../lib/gcc/arm-none-eabi/12.2.0/armv6k/fpu/libgcc.a(_arm_addsubdf3.o)
                0x00000000001018b0                __aeabi_drsub
                0x00000000001018b8                __aeabi_dsub
                0x00000000001018b8                __subdf3
                0x00000000001018bc                __adddf3
                0x00000000001018bc                __aeabi_dadd
                0x0000000000101b68                __aeabi_ui2d
                0x0000000000101b68                __floatunsidf
                0x0000000000101b8c                __floatsidf
                0x0000000000101b8c                __aeabi_i2d
                0x0000000000101bb4                __extendsfdf2
                0x0000000000101bb4                __aeabi_f2d
                0x0000000000101bfc                __aeabi_ul2d
                0x0000000000101bfc                __floatundidf
                0x0000000000101c10                __floatdidf
                0x0000000000101c10                __aeabi_l2d
 *(.text.*)
 .text.__do_global_dtors_aux
                0x0000000000101c70       0x40 /opt/devkitpro/devkitARM/bin/../lib/gcc/arm-none-eabi/12.2.0/armv6k/fpu/crtbegin.o
 .text.frame_dummy
                0x0000000000101cb0       0x2c /opt/devkitpro/devkitARM/bin/../lib/gcc/arm-none-eabi/12.2.0/armv6k/fpu/crtbegin.o
 .text.startup  0x0000000000101cdc      0x878 main.o
                0x0000000000101cdc                main
 .text.romfs_close
                0x0000000000102554        0x8 /opt/devkitpro/libctru/lib/libctru.a(romfs_dev.o)
 .text.romfs_seek
                0x000000000010255c       0xc0 /opt/devkitpro/libctru/lib/libctru.a(romfs_dev.o)
 .text.romfs_dirreset
                0x000000000010261c       0x24 /opt/devkitpro/libctru/lib/libctru.a(romfs_dev.o)
 .text.fill_dir
                0x0000000000102640       0xc8 /opt/devkitpro/libctru/lib/libctru.a(romfs_dev.o)
 .text.romfs_dirnext
                0x0000000000102708      0x28c /opt/devkitpro/libctru/lib/libctru.a(romfs_dev.o)
 .text.romfs_free
                0x0000000000102994       0x84 /opt/devkitpro/libctru/lib/libctru.a(romfs_dev.o)
 .text.searchForFile.constprop.0
                0x0000000000102a18       0xd4 /opt/devkitpro/libctru/lib/libctru.a(romfs_dev.o)
 .text.searchForDir.constprop.0
                0x0000000000102aec       0xd8 /opt/devkitpro/libctru/lib/libctru.a(romfs_dev.o)
 .text.navigateToDir.constprop.0
                0x0000000000102bc4      0x1c0 /opt/devkitpro/libctru/lib/libctru.a(romfs_dev.o)
 .text.romfs_open
                0x0000000000102d84      0x10c /opt/devkitpro/libctru/lib/libctru.a(romfs_dev.o)
 .text.romfs_chdir
                0x0000000000102e90       0x4c /opt/devkitpro/libctru/lib/libctru.a(romfs_dev.o)
 .text.romfs_diropen
                0x0000000000102edc       0x70 /opt/devkitpro/libctru/lib/libctru.a(romfs_dev.o)
 .text.romfs_stat
                0x0000000000102f4c      0x174 /opt/devkitpro/libctru/lib/libctru.a(romfs_dev.o)
 .text.romfs_dirclose
                0x00000000001030c0        0x8 /opt/devkitpro/libctru/lib/libctru.a(romfs_dev.o)
 .text.romfs_fstat
                0x00000000001030c8       0x84 /opt/devkitpro/libctru/lib/libctru.a(romfs_dev.o)
 .text.romfs_read
                0x000000000010314c       0xd0 /opt/devkitpro/libctru/lib/libctru.a(romfs_dev.o)
 .text.romfsMountFromFile
                0x000000000010321c      0x28c /opt/devkitpro/libctru/lib/libctru.a(romfs_dev.o)
                0x000000000010321c                romfsMountFromFile
 .text.romfsMountFromCurrentProcess
                0x00000000001034a8       0x98 /opt/devkitpro/libctru/lib/libctru.a(romfs_dev.o)
                0x00000000001034a8                romfsMountFromCurrentProcess
 .text.romfsMountSelf
                0x0000000000103540      0x260 /opt/devkitpro/libctru/lib/libctru.a(romfs_dev.o)
                0x0000000000103540                romfsMountSelf
 .text.romfsUnmount
                0x00000000001037a0       0xa0 /opt/devkitpro/libctru/lib/libctru.a(romfs_dev.o)
                0x00000000001037a0                romfsUnmount
 .text.parseColor
                0x0000000000103840      0x1e8 /opt/devkitpro/libctru/lib/libctru.a(console.o)
 .text.consoleSelect
                0x0000000000103a28       0x18 /opt/devkitpro/libctru/lib/libctru.a(console.o)
                0x0000000000103a28                consoleSelect
 .text.consoleDrawChar
                0x0000000000103a40      0x1ac /opt/devkitpro/libctru/lib/libctru.a(console.o)
                0x0000000000103a40                consoleDrawChar
 .text.consolePrintChar
                0x0000000000103bec      0x124 /opt/devkitpro/libctru/lib/libctru.a(console.o)
                0x0000000000103bec                consolePrintChar
 .text.con_write
                0x0000000000103d10      0xb94 /opt/devkitpro/libctru/lib/libctru.a(console.o)
                0x0000000000103d10                con_write
 .text.newRow   0x00000000001048a4       0xfc /opt/devkitpro/libctru/lib/libctru.a(console.o)
 .text.consoleInit
                0x00000000001049a0      0x168 /opt/devkitpro/libctru/lib/libctru.a(console.o)
                0x00000000001049a0                consoleInit
 .text.consoleClear
                0x0000000000104b08       0xbc /opt/devkitpro/libctru/lib/libctru.a(console.o)
                0x0000000000104b08                consoleClear
 .text.srvInit  0x0000000000104bc4      0x130 /opt/devkitpro/libctru/lib/libctru.a(srv.o)
                0x0000000000104bc4                srvInit
 .text.srvExit  0x0000000000104cf4       0x58 /opt/devkitpro/libctru/lib/libctru.a(srv.o)
                0x0000000000104cf4                srvExit
 .text.srvGetServiceHandleDirect
                0x0000000000104d4c       0xa0 /opt/devkitpro/libctru/lib/libctru.a(srv.o)
                0x0000000000104d4c                srvGetServiceHandleDirect
 .text.srvGetServiceHandle
                0x0000000000104dec       0x38 /opt/devkitpro/libctru/lib/libctru.a(srv.o)
                0x0000000000104dec                srvGetServiceHandle
 .text.srvPublishToSubscriber
                0x0000000000104e24       0x38 /opt/devkitpro/libctru/lib/libctru.a(srv.o)
                0x0000000000104e24                srvPublishToSubscriber
 .text.gfxPresentFramebuffer
                0x0000000000104e5c       0xd0 /opt/devkitpro/libctru/lib/libctru.a(gfx.o)
 .text.gfxSet3D
                0x0000000000104f2c       0x10 /opt/devkitpro/libctru/lib/libctru.a(gfx.o)
                0x0000000000104f2c                gfxSet3D
 .text.gfxIsWide
                0x0000000000104f3c       0x1c /opt/devkitpro/libctru/lib/libctru.a(gfx.o)
                0x0000000000104f3c                gfxIsWide
 .text.gfxSetScreenFormat
                0x0000000000104f58       0xec /opt/devkitpro/libctru/lib/libctru.a(gfx.o)
                0x0000000000104f58                gfxSetScreenFormat
 .text.gfxSetDoubleBuffering
                0x0000000000105044       0x10 /opt/devkitpro/libctru/lib/libctru.a(gfx.o)
                0x0000000000105044                gfxSetDoubleBuffering
 .text.gfxInit  0x0000000000105054       0xe0 /opt/devkitpro/libctru/lib/libctru.a(gfx.o)
                0x0000000000105054                gfxInit
 .text.gfxInitDefault
                0x0000000000105134       0x10 /opt/devkitpro/libctru/lib/libctru.a(gfx.o)
                0x0000000000105134                gfxInitDefault
 .text.gfxExit  0x0000000000105144       0xb4 /opt/devkitpro/libctru/lib/libctru.a(gfx.o)
                0x0000000000105144                gfxExit
 .text.gfxGetFramebuffer
                0x00000000001051f8       0xa0 /opt/devkitpro/libctru/lib/libctru.a(gfx.o)
                0x00000000001051f8                gfxGetFramebuffer
 .text.gfxFlushBuffers
                0x0000000000105298      0x104 /opt/devkitpro/libctru/lib/libctru.a(gfx.o)
                0x0000000000105298                gfxFlushBuffers
 .text.gfxSwapBuffersGpu
                0x000000000010539c       0x50 /opt/devkitpro/libctru/lib/libctru.a(gfx.o)
                0x000000000010539c                gfxSwapBuffersGpu
 .text.gspHardwareInit
                0x00000000001053ec      0xc58 /opt/devkitpro/libctru/lib/libctru.a(gspgpu.o)
 .text.gspInit  0x0000000000106044      0x248 /opt/devkitpro/libctru/lib/libctru.a(gspgpu.o)
                0x0000000000106044                gspInit
 .text.gspExit  0x000000000010628c       0xf0 /opt/devkitpro/libctru/lib/libctru.a(gspgpu.o)
                0x000000000010628c                gspExit
 .text.gspHasGpuRight
                0x000000000010637c       0x10 /opt/devkitpro/libctru/lib/libctru.a(gspgpu.o)
                0x000000000010637c                gspHasGpuRight
 .text.gspPresentBuffer
                0x000000000010638c       0xa0 /opt/devkitpro/libctru/lib/libctru.a(gspgpu.o)
                0x000000000010638c                gspPresentBuffer
 .text.gspWaitForEvent
                0x000000000010642c       0x44 /opt/devkitpro/libctru/lib/libctru.a(gspgpu.o)
                0x000000000010642c                gspWaitForEvent
 .text.gxCmdQueueInterrupt
                0x0000000000106470        0x4 /opt/devkitpro/libctru/lib/libctru.a(gspgpu.o)
                0x0000000000106470                gxCmdQueueInterrupt
 .text.gspEventThreadMain
                0x0000000000106474      0x158 /opt/devkitpro/libctru/lib/libctru.a(gspgpu.o)
 .text.GSPGPU_FlushDataCache
                0x00000000001065cc       0x50 /opt/devkitpro/libctru/lib/libctru.a(gspgpu.o)
                0x00000000001065cc                GSPGPU_FlushDataCache
 .text.GSPGPU_SetLcdForceBlack
                0x000000000010661c       0x34 /opt/devkitpro/libctru/lib/libctru.a(gspgpu.o)
                0x000000000010661c                GSPGPU_SetLcdForceBlack
 .text.GSPGPU_AcquireRight
                0x0000000000106650       0x68 /opt/devkitpro/libctru/lib/libctru.a(gspgpu.o)
                0x0000000000106650                GSPGPU_AcquireRight
 .text.GSPGPU_ReleaseRight
                0x00000000001066b8       0x48 /opt/devkitpro/libctru/lib/libctru.a(gspgpu.o)
                0x00000000001066b8                GSPGPU_ReleaseRight
 .text.GSPGPU_ImportDisplayCaptureInfo
                0x0000000000106700       0x7c /opt/devkitpro/libctru/lib/libctru.a(gspgpu.o)
                0x0000000000106700                GSPGPU_ImportDisplayCaptureInfo
 .text.GSPGPU_SaveVramSysArea
                0x000000000010677c       0x2c /opt/devkitpro/libctru/lib/libctru.a(gspgpu.o)
                0x000000000010677c                GSPGPU_SaveVramSysArea
 .text.GSPGPU_RestoreVramSysArea
                0x00000000001067a8       0x2c /opt/devkitpro/libctru/lib/libctru.a(gspgpu.o)
                0x00000000001067a8                GSPGPU_RestoreVramSysArea
 .text.amInit   0x00000000001067d4       0xa4 /opt/devkitpro/libctru/lib/libctru.a(am.o)
                0x00000000001067d4                amInit
 .text.amExit   0x0000000000106878       0x3c /opt/devkitpro/libctru/lib/libctru.a(am.o)
                0x0000000000106878                amExit
 .text.AM_GetTitleInfo
                0x00000000001068b4       0x5c /opt/devkitpro/libctru/lib/libctru.a(am.o)
                0x00000000001068b4                AM_GetTitleInfo
 .text.aptConvertScreenForCapture
                0x0000000000106910      0x1a4 /opt/devkitpro/libctru/lib/libctru.a(apt.o)
 .text.aptDspSleep
                0x0000000000106ab4        0x8 /opt/devkitpro/libctru/lib/libctru.a(apt.o)
                0x0000000000106ab4                aptDspSleep
 .text.aptDspWakeup
                0x0000000000106abc        0x4 /opt/devkitpro/libctru/lib/libctru.a(apt.o)
                0x0000000000106abc                aptDspWakeup
 .text.aptDspCancel
                0x0000000000106ac0        0x4 /opt/devkitpro/libctru/lib/libctru.a(apt.o)
                0x0000000000106ac0                aptDspCancel
 .text.aptSendCommand
                0x0000000000106ac4      0x158 /opt/devkitpro/libctru/lib/libctru.a(apt.o)
                0x0000000000106ac4                aptSendCommand
 *fill*         0x0000000000106c1c        0x4 
 .text.aptExitProcess
                0x0000000000106c20       0x44 /opt/devkitpro/libctru/lib/libctru.a(apt.o)
 .text.aptExit  0x0000000000106c64      0x2f4 /opt/devkitpro/libctru/lib/libctru.a(apt.o)
                0x0000000000106c64                aptExit
 .text.aptHandleSleep
                0x0000000000106f58       0xe0 /opt/devkitpro/libctru/lib/libctru.a(apt.o)
                0x0000000000106f58                aptHandleSleep
 .text.APT_GetProgramID
                0x0000000000107038       0x38 /opt/devkitpro/libctru/lib/libctru.a(apt.o)
                0x0000000000107038                APT_GetProgramID
 .text.APT_SleepIfShellClosed
                0x0000000000107070       0x84 /opt/devkitpro/libctru/lib/libctru.a(apt.o)
                0x0000000000107070                APT_SleepIfShellClosed
 .text.aptSetSleepAllowed
                0x00000000001070f4       0x84 /opt/devkitpro/libctru/lib/libctru.a(apt.o)
                0x00000000001070f4                aptSetSleepAllowed
 .text.APT_UnlockTransition
                0x0000000000107178       0x84 /opt/devkitpro/libctru/lib/libctru.a(apt.o)
                0x0000000000107178                APT_UnlockTransition
 *fill*         0x00000000001071fc        0x4 
 .text.aptEventHandler
                0x0000000000107200      0x4a4 /opt/devkitpro/libctru/lib/libctru.a(apt.o)
 .text.APT_ReceiveParameter
                0x00000000001076a4       0xb0 /opt/devkitpro/libctru/lib/libctru.a(apt.o)
                0x00000000001076a4                APT_ReceiveParameter
 .text.aptReceiveParameter.constprop.0
                0x0000000000107754       0xb0 /opt/devkitpro/libctru/lib/libctru.a(apt.o)
 *fill*         0x0000000000107804        0x4 
 .text.aptScreenTransfer
                0x0000000000107808      0x2ac /opt/devkitpro/libctru/lib/libctru.a(apt.o)
 .text.aptWaitForWakeUp.isra.0
                0x0000000000107ab4      0x344 /opt/devkitpro/libctru/lib/libctru.a(apt.o)
 .text.aptJumpToHomeMenu
                0x0000000000107df8      0x100 /opt/devkitpro/libctru/lib/libctru.a(apt.o)
                0x0000000000107df8                aptJumpToHomeMenu
 .text.aptMainLoop
                0x0000000000107ef8       0x48 /opt/devkitpro/libctru/lib/libctru.a(apt.o)
                0x0000000000107ef8                aptMainLoop
 .text.aptInit  0x0000000000107f40      0x22c /opt/devkitpro/libctru/lib/libctru.a(apt.o)
                0x0000000000107f40                aptInit
 .text.APT_CheckNew3DS
                0x000000000010816c       0x7c /opt/devkitpro/libctru/lib/libctru.a(apt.o)
                0x000000000010816c                APT_CheckNew3DS
 .text.hidShouldUseIrrst
                0x00000000001081e8       0x24 /opt/devkitpro/libctru/lib/libctru.a(hid.o)
                0x00000000001081e8                hidShouldUseIrrst
 .text.hidInit  0x000000000010820c      0x18c /opt/devkitpro/libctru/lib/libctru.a(hid.o)
                0x000000000010820c                hidInit
 .text.hidExit  0x0000000000108398       0xe8 /opt/devkitpro/libctru/lib/libctru.a(hid.o)
                0x0000000000108398                hidExit
 .text.hidScanInput
                0x0000000000108480      0x2a4 /opt/devkitpro/libctru/lib/libctru.a(hid.o)
                0x0000000000108480                hidScanInput
 .text.hidKeysDown
                0x0000000000108724       0x10 /opt/devkitpro/libctru/lib/libctru.a(hid.o)
                0x0000000000108724                hidKeysDown
 .text.srvPmGetSessionHandle
                0x0000000000108734        0xc /opt/devkitpro/libctru/lib/libctru.a(srvpm.o)
                0x0000000000108734                srvPmGetSessionHandle
 .text.httpcExit
                0x0000000000108740       0x94 /opt/devkitpro/libctru/lib/libctru.a(httpc.o)
                0x0000000000108740                httpcExit
 .text.fsInit   0x00000000001087d4       0xcc /opt/devkitpro/libctru/lib/libctru.a(fs.o)
                0x00000000001087d4                fsInit
 .text.fsExit   0x00000000001088a0       0x3c /opt/devkitpro/libctru/lib/libctru.a(fs.o)
                0x00000000001088a0                fsExit
 .text.fsUseSession
                0x00000000001088dc       0x18 /opt/devkitpro/libctru/lib/libctru.a(fs.o)
                0x00000000001088dc                fsUseSession
 .text.fsEndUseSession
                0x00000000001088f4       0x10 /opt/devkitpro/libctru/lib/libctru.a(fs.o)
                0x00000000001088f4                fsEndUseSession
 .text.fsExemptFromSession
                0x0000000000108904       0x60 /opt/devkitpro/libctru/lib/libctru.a(fs.o)
                0x0000000000108904                fsExemptFromSession
 .text.fsUnexemptFromSession
                0x0000000000108964       0x50 /opt/devkitpro/libctru/lib/libctru.a(fs.o)
                0x0000000000108964                fsUnexemptFromSession
 .text.fsMakePath
                0x00000000001089b4       0x84 /opt/devkitpro/libctru/lib/libctru.a(fs.o)
                0x00000000001089b4                fsMakePath
 .text.FSUSER_Initialize
                0x0000000000108a38       0x2c /opt/devkitpro/libctru/lib/libctru.a(fs.o)
                0x0000000000108a38                FSUSER_Initialize
 .text.FSUSER_OpenFile
                0x0000000000108a64       0xcc /opt/devkitpro/libctru/lib/libctru.a(fs.o)
                0x0000000000108a64                FSUSER_OpenFile
 .text.FSUSER_OpenFileDirectly
                0x0000000000108b30       0xd4 /opt/devkitpro/libctru/lib/libctru.a(fs.o)
                0x0000000000108b30                FSUSER_OpenFileDirectly
 .text.FSUSER_DeleteFile
                0x0000000000108c04       0xbc /opt/devkitpro/libctru/lib/libctru.a(fs.o)
                0x0000000000108c04                FSUSER_DeleteFile
 .text.FSUSER_RenameFile
                0x0000000000108cc0       0xf8 /opt/devkitpro/libctru/lib/libctru.a(fs.o)
                0x0000000000108cc0                FSUSER_RenameFile
 .text.FSUSER_DeleteDirectory
                0x0000000000108db8       0xbc /opt/devkitpro/libctru/lib/libctru.a(fs.o)
                0x0000000000108db8                FSUSER_DeleteDirectory
 .text.FSUSER_CreateFile
                0x0000000000108e74       0xd4 /opt/devkitpro/libctru/lib/libctru.a(fs.o)
                0x0000000000108e74                FSUSER_CreateFile
 .text.FSUSER_CreateDirectory
                0x0000000000108f48       0xc4 /opt/devkitpro/libctru/lib/libctru.a(fs.o)
                0x0000000000108f48                FSUSER_CreateDirectory
 .text.FSUSER_RenameDirectory
                0x000000000010900c       0xf8 /opt/devkitpro/libctru/lib/libctru.a(fs.o)
                0x000000000010900c                FSUSER_RenameDirectory
 .text.FSUSER_OpenDirectory
                0x0000000000109104       0xb4 /opt/devkitpro/libctru/lib/libctru.a(fs.o)
                0x0000000000109104                FSUSER_OpenDirectory
 .text.FSUSER_OpenArchive
                0x00000000001091b8       0x98 /opt/devkitpro/libctru/lib/libctru.a(fs.o)
                0x00000000001091b8                FSUSER_OpenArchive
 .text.FSUSER_ControlArchive
                0x0000000000109250       0xb4 /opt/devkitpro/libctru/lib/libctru.a(fs.o)
                0x0000000000109250                FSUSER_ControlArchive
 .text.FSUSER_CloseArchive
                0x0000000000109304       0x8c /opt/devkitpro/libctru/lib/libctru.a(fs.o)
                0x0000000000109304                FSUSER_CloseArchive
 .text.FSUSER_GetSdmcArchiveResource
                0x0000000000109390       0x74 /opt/devkitpro/libctru/lib/libctru.a(fs.o)
                0x0000000000109390                FSUSER_GetSdmcArchiveResource
 .text.FSUSER_IsSdmcWritable
                0x0000000000109404       0x64 /opt/devkitpro/libctru/lib/libctru.a(fs.o)
                0x0000000000109404                FSUSER_IsSdmcWritable
 .text.FSFILE_Read
                0x0000000000109468       0x58 /opt/devkitpro/libctru/lib/libctru.a(fs.o)
                0x0000000000109468                FSFILE_Read
 .text.FSFILE_Write
                0x00000000001094c0       0x60 /opt/devkitpro/libctru/lib/libctru.a(fs.o)
                0x00000000001094c0                FSFILE_Write
 .text.FSFILE_GetSize
                0x0000000000109520       0x3c /opt/devkitpro/libctru/lib/libctru.a(fs.o)
                0x0000000000109520                FSFILE_GetSize
 .text.FSFILE_SetSize
                0x000000000010955c       0x28 /opt/devkitpro/libctru/lib/libctru.a(fs.o)
                0x000000000010955c                FSFILE_SetSize
 .text.FSFILE_Close
                0x0000000000109584       0x3c /opt/devkitpro/libctru/lib/libctru.a(fs.o)
                0x0000000000109584                FSFILE_Close
 .text.FSFILE_Flush
                0x00000000001095c0       0x24 /opt/devkitpro/libctru/lib/libctru.a(fs.o)
                0x00000000001095c0                FSFILE_Flush
 .text.FSDIR_Read
                0x00000000001095e4       0x50 /opt/devkitpro/libctru/lib/libctru.a(fs.o)
                0x00000000001095e4                FSDIR_Read
 .text.FSDIR_Close
                0x0000000000109634       0x3c /opt/devkitpro/libctru/lib/libctru.a(fs.o)
                0x0000000000109634                FSDIR_Close
 .text.utf16_to_utf8
                0x0000000000109670       0xe8 /opt/devkitpro/libctru/lib/libctru.a(utf16_to_utf8.o)
                0x0000000000109670                utf16_to_utf8
 .text.decode_utf16
                0x0000000000109758       0x64 /opt/devkitpro/libctru/lib/libctru.a(decode_utf16.o)
                0x0000000000109758                decode_utf16
 .text.utf8_to_utf16
                0x00000000001097bc       0xc0 /opt/devkitpro/libctru/lib/libctru.a(utf8_to_utf16.o)
                0x00000000001097bc                utf8_to_utf16
 .text.__libctru_init
                0x000000000010987c       0x38 /opt/devkitpro/libctru/lib/libctru.a(ctru_init.o)
                0x000000000010987c                __libctru_init
 .text.__system_initArgv
                0x00000000001098b4      0x170 /opt/devkitpro/libctru/lib/libctru.a(initArgv.o)
                0x00000000001098b4                __system_initArgv
 .text.svcControlMemory
                0x0000000000109a24       0x20 /opt/devkitpro/libctru/lib/libctru.a(svc.o)
                0x0000000000109a24                svcControlMemory
 .text.svcQueryMemory
                0x0000000000109a44       0x30 /opt/devkitpro/libctru/lib/libctru.a(svc.o)
                0x0000000000109a44                svcQueryMemory
 .text.svcExitProcess
                0x0000000000109a74        0x8 /opt/devkitpro/libctru/lib/libctru.a(svc.o)
                0x0000000000109a74                svcExitProcess
 .text.svcCreateThread
                0x0000000000109a7c       0x20 /opt/devkitpro/libctru/lib/libctru.a(svc.o)
                0x0000000000109a7c                svcCreateThread
 .text.svcExitThread
                0x0000000000109a9c        0x8 /opt/devkitpro/libctru/lib/libctru.a(svc.o)
                0x0000000000109a9c                svcExitThread
 .text.svcSleepThread
                0x0000000000109aa4        0x8 /opt/devkitpro/libctru/lib/libctru.a(svc.o)
                0x0000000000109aa4                svcSleepThread
 .text.svcReleaseMutex
                0x0000000000109aac        0x8 /opt/devkitpro/libctru/lib/libctru.a(svc.o)
                0x0000000000109aac                svcReleaseMutex
 .text.svcCreateEvent
                0x0000000000109ab4       0x14 /opt/devkitpro/libctru/lib/libctru.a(svc.o)
                0x0000000000109ab4                svcCreateEvent
 .text.svcSignalEvent
                0x0000000000109ac8        0x8 /opt/devkitpro/libctru/lib/libctru.a(svc.o)
                0x0000000000109ac8                svcSignalEvent
 .text.svcClearEvent
                0x0000000000109ad0        0x8 /opt/devkitpro/libctru/lib/libctru.a(svc.o)
                0x0000000000109ad0                svcClearEvent
 .text.svcMapMemoryBlock
                0x0000000000109ad8        0x8 /opt/devkitpro/libctru/lib/libctru.a(svc.o)
                0x0000000000109ad8                svcMapMemoryBlock
 .text.svcUnmapMemoryBlock
                0x0000000000109ae0        0x8 /opt/devkitpro/libctru/lib/libctru.a(svc.o)
                0x0000000000109ae0                svcUnmapMemoryBlock
 .text.svcCreateAddressArbiter
                0x0000000000109ae8       0x14 /opt/devkitpro/libctru/lib/libctru.a(svc.o)
                0x0000000000109ae8                svcCreateAddressArbiter
 .text.svcArbitrateAddressNoTimeout
                0x0000000000109afc        0x8 /opt/devkitpro/libctru/lib/libctru.a(svc.o)
                0x0000000000109afc                svcArbitrateAddressNoTimeout
 .text.svcCloseHandle
                0x0000000000109b04        0x8 /opt/devkitpro/libctru/lib/libctru.a(svc.o)
                0x0000000000109b04                svcCloseHandle
 .text.svcWaitSynchronization
                0x0000000000109b0c        0x8 /opt/devkitpro/libctru/lib/libctru.a(svc.o)
                0x0000000000109b0c                svcWaitSynchronization
 .text.svcWaitSynchronizationN
                0x0000000000109b14       0x28 /opt/devkitpro/libctru/lib/libctru.a(svc.o)
                0x0000000000109b14                svcWaitSynchronizationN
 .text.svcDuplicateHandle
                0x0000000000109b3c       0x14 /opt/devkitpro/libctru/lib/libctru.a(svc.o)
                0x0000000000109b3c                svcDuplicateHandle
 .text.svcGetSystemTick
                0x0000000000109b50        0x8 /opt/devkitpro/libctru/lib/libctru.a(svc.o)
                0x0000000000109b50                svcGetSystemTick
 .text.svcConnectToPort
                0x0000000000109b58       0x14 /opt/devkitpro/libctru/lib/libctru.a(svc.o)
                0x0000000000109b58                svcConnectToPort
 .text.svcSendSyncRequest
                0x0000000000109b6c        0x8 /opt/devkitpro/libctru/lib/libctru.a(svc.o)
                0x0000000000109b6c                svcSendSyncRequest
 .text.svcGetResourceLimit
                0x0000000000109b74       0x14 /opt/devkitpro/libctru/lib/libctru.a(svc.o)
                0x0000000000109b74                svcGetResourceLimit
 .text.svcGetResourceLimitLimitValues
                0x0000000000109b88        0x8 /opt/devkitpro/libctru/lib/libctru.a(svc.o)
                0x0000000000109b88                svcGetResourceLimitLimitValues
 .text.svcGetResourceLimitCurrentValues
                0x0000000000109b90        0x8 /opt/devkitpro/libctru/lib/libctru.a(svc.o)
                0x0000000000109b90                svcGetResourceLimitCurrentValues
 .text.svcBreak
                0x0000000000109b98        0x8 /opt/devkitpro/libctru/lib/libctru.a(svc.o)
                0x0000000000109b98                svcBreak
 .text.initSystem
                0x0000000000109ba0       0x50 /opt/devkitpro/libctru/lib/libctru.a(stack_adjust.o)
                0x0000000000109ba0                initSystem
 .text.__ctru_exit
                0x0000000000109bf0       0x18 /opt/devkitpro/libctru/lib/libctru.a(stack_adjust.o)
                0x0000000000109bf0                __ctru_exit
 .text.__aeabi_read_tp
                0x0000000000109c08        0xc /opt/devkitpro/libctru/lib/libctru.a(readtp.o)
                0x0000000000109c08                __aeabi_read_tp
 .text._ZL21addrMapNodeComparatorPK11rbtree_nodeS1_
                0x0000000000109c14       0x24 /opt/devkitpro/libctru/lib/libctru.a(vram.o)
 .text._ZL21addrMapNodeDestructorP11rbtree_node
                0x0000000000109c38        0x4 /opt/devkitpro/libctru/lib/libctru.a(vram.o)
 .text.vramMemAlignAt
                0x0000000000109c3c      0x250 /opt/devkitpro/libctru/lib/libctru.a(vram.o)
                0x0000000000109c3c                vramMemAlignAt
 .text.vramAlloc
                0x0000000000109e8c        0xc /opt/devkitpro/libctru/lib/libctru.a(vram.o)
                0x0000000000109e8c                vramAlloc
 .text.vramFree
                0x0000000000109e98       0x90 /opt/devkitpro/libctru/lib/libctru.a(vram.o)
                0x0000000000109e98                vramFree
 .text._ZL21addrMapNodeComparatorPK11rbtree_nodeS1_
                0x0000000000109f28       0x24 /opt/devkitpro/libctru/lib/libctru.a(linear.o)
 .text._ZL21addrMapNodeDestructorP11rbtree_node
                0x0000000000109f4c        0x4 /opt/devkitpro/libctru/lib/libctru.a(linear.o)
 .text.linearMemAlign
                0x0000000000109f50      0x120 /opt/devkitpro/libctru/lib/libctru.a(linear.o)
                0x0000000000109f50                linearMemAlign
 .text.linearAlloc
                0x000000000010a070        0x8 /opt/devkitpro/libctru/lib/libctru.a(linear.o)
                0x000000000010a070                linearAlloc
 .text.linearFree
                0x000000000010a078       0x5c /opt/devkitpro/libctru/lib/libctru.a(linear.o)
                0x000000000010a078                linearFree
 .text._ZN7MemPool13CoalesceRightEP8MemBlock
                0x000000000010a0d4       0x80 /opt/devkitpro/libctru/lib/libctru.a(mem_pool.o)
                0x000000000010a0d4                MemPool::CoalesceRight(MemBlock*)
 .text._ZN7MemPool8AllocateER8MemChunkmi
                0x000000000010a154      0x16c /opt/devkitpro/libctru/lib/libctru.a(mem_pool.o)
                0x000000000010a154                MemPool::Allocate(MemChunk&, unsigned long, int)
 .text._ZN7MemPool10DeallocateERK8MemChunk
                0x000000000010a2c0       0xfc /opt/devkitpro/libctru/lib/libctru.a(mem_pool.o)
                0x000000000010a2c0                MemPool::Deallocate(MemChunk const&)
 .text._ZN7MemPool12GetFreeSpaceEv
                0x000000000010a3bc       0x30 /opt/devkitpro/libctru/lib/libctru.a(mem_pool.o)
                0x000000000010a3bc                MemPool::GetFreeSpace()
 .text.__sync_init
                0x000000000010a3ec        0xc /opt/devkitpro/libctru/lib/libctru.a(synchronization.o)
                0x000000000010a3ec                __sync_init
 .text.__sync_fini
                0x000000000010a3f8       0x18 /opt/devkitpro/libctru/lib/libctru.a(synchronization.o)
                0x000000000010a3f8                __sync_fini
 .text.syncArbitrateAddress
                0x000000000010a410       0x2c /opt/devkitpro/libctru/lib/libctru.a(synchronization.o)
                0x000000000010a410                syncArbitrateAddress
 .text.LightLock_Lock
                0x000000000010a43c       0xb0 /opt/devkitpro/libctru/lib/libctru.a(synchronization.o)
                0x000000000010a43c                LightLock_Lock
 .text.LightLock_Unlock
                0x000000000010a4ec       0x40 /opt/devkitpro/libctru/lib/libctru.a(synchronization.o)
                0x000000000010a4ec                LightLock_Unlock
 .text.RecursiveLock_Init
                0x000000000010a52c       0x24 /opt/devkitpro/libctru/lib/libctru.a(synchronization.o)
                0x000000000010a52c                RecursiveLock_Init
 .text.RecursiveLock_Lock
                0x000000000010a550       0x30 /opt/devkitpro/libctru/lib/libctru.a(synchronization.o)
                0x000000000010a550                RecursiveLock_Lock
 .text.RecursiveLock_Unlock
                0x000000000010a580       0x54 /opt/devkitpro/libctru/lib/libctru.a(synchronization.o)
                0x000000000010a580                RecursiveLock_Unlock
 .text.LightEvent_Init
                0x000000000010a5d4       0x40 /opt/devkitpro/libctru/lib/libctru.a(synchronization.o)
                0x000000000010a5d4                LightEvent_Init
 .text.LightEvent_Clear
                0x000000000010a614       0xa4 /opt/devkitpro/libctru/lib/libctru.a(synchronization.o)
                0x000000000010a614                LightEvent_Clear
 .text.LightEvent_Signal
                0x000000000010a6b8       0xc8 /opt/devkitpro/libctru/lib/libctru.a(synchronization.o)
                0x000000000010a6b8                LightEvent_Signal
 .text.LightEvent_TryWait
                0x000000000010a780       0x50 /opt/devkitpro/libctru/lib/libctru.a(synchronization.o)
                0x000000000010a780                LightEvent_TryWait
 .text.LightEvent_Wait
                0x000000000010a7d0       0xb0 /opt/devkitpro/libctru/lib/libctru.a(synchronization.o)
                0x000000000010a7d0                LightEvent_Wait
 .text.envGetHandle
                0x000000000010a880       0x84 /opt/devkitpro/libctru/lib/libctru.a(env.o)
                0x000000000010a880                envGetHandle
 .text.envDestroyHandles
                0x000000000010a904       0x50 /opt/devkitpro/libctru/lib/libctru.a(env.o)
                0x000000000010a904                envDestroyHandles
 .text.osGetTimeRef
                0x000000000010a954       0x54 /opt/devkitpro/libctru/lib/libctru.a(os.o)
                0x000000000010a954                osGetTimeRef
 .text.osGetTime
                0x000000000010a9a8       0xec /opt/devkitpro/libctru/lib/libctru.a(os.o)
                0x000000000010a9a8                osGetTime
 .text.__ctru_speedup_config
                0x000000000010aa94       0x34 /opt/devkitpro/libctru/lib/libctru.a(os.o)
                0x000000000010aa94                __ctru_speedup_config
 .text.threadCreate
                0x000000000010aac8      0x178 /opt/devkitpro/libctru/lib/libctru.a(thread.o)
                0x000000000010aac8                threadCreate
 .text.threadFree
                0x000000000010ac40       0x2c /opt/devkitpro/libctru/lib/libctru.a(thread.o)
                0x000000000010ac40                threadFree
 .text.threadJoin
                0x000000000010ac6c       0x24 /opt/devkitpro/libctru/lib/libctru.a(thread.o)
                0x000000000010ac6c                threadJoin
 .text.threadGetCurrent
                0x000000000010ac90       0x30 /opt/devkitpro/libctru/lib/libctru.a(thread.o)
                0x000000000010ac90                threadGetCurrent
 .text.threadExit
                0x000000000010acc0       0x40 /opt/devkitpro/libctru/lib/libctru.a(thread.o)
                0x000000000010acc0                threadExit
 .text._thread_begin
                0x000000000010ad00       0x20 /opt/devkitpro/libctru/lib/libctru.a(thread.o)
 .text.mappableFindAddressWithin
                0x000000000010ad20       0xb4 /opt/devkitpro/libctru/lib/libctru.a(mappable.o)
 .text.mappableInit
                0x000000000010add4       0x28 /opt/devkitpro/libctru/lib/libctru.a(mappable.o)
                0x000000000010add4                mappableInit
 .text.mappableAlloc
                0x000000000010adfc       0x80 /opt/devkitpro/libctru/lib/libctru.a(mappable.o)
                0x000000000010adfc                mappableAlloc
 .text.mappableFree
                0x000000000010ae7c        0x4 /opt/devkitpro/libctru/lib/libctru.a(mappable.o)
                0x000000000010ae7c                mappableFree
 .text.irrstInit
                0x000000000010ae80      0x164 /opt/devkitpro/libctru/lib/libctru.a(irrst.o)
                0x000000000010ae80                irrstInit
 .text.irrstExit
                0x000000000010afe4       0xcc /opt/devkitpro/libctru/lib/libctru.a(irrst.o)
                0x000000000010afe4                irrstExit
 .text.irrstScanInput
                0x000000000010b0b0       0xb4 /opt/devkitpro/libctru/lib/libctru.a(irrst.o)
                0x000000000010b0b0                irrstScanInput
 .text.irrstKeysHeld
                0x000000000010b164       0x24 /opt/devkitpro/libctru/lib/libctru.a(irrst.o)
                0x000000000010b164                irrstKeysHeld
 .text.ptmSysmInit
                0x000000000010b188       0x74 /opt/devkitpro/libctru/lib/libctru.a(ptmsysm.o)
                0x000000000010b188                ptmSysmInit
 .text.ptmSysmExit
                0x000000000010b1fc       0x3c /opt/devkitpro/libctru/lib/libctru.a(ptmsysm.o)
                0x000000000010b1fc                ptmSysmExit
 .text.PTMSYSM_ConfigureNew3DSCPU
                0x000000000010b238       0x34 /opt/devkitpro/libctru/lib/libctru.a(ptmsysm.o)
                0x000000000010b238                PTMSYSM_ConfigureNew3DSCPU
 .text.rbtree_init
                0x000000000010b26c       0x10 /opt/devkitpro/libctru/lib/libctru.a(rbtree_init.o)
                0x000000000010b26c                rbtree_init
 .text.do_insert
                0x000000000010b27c      0x1b4 /opt/devkitpro/libctru/lib/libctru.a(rbtree_insert.o)
 .text.rbtree_insert
                0x000000000010b430        0x8 /opt/devkitpro/libctru/lib/libctru.a(rbtree_insert.o)
                0x000000000010b430                rbtree_insert
 .text.rbtree_rotate
                0x000000000010b438       0x90 /opt/devkitpro/libctru/lib/libctru.a(rbtree_rotate.o)
                0x000000000010b438                rbtree_rotate
 .text.rbtree_remove
                0x000000000010b4c8      0x318 /opt/devkitpro/libctru/lib/libctru.a(rbtree_remove.o)
                0x000000000010b4c8                rbtree_remove
 .text.rbtree_find
                0x000000000010b7e0       0x74 /opt/devkitpro/libctru/lib/libctru.a(rbtree_find.o)
                0x000000000010b7e0                rbtree_find
 .text.encode_utf16
                0x000000000010b854       0x54 /opt/devkitpro/libctru/lib/libctru.a(encode_utf16.o)
                0x000000000010b854                encode_utf16
 .text.encode_utf8
                0x000000000010b8a8       0xe0 /opt/devkitpro/libctru/lib/libctru.a(encode_utf8.o)
                0x000000000010b8a8                encode_utf8
 .text.decode_utf8
                0x000000000010b988      0x13c /opt/devkitpro/libctru/lib/libctru.a(decode_utf8.o)
                0x000000000010b988                decode_utf8
 .text.__appInit
                0x000000000010bac4       0x30 /opt/devkitpro/libctru/lib/libctru.a(appInit.o)
                0x000000000010bac4                __appInit
 .text.__syscall_getreent
                0x000000000010baf4       0x30 /opt/devkitpro/libctru/lib/libctru.a(syscalls.o)
                0x000000000010baf4                __syscall_getreent
 .text.__syscall_gettod_r
                0x000000000010bb24       0x74 /opt/devkitpro/libctru/lib/libctru.a(syscalls.o)
                0x000000000010bb24                __syscall_gettod_r
 .text.__syscall_lock_acquire
                0x000000000010bb98        0x4 /opt/devkitpro/libctru/lib/libctru.a(syscalls.o)
                0x000000000010bb98                __syscall_lock_acquire
 .text.__syscall_lock_release
                0x000000000010bb9c        0x4 /opt/devkitpro/libctru/lib/libctru.a(syscalls.o)
                0x000000000010bb9c                __syscall_lock_release
 .text.__syscall_lock_init_recursive
                0x000000000010bba0        0x4 /opt/devkitpro/libctru/lib/libctru.a(syscalls.o)
                0x000000000010bba0                __syscall_lock_init_recursive
 .text.__syscall_lock_acquire_recursive
                0x000000000010bba4        0x4 /opt/devkitpro/libctru/lib/libctru.a(syscalls.o)
                0x000000000010bba4                __syscall_lock_acquire_recursive
 .text.__syscall_lock_release_recursive
                0x000000000010bba8        0x4 /opt/devkitpro/libctru/lib/libctru.a(syscalls.o)
                0x000000000010bba8                __syscall_lock_release_recursive
 .text.__syscall_exit
                0x000000000010bbac        0x4 /opt/devkitpro/libctru/lib/libctru.a(syscalls.o)
                0x000000000010bbac                __syscall_exit
 .text.initThreadVars
                0x000000000010bbb0       0x50 /opt/devkitpro/libctru/lib/libctru.a(syscalls.o)
                0x000000000010bbb0                initThreadVars
 .text.__system_initSyscalls
                0x000000000010bc00       0x68 /opt/devkitpro/libctru/lib/libctru.a(syscalls.o)
                0x000000000010bc00                __system_initSyscalls
 .text.__system_allocateHeaps
                0x000000000010bc68      0x1e0 /opt/devkitpro/libctru/lib/libctru.a(allocateHeaps.o)
                0x000000000010bc68                __system_allocateHeaps
 .text.__appExit
                0x000000000010be48       0x30 /opt/devkitpro/libctru/lib/libctru.a(appExit.o)
                0x000000000010be48                __appExit
 .text.__libctru_exit
                0x000000000010be78       0x90 /opt/devkitpro/libctru/lib/libctru.a(ctru_exit.o)
                0x000000000010be78                __libctru_exit
 .text.archive_link
                0x000000000010bf08       0x14 /opt/devkitpro/libctru/lib/libctru.a(archive_dev.o)
 .text.archive_dirreset
                0x000000000010bf1c       0x14 /opt/devkitpro/libctru/lib/libctru.a(archive_dev.o)
 .text.archive_chmod
                0x000000000010bf30       0x14 /opt/devkitpro/libctru/lib/libctru.a(archive_dev.o)
 .text.error_cmp
                0x000000000010bf44       0x24 /opt/devkitpro/libctru/lib/libctru.a(archive_dev.o)
 .text.archive_translate_error
                0x000000000010bf68       0x50 /opt/devkitpro/libctru/lib/libctru.a(archive_dev.o)
 .text.archive_seek
                0x000000000010bfb8       0xc8 /opt/devkitpro/libctru/lib/libctru.a(archive_dev.o)
 .text._archiveInit.part.0
                0x000000000010c080       0x7c /opt/devkitpro/libctru/lib/libctru.a(archive_dev.o)
 .text.archiveFindDevice.part.0
                0x000000000010c0fc       0xc4 /opt/devkitpro/libctru/lib/libctru.a(archive_dev.o)
 .text.archive_utf16path
                0x000000000010c1c0      0x25c /opt/devkitpro/libctru/lib/libctru.a(archive_dev.o)
 .text._archiveUnmountDeviceStruct.part.0
                0x000000000010c41c       0xa0 /opt/devkitpro/libctru/lib/libctru.a(archive_dev.o)
 .text.archive_fchmod
                0x000000000010c4bc       0x14 /opt/devkitpro/libctru/lib/libctru.a(archive_dev.o)
 .text.archive_statvfs
                0x000000000010c4d0       0x14 /opt/devkitpro/libctru/lib/libctru.a(archive_dev.o)
 .text._archiveMountDevice
                0x000000000010c4e4      0x164 /opt/devkitpro/libctru/lib/libctru.a(archive_dev.o)
 .text.archive_diropen
                0x000000000010c648       0xe8 /opt/devkitpro/libctru/lib/libctru.a(archive_dev.o)
 .text.archive_fstat
                0x000000000010c730       0xa4 /opt/devkitpro/libctru/lib/libctru.a(archive_dev.o)
 .text.archive_close
                0x000000000010c7d4       0x6c /opt/devkitpro/libctru/lib/libctru.a(archive_dev.o)
 .text.archive_fsync
                0x000000000010c840       0x6c /opt/devkitpro/libctru/lib/libctru.a(archive_dev.o)
 .text.archive_dirclose
                0x000000000010c8ac       0x70 /opt/devkitpro/libctru/lib/libctru.a(archive_dev.o)
 .text.sdmc_statvfs
                0x000000000010c91c       0xe8 /opt/devkitpro/libctru/lib/libctru.a(archive_dev.o)
 .text.archive_chdir
                0x000000000010ca04       0xec /opt/devkitpro/libctru/lib/libctru.a(archive_dev.o)
 .text.archive_ftruncate
                0x000000000010caf0       0x7c /opt/devkitpro/libctru/lib/libctru.a(archive_dev.o)
 .text.archive_read
                0x000000000010cb6c       0xac /opt/devkitpro/libctru/lib/libctru.a(archive_dev.o)
 .text.archive_unlink
                0x000000000010cc18       0xa4 /opt/devkitpro/libctru/lib/libctru.a(archive_dev.o)
 .text.archive_rmdir
                0x000000000010ccbc       0xbc /opt/devkitpro/libctru/lib/libctru.a(archive_dev.o)
 .text.archive_mkdir
                0x000000000010cd78       0xdc /opt/devkitpro/libctru/lib/libctru.a(archive_dev.o)
 .text.archive_stat
                0x000000000010ce54      0x19c /opt/devkitpro/libctru/lib/libctru.a(archive_dev.o)
 .text.archive_dirnext
                0x000000000010cff0      0x15c /opt/devkitpro/libctru/lib/libctru.a(archive_dev.o)
 .text.archive_write
                0x000000000010d14c       0xec /opt/devkitpro/libctru/lib/libctru.a(archive_dev.o)
 .text.archive_open
                0x000000000010d238      0x1d4 /opt/devkitpro/libctru/lib/libctru.a(archive_dev.o)
 .text.archive_rename
                0x000000000010d40c      0x278 /opt/devkitpro/libctru/lib/libctru.a(archive_dev.o)
 .text.archiveMountSdmc
                0x000000000010d684      0x19c /opt/devkitpro/libctru/lib/libctru.a(archive_dev.o)
                0x000000000010d684                archiveMountSdmc
 .text.archiveUnmountAll
                0x000000000010d820       0x54 /opt/devkitpro/libctru/lib/libctru.a(archive_dev.o)
                0x000000000010d820                archiveUnmountAll
 .text.rbtree_node_next
                0x000000000010d874       0x5c /opt/devkitpro/libctru/lib/libctru.a(rbtree_iterator.o)
                0x000000000010d874                rbtree_node_next
 .text.__udivmoddi4
                0x000000000010d8d0      0x120 /opt/devkitpro/devkitARM/bin/../lib/gcc/arm-none-eabi/12.2.0/armv6k/fpu/libgcc.a(_udivmoddi4.o)
                0x000000000010d8d0                __udivmoddi4
 .text.bsearch  0x000000000010d9f0       0x78 /opt/devkitpro/devkitARM/bin/../lib/gcc/arm-none-eabi/12.2.0/../../../../arm-none-eabi/lib/armv6k/fpu/libg.a(lib_a-bsearch.o)
                0x000000000010d9f0                bsearch
 .text.calloc   0x000000000010da68       0x20 /opt/devkitpro/devkitARM/bin/../lib/gcc/arm-none-eabi/12.2.0/../../../../arm-none-eabi/lib/armv6k/fpu/libg.a(lib_a-calloc.o)
                0x000000000010da68                calloc
 .text._calloc_r
                0x000000000010da88       0xc0 /opt/devkitpro/devkitARM/bin/../lib/gcc/arm-none-eabi/12.2.0/../../../../arm-none-eabi/lib/armv6k/fpu/libg.a(lib_a-callocr.o)
                0x000000000010da88                _calloc_r
 .text.__errno  0x000000000010db48        0xc /opt/devkitpro/devkitARM/bin/../lib/gcc/arm-none-eabi/12.2.0/../../../../arm-none-eabi/lib/armv6k/fpu/libg.a(lib_a-errno.o)
                0x000000000010db48                __errno
 .text.exit     0x000000000010db54       0x34 /opt/devkitpro/devkitARM/bin/../lib/gcc/arm-none-eabi/12.2.0/../../../../arm-none-eabi/lib/armv6k/fpu/libg.a(lib_a-exit.o)
                0x000000000010db54                exit
 .text._fclose_r
                0x000000000010db88      0x15c /opt/devkitpro/devkitARM/bin/../lib/gcc/arm-none-eabi/12.2.0/../../../../arm-none-eabi/lib/armv6k/fpu/libg.a(lib_a-fclose.o)
                0x000000000010db88                _fclose_r
 .text.fclose   0x000000000010dce4       0x18 /opt/devkitpro/devkitARM/bin/../lib/gcc/arm-none-eabi/12.2.0/../../../../arm-none-eabi/lib/armv6k/fpu/libg.a(lib_a-fclose.o)
                0x000000000010dce4                fclose
 .text.__sflush_r
                0x000000000010dcfc      0x234 /opt/devkitpro/devkitARM/bin/../lib/gcc/arm-none-eabi/12.2.0/../../../../arm-none-eabi/lib/armv6k/fpu/libg.a(lib_a-fflush.o)
                0x000000000010dcfc                __sflush_r
 .text._fflush_r
                0x000000000010df30       0x94 /opt/devkitpro/devkitARM/bin/../lib/gcc/arm-none-eabi/12.2.0/../../../../arm-none-eabi/lib/armv6k/fpu/libg.a(lib_a-fflush.o)
                0x000000000010df30                _fflush_r
 .text.fflush   0x000000000010dfc4       0x38 /opt/devkitpro/devkitARM/bin/../lib/gcc/arm-none-eabi/12.2.0/../../../../arm-none-eabi/lib/armv6k/fpu/libg.a(lib_a-fflush.o)
                0x000000000010dfc4                fflush
 .text._cleanup_r
                0x000000000010dffc        0xc /opt/devkitpro/devkitARM/bin/../lib/gcc/arm-none-eabi/12.2.0/../../../../arm-none-eabi/lib/armv6k/fpu/libg.a(lib_a-findfp.o)
                0x000000000010dffc                _cleanup_r
 .text.__sinit  0x000000000010e008      0x184 /opt/devkitpro/devkitARM/bin/../lib/gcc/arm-none-eabi/12.2.0/../../../../arm-none-eabi/lib/armv6k/fpu/libg.a(lib_a-findfp.o)
                0x000000000010e008                __sinit
 .text.__sfp    0x000000000010e18c      0x134 /opt/devkitpro/devkitARM/bin/../lib/gcc/arm-none-eabi/12.2.0/../../../../arm-none-eabi/lib/armv6k/fpu/libg.a(lib_a-findfp.o)
                0x000000000010e18c                __sfp
 .text.__sfp_lock_acquire
                0x000000000010e2c0        0xc /opt/devkitpro/devkitARM/bin/../lib/gcc/arm-none-eabi/12.2.0/../../../../arm-none-eabi/lib/armv6k/fpu/libg.a(lib_a-findfp.o)
                0x000000000010e2c0                __sfp_lock_acquire
 .text.__sfp_lock_release
                0x000000000010e2cc        0xc /opt/devkitpro/devkitARM/bin/../lib/gcc/arm-none-eabi/12.2.0/../../../../arm-none-eabi/lib/armv6k/fpu/libg.a(lib_a-findfp.o)
                0x000000000010e2cc                __sfp_lock_release
 .text.__libc_fini_array
                0x000000000010e2d8       0x3c /opt/devkitpro/devkitARM/bin/../lib/gcc/arm-none-eabi/12.2.0/../../../../arm-none-eabi/lib/armv6k/fpu/libg.a(lib_a-fini.o)
                0x000000000010e2d8                __libc_fini_array
 .text._fopen_r
                0x000000000010e314      0x134 /opt/devkitpro/devkitARM/bin/../lib/gcc/arm-none-eabi/12.2.0/../../../../arm-none-eabi/lib/armv6k/fpu/libg.a(lib_a-fopen.o)
                0x000000000010e314                _fopen_r
 .text.fopen    0x000000000010e448       0x20 /opt/devkitpro/devkitARM/bin/../lib/gcc/arm-none-eabi/12.2.0/../../../../arm-none-eabi/lib/armv6k/fpu/libg.a(lib_a-fopen.o)
                0x000000000010e448                fopen
 .text._fread_r
                0x000000000010e468      0x2d0 /opt/devkitpro/devkitARM/bin/../lib/gcc/arm-none-eabi/12.2.0/../../../../arm-none-eabi/lib/armv6k/fpu/libg.a(lib_a-fread.o)
                0x000000000010e468                _fread_r
 .text.fread    0x000000000010e738       0x38 /opt/devkitpro/devkitARM/bin/../lib/gcc/arm-none-eabi/12.2.0/../../../../arm-none-eabi/lib/armv6k/fpu/libg.a(lib_a-fread.o)
                0x000000000010e738                fread
 .text._malloc_trim_r
                0x000000000010e770       0xf8 /opt/devkitpro/devkitARM/bin/../lib/gcc/arm-none-eabi/12.2.0/../../../../arm-none-eabi/lib/armv6k/fpu/libg.a(lib_a-freer.o)
                0x000000000010e770                _malloc_trim_r
 .text._free_r  0x000000000010e868      0x2e8 /opt/devkitpro/devkitARM/bin/../lib/gcc/arm-none-eabi/12.2.0/../../../../arm-none-eabi/lib/armv6k/fpu/libg.a(lib_a-freer.o)
                0x000000000010e868                _free_r
 .text._fseek_r
                0x000000000010eb50       0x1c /opt/devkitpro/devkitARM/bin/../lib/gcc/arm-none-eabi/12.2.0/../../../../arm-none-eabi/lib/armv6k/fpu/libg.a(lib_a-fseek.o)
                0x000000000010eb50                _fseek_r
 .text.fseek    0x000000000010eb6c       0x34 /opt/devkitpro/devkitARM/bin/../lib/gcc/arm-none-eabi/12.2.0/../../../../arm-none-eabi/lib/armv6k/fpu/libg.a(lib_a-fseek.o)
                0x000000000010eb6c                fseek
 .text._fseeko_r
                0x000000000010eba0      0x590 /opt/devkitpro/devkitARM/bin/../lib/gcc/arm-none-eabi/12.2.0/../../../../arm-none-eabi/lib/armv6k/fpu/libg.a(lib_a-fseeko.o)
                0x000000000010eba0                _fseeko_r
 .text.ftell    0x000000000010f130       0x2c /opt/devkitpro/devkitARM/bin/../lib/gcc/arm-none-eabi/12.2.0/../../../../arm-none-eabi/lib/armv6k/fpu/libg.a(lib_a-ftell.o)
                0x000000000010f130                ftell
 .text._ftello_r
                0x000000000010f15c      0x1b4 /opt/devkitpro/devkitARM/bin/../lib/gcc/arm-none-eabi/12.2.0/../../../../arm-none-eabi/lib/armv6k/fpu/libg.a(lib_a-ftello.o)
                0x000000000010f15c                _ftello_r
 .text._fwalk   0x000000000010f310       0x68 /opt/devkitpro/devkitARM/bin/../lib/gcc/arm-none-eabi/12.2.0/../../../../arm-none-eabi/lib/armv6k/fpu/libg.a(lib_a-fwalk.o)
                0x000000000010f310                _fwalk
 .text._fwalk_reent
                0x000000000010f378       0x70 /opt/devkitpro/devkitARM/bin/../lib/gcc/arm-none-eabi/12.2.0/../../../../arm-none-eabi/lib/armv6k/fpu/libg.a(lib_a-fwalk.o)
                0x000000000010f378                _fwalk_reent
 .text.__libc_init_array
                0x000000000010f3e8       0x84 /opt/devkitpro/devkitARM/bin/../lib/gcc/arm-none-eabi/12.2.0/../../../../arm-none-eabi/lib/armv6k/fpu/libg.a(lib_a-init.o)
                0x000000000010f3e8                __libc_init_array
 .text.__smakebuf_r
                0x000000000010f46c      0x138 /opt/devkitpro/devkitARM/bin/../lib/gcc/arm-none-eabi/12.2.0/../../../../arm-none-eabi/lib/armv6k/fpu/libg.a(lib_a-makebuf.o)
                0x000000000010f46c                __smakebuf_r
 .text.__swhatbuf_r
                0x000000000010f5a4       0x8c /opt/devkitpro/devkitARM/bin/../lib/gcc/arm-none-eabi/12.2.0/../../../../arm-none-eabi/lib/armv6k/fpu/libg.a(lib_a-makebuf.o)
                0x000000000010f5a4                __swhatbuf_r
 .text.memalign
                0x000000000010f630       0x20 /opt/devkitpro/devkitARM/bin/../lib/gcc/arm-none-eabi/12.2.0/../../../../arm-none-eabi/lib/armv6k/fpu/libg.a(lib_a-malign.o)
                0x000000000010f630                memalign
 .text._memalign_r
                0x000000000010f650      0x14c /opt/devkitpro/devkitARM/bin/../lib/gcc/arm-none-eabi/12.2.0/../../../../arm-none-eabi/lib/armv6k/fpu/libg.a(lib_a-malignr.o)
                0x000000000010f650                _memalign_r
 .text.malloc   0x000000000010f79c       0x18 /opt/devkitpro/devkitARM/bin/../lib/gcc/arm-none-eabi/12.2.0/../../../../arm-none-eabi/lib/armv6k/fpu/libg.a(lib_a-malloc.o)
                0x000000000010f79c                malloc
 .text.free     0x000000000010f7b4       0x18 /opt/devkitpro/devkitARM/bin/../lib/gcc/arm-none-eabi/12.2.0/../../../../arm-none-eabi/lib/armv6k/fpu/libg.a(lib_a-malloc.o)
                0x000000000010f7b4                free
 .text._malloc_r
                0x000000000010f7cc      0x7e4 /opt/devkitpro/devkitARM/bin/../lib/gcc/arm-none-eabi/12.2.0/../../../../arm-none-eabi/lib/armv6k/fpu/libg.a(lib_a-mallocr.o)
                0x000000000010f7cc                _malloc_r
 .text.memchr   0x000000000010ffb0       0xe4 /opt/devkitpro/devkitARM/bin/../lib/gcc/arm-none-eabi/12.2.0/../../../../arm-none-eabi/lib/armv6k/fpu/libg.a(lib_a-memchr-stub.o)
                0x000000000010ffb0                memchr
 .text.memcmp   0x0000000000110094       0xb0 /opt/devkitpro/devkitARM/bin/../lib/gcc/arm-none-eabi/12.2.0/../../../../arm-none-eabi/lib/armv6k/fpu/libg.a(lib_a-memcmp.o)
                0x0000000000110094                memcmp
 .text.memcpy   0x0000000000110144      0x118 /opt/devkitpro/devkitARM/bin/../lib/gcc/arm-none-eabi/12.2.0/../../../../arm-none-eabi/lib/armv6k/fpu/libg.a(lib_a-memcpy-stub.o)
                0x0000000000110144                memcpy
 .text.memset   0x000000000011025c       0xf4 /opt/devkitpro/devkitARM/bin/../lib/gcc/arm-none-eabi/12.2.0/../../../../arm-none-eabi/lib/armv6k/fpu/libg.a(lib_a-memset.o)
                0x000000000011025c                memset
 .text.__malloc_lock
                0x0000000000110350        0xc /opt/devkitpro/devkitARM/bin/../lib/gcc/arm-none-eabi/12.2.0/../../../../arm-none-eabi/lib/armv6k/fpu/libg.a(lib_a-mlock.o)
                0x0000000000110350                __malloc_lock
 .text.__malloc_unlock
                0x000000000011035c        0xc /opt/devkitpro/devkitARM/bin/../lib/gcc/arm-none-eabi/12.2.0/../../../../arm-none-eabi/lib/armv6k/fpu/libg.a(lib_a-mlock.o)
                0x000000000011035c                __malloc_unlock
 .text.printf   0x0000000000110368       0x34 /opt/devkitpro/devkitARM/bin/../lib/gcc/arm-none-eabi/12.2.0/../../../../arm-none-eabi/lib/armv6k/fpu/libg.a(lib_a-printf.o)
                0x0000000000110368                printf
 .text._puts_r  0x000000000011039c       0xe0 /opt/devkitpro/devkitARM/bin/../lib/gcc/arm-none-eabi/12.2.0/../../../../arm-none-eabi/lib/armv6k/fpu/libg.a(lib_a-puts.o)
                0x000000000011039c                _puts_r
 .text.puts     0x000000000011047c       0x18 /opt/devkitpro/devkitARM/bin/../lib/gcc/arm-none-eabi/12.2.0/../../../../arm-none-eabi/lib/armv6k/fpu/libg.a(lib_a-puts.o)
                0x000000000011047c                puts
 .text.lflush   0x0000000000110494       0x1c /opt/devkitpro/devkitARM/bin/../lib/gcc/arm-none-eabi/12.2.0/../../../../arm-none-eabi/lib/armv6k/fpu/libg.a(lib_a-refill.o)
 .text.__srefill_r
                0x00000000001104b0      0x198 /opt/devkitpro/devkitARM/bin/../lib/gcc/arm-none-eabi/12.2.0/../../../../arm-none-eabi/lib/armv6k/fpu/libg.a(lib_a-refill.o)
                0x00000000001104b0                __srefill_r
 .text.setvbuf  0x0000000000110648      0x25c /opt/devkitpro/devkitARM/bin/../lib/gcc/arm-none-eabi/12.2.0/../../../../arm-none-eabi/lib/armv6k/fpu/libg.a(lib_a-setvbuf.o)
                0x0000000000110648                setvbuf
 .text.snprintf
                0x00000000001108a4       0xcc /opt/devkitpro/devkitARM/bin/../lib/gcc/arm-none-eabi/12.2.0/../../../../arm-none-eabi/lib/armv6k/fpu/libg.a(lib_a-snprintf.o)
                0x00000000001108a4                snprintf
 .text.sprintf  0x0000000000110970       0x64 /opt/devkitpro/devkitARM/bin/../lib/gcc/arm-none-eabi/12.2.0/../../../../arm-none-eabi/lib/armv6k/fpu/libg.a(lib_a-sprintf.o)
                0x0000000000110970                sprintf
 .text.sscanf   0x00000000001109d4       0x74 /opt/devkitpro/devkitARM/bin/../lib/gcc/arm-none-eabi/12.2.0/../../../../arm-none-eabi/lib/armv6k/fpu/libg.a(lib_a-sscanf.o)
                0x00000000001109d4                sscanf
 .text.__sread  0x0000000000110a48       0x44 /opt/devkitpro/devkitARM/bin/../lib/gcc/arm-none-eabi/12.2.0/../../../../arm-none-eabi/lib/armv6k/fpu/libg.a(lib_a-stdio.o)
                0x0000000000110a48                __sread
 .text.__seofread
                0x0000000000110a8c        0x8 /opt/devkitpro/devkitARM/bin/../lib/gcc/arm-none-eabi/12.2.0/../../../../arm-none-eabi/lib/armv6k/fpu/libg.a(lib_a-stdio.o)
                0x0000000000110a8c                __seofread
 .text.__swrite
                0x0000000000110a94       0x68 /opt/devkitpro/devkitARM/bin/../lib/gcc/arm-none-eabi/12.2.0/../../../../arm-none-eabi/lib/armv6k/fpu/libg.a(lib_a-stdio.o)
                0x0000000000110a94                __swrite
 .text.__sseek  0x0000000000110afc       0x44 /opt/devkitpro/devkitARM/bin/../lib/gcc/arm-none-eabi/12.2.0/../../../../arm-none-eabi/lib/armv6k/fpu/libg.a(lib_a-stdio.o)
                0x0000000000110afc                __sseek
 .text.__sclose
                0x0000000000110b40        0x8 /opt/devkitpro/devkitARM/bin/../lib/gcc/arm-none-eabi/12.2.0/../../../../arm-none-eabi/lib/armv6k/fpu/libg.a(lib_a-stdio.o)
                0x0000000000110b40                __sclose
 .text.strchr   0x0000000000110b48      0x130 /opt/devkitpro/devkitARM/bin/../lib/gcc/arm-none-eabi/12.2.0/../../../../arm-none-eabi/lib/armv6k/fpu/libg.a(lib_a-strchr.o)
                0x0000000000110b48                strchr
 .text.strlen   0x0000000000110c78       0x5c /opt/devkitpro/devkitARM/bin/../lib/gcc/arm-none-eabi/12.2.0/../../../../arm-none-eabi/lib/armv6k/fpu/libg.a(lib_a-strlen-stub.o)
                0x0000000000110c78                strlen
 .text.strncat  0x0000000000110cd4       0xe4 /opt/devkitpro/devkitARM/bin/../lib/gcc/arm-none-eabi/12.2.0/../../../../arm-none-eabi/lib/armv6k/fpu/libg.a(lib_a-strncat.o)
                0x0000000000110cd4                strncat
 .text.strncmp  0x0000000000110db8       0xe4 /opt/devkitpro/devkitARM/bin/../lib/gcc/arm-none-eabi/12.2.0/../../../../arm-none-eabi/lib/armv6k/fpu/libg.a(lib_a-strncmp.o)
                0x0000000000110db8                strncmp
 .text.strncpy  0x0000000000110e9c       0xc4 /opt/devkitpro/devkitARM/bin/../lib/gcc/arm-none-eabi/12.2.0/../../../../arm-none-eabi/lib/armv6k/fpu/libg.a(lib_a-strncpy.o)
                0x0000000000110e9c                strncpy
 .text.strnlen  0x0000000000110f60       0x48 /opt/devkitpro/devkitARM/bin/../lib/gcc/arm-none-eabi/12.2.0/../../../../arm-none-eabi/lib/armv6k/fpu/libg.a(lib_a-strnlen.o)
                0x0000000000110f60                strnlen
 .text._strtoul_l.constprop.0
                0x0000000000110fa8      0x1c4 /opt/devkitpro/devkitARM/bin/../lib/gcc/arm-none-eabi/12.2.0/../../../../arm-none-eabi/lib/armv6k/fpu/libg.a(lib_a-strtoul.o)
 .text._strtoul_r
                0x000000000011116c        0x4 /opt/devkitpro/devkitARM/bin/../lib/gcc/arm-none-eabi/12.2.0/../../../../arm-none-eabi/lib/armv6k/fpu/libg.a(lib_a-strtoul.o)
                0x000000000011116c                _strtoul_r
 .text.strtoul  0x0000000000111170       0x28 /opt/devkitpro/devkitARM/bin/../lib/gcc/arm-none-eabi/12.2.0/../../../../arm-none-eabi/lib/armv6k/fpu/libg.a(lib_a-strtoul.o)
                0x0000000000111170                strtoul
 .text.get_arg  0x0000000000111198      0x66c /opt/devkitpro/devkitARM/bin/../lib/gcc/arm-none-eabi/12.2.0/../../../../arm-none-eabi/lib/armv6k/fpu/libg.a(lib_a-svfprintf.o)
 *fill*         0x0000000000111804        0x4 
 .text._svfprintf_r
                0x0000000000111808     0x3334 /opt/devkitpro/devkitARM/bin/../lib/gcc/arm-none-eabi/12.2.0/../../../../arm-none-eabi/lib/armv6k/fpu/libg.a(lib_a-svfprintf.o)
                0x0000000000111808                _svfprintf_r
 .text.get_arg  0x0000000000114b3c       0x50 /opt/devkitpro/devkitARM/bin/../lib/gcc/arm-none-eabi/12.2.0/../../../../arm-none-eabi/lib/armv6k/fpu/libg.a(lib_a-svfscanf.o)
 .text.__ssvfscanf_r
                0x0000000000114b8c     0x2c38 /opt/devkitpro/devkitARM/bin/../lib/gcc/arm-none-eabi/12.2.0/../../../../arm-none-eabi/lib/armv6k/fpu/libg.a(lib_a-svfscanf.o)
                0x0000000000114b8c                __ssvfscanf_r
 .text.time     0x00000000001177c4       0x3c /opt/devkitpro/devkitARM/bin/../lib/gcc/arm-none-eabi/12.2.0/../../../../arm-none-eabi/lib/armv6k/fpu/libg.a(lib_a-time.o)
                0x00000000001177c4                time
 .text.get_arg  0x0000000000117800      0x66c /opt/devkitpro/devkitARM/bin/../lib/gcc/arm-none-eabi/12.2.0/../../../../arm-none-eabi/lib/armv6k/fpu/libg.a(lib_a-vfprintf.o)
 *fill*         0x0000000000117e6c        0x4 
 .text._vfprintf_r
                0x0000000000117e70     0x339c /opt/devkitpro/devkitARM/bin/../lib/gcc/arm-none-eabi/12.2.0/../../../../arm-none-eabi/lib/armv6k/fpu/libg.a(lib_a-vfprintf.o)
                0x0000000000117e70                _vfprintf_r
 .text.__sbprintf
                0x000000000011b20c       0xd0 /opt/devkitpro/devkitARM/bin/../lib/gcc/arm-none-eabi/12.2.0/../../../../arm-none-eabi/lib/armv6k/fpu/libg.a(lib_a-vfprintf.o)
 .text._wcrtomb_r
                0x000000000011b2dc       0x54 /opt/devkitpro/devkitARM/bin/../lib/gcc/arm-none-eabi/12.2.0/../../../../arm-none-eabi/lib/armv6k/fpu/libg.a(lib_a-wcrtomb.o)
                0x000000000011b2dc                _wcrtomb_r
 .text._wcsrtombs_r
                0x000000000011b330       0x28 /opt/devkitpro/devkitARM/bin/../lib/gcc/arm-none-eabi/12.2.0/../../../../arm-none-eabi/lib/armv6k/fpu/libg.a(lib_a-wcsrtombs.o)
                0x000000000011b330                _wcsrtombs_r
 .text.__swsetup_r
                0x000000000011b358      0x13c /opt/devkitpro/devkitARM/bin/../lib/gcc/arm-none-eabi/12.2.0/../../../../arm-none-eabi/lib/armv6k/fpu/libg.a(lib_a-wsetup.o)
                0x000000000011b358                __swsetup_r
 .text.__call_exitprocs
                0x000000000011b494      0x114 /opt/devkitpro/devkitARM/bin/../lib/gcc/arm-none-eabi/12.2.0/../../../../arm-none-eabi/lib/armv6k/fpu/libg.a(lib_a-__call_atexit.o)
                0x000000000011b494                __call_exitprocs
 .text.quorem   0x000000000011b5a8      0x1b0 /opt/devkitpro/devkitARM/bin/../lib/gcc/arm-none-eabi/12.2.0/../../../../arm-none-eabi/lib/armv6k/fpu/libg.a(lib_a-dtoa.o)
 .text._dtoa_r  0x000000000011b758     0x11f8 /opt/devkitpro/devkitARM/bin/../lib/gcc/arm-none-eabi/12.2.0/../../../../arm-none-eabi/lib/armv6k/fpu/libg.a(lib_a-dtoa.o)
                0x000000000011b758                _dtoa_r
 .text.__sflags
                0x000000000011c950       0xc8 /opt/devkitpro/devkitARM/bin/../lib/gcc/arm-none-eabi/12.2.0/../../../../arm-none-eabi/lib/armv6k/fpu/libg.a(lib_a-flags.o)
                0x000000000011c950                __sflags
 .text.__sfvwrite_r
                0x000000000011ca18      0x4b4 /opt/devkitpro/devkitARM/bin/../lib/gcc/arm-none-eabi/12.2.0/../../../../arm-none-eabi/lib/armv6k/fpu/libg.a(lib_a-fvwrite.o)
                0x000000000011ca18                __sfvwrite_r
 .text.iswspace
                0x000000000011cecc        0x8 /opt/devkitpro/devkitARM/bin/../lib/gcc/arm-none-eabi/12.2.0/../../../../arm-none-eabi/lib/armv6k/fpu/libg.a(lib_a-iswspace.o)
                0x000000000011cecc                iswspace
 .text._localeconv_r
                0x000000000011ced4        0xc /opt/devkitpro/devkitARM/bin/../lib/gcc/arm-none-eabi/12.2.0/../../../../arm-none-eabi/lib/armv6k/fpu/libg.a(lib_a-localeconv.o)
                0x000000000011ced4                _localeconv_r
 .text.__locale_mb_cur_max
                0x000000000011cee0       0x10 /opt/devkitpro/devkitARM/bin/../lib/gcc/arm-none-eabi/12.2.0/../../../../arm-none-eabi/lib/armv6k/fpu/libg.a(lib_a-locale.o)
                0x000000000011cee0                __locale_mb_cur_max
 .text._mbrtowc_r
                0x000000000011cef0       0x68 /opt/devkitpro/devkitARM/bin/../lib/gcc/arm-none-eabi/12.2.0/../../../../arm-none-eabi/lib/armv6k/fpu/libg.a(lib_a-mbrtowc.o)
                0x000000000011cef0                _mbrtowc_r
 .text.__utf8_mbtowc
                0x000000000011cf58      0x2f8 /opt/devkitpro/devkitARM/bin/../lib/gcc/arm-none-eabi/12.2.0/../../../../arm-none-eabi/lib/armv6k/fpu/libg.a(lib_a-mbtowc_r.o)
                0x000000000011cf58                __utf8_mbtowc
 .text.memmove  0x000000000011d250      0x150 /opt/devkitpro/devkitARM/bin/../lib/gcc/arm-none-eabi/12.2.0/../../../../arm-none-eabi/lib/armv6k/fpu/libg.a(lib_a-memmove.o)
                0x000000000011d250                memmove
 .text._Balloc  0x000000000011d3a0       0x88 /opt/devkitpro/devkitARM/bin/../lib/gcc/arm-none-eabi/12.2.0/../../../../arm-none-eabi/lib/armv6k/fpu/libg.a(lib_a-mprec.o)
                0x000000000011d3a0                _Balloc
 .text._Bfree   0x000000000011d428       0x1c /opt/devkitpro/devkitARM/bin/../lib/gcc/arm-none-eabi/12.2.0/../../../../arm-none-eabi/lib/armv6k/fpu/libg.a(lib_a-mprec.o)
                0x000000000011d428                _Bfree
 .text.__multadd
                0x000000000011d444       0xf4 /opt/devkitpro/devkitARM/bin/../lib/gcc/arm-none-eabi/12.2.0/../../../../arm-none-eabi/lib/armv6k/fpu/libg.a(lib_a-mprec.o)
                0x000000000011d444                __multadd
 .text.__s2b    0x000000000011d538      0x110 /opt/devkitpro/devkitARM/bin/../lib/gcc/arm-none-eabi/12.2.0/../../../../arm-none-eabi/lib/armv6k/fpu/libg.a(lib_a-mprec.o)
                0x000000000011d538                __s2b
 .text.__hi0bits
                0x000000000011d648       0x60 /opt/devkitpro/devkitARM/bin/../lib/gcc/arm-none-eabi/12.2.0/../../../../arm-none-eabi/lib/armv6k/fpu/libg.a(lib_a-mprec.o)
                0x000000000011d648                __hi0bits
 .text.__lo0bits
                0x000000000011d6a8       0x9c /opt/devkitpro/devkitARM/bin/../lib/gcc/arm-none-eabi/12.2.0/../../../../arm-none-eabi/lib/armv6k/fpu/libg.a(lib_a-mprec.o)
                0x000000000011d6a8                __lo0bits
 .text.__i2b    0x000000000011d744       0xa8 /opt/devkitpro/devkitARM/bin/../lib/gcc/arm-none-eabi/12.2.0/../../../../arm-none-eabi/lib/armv6k/fpu/libg.a(lib_a-mprec.o)
                0x000000000011d744                __i2b
 .text.__multiply
                0x000000000011d7ec      0x204 /opt/devkitpro/devkitARM/bin/../lib/gcc/arm-none-eabi/12.2.0/../../../../arm-none-eabi/lib/armv6k/fpu/libg.a(lib_a-mprec.o)
                0x000000000011d7ec                __multiply
 .text.__pow5mult
                0x000000000011d9f0      0x124 /opt/devkitpro/devkitARM/bin/../lib/gcc/arm-none-eabi/12.2.0/../../../../arm-none-eabi/lib/armv6k/fpu/libg.a(lib_a-mprec.o)
                0x000000000011d9f0                __pow5mult
 .text.__lshift
                0x000000000011db14      0x140 /opt/devkitpro/devkitARM/bin/../lib/gcc/arm-none-eabi/12.2.0/../../../../arm-none-eabi/lib/armv6k/fpu/libg.a(lib_a-mprec.o)
                0x000000000011db14                __lshift
 .text.__mcmp   0x000000000011dc54       0x58 /opt/devkitpro/devkitARM/bin/../lib/gcc/arm-none-eabi/12.2.0/../../../../arm-none-eabi/lib/armv6k/fpu/libg.a(lib_a-mprec.o)
                0x000000000011dc54                __mcmp
 .text.__mdiff  0x000000000011dcac      0x1ec /opt/devkitpro/devkitARM/bin/../lib/gcc/arm-none-eabi/12.2.0/../../../../arm-none-eabi/lib/armv6k/fpu/libg.a(lib_a-mprec.o)
                0x000000000011dcac                __mdiff
 .text.__ulp    0x000000000011de98       0x68 /opt/devkitpro/devkitARM/bin/../lib/gcc/arm-none-eabi/12.2.0/../../../../arm-none-eabi/lib/armv6k/fpu/libg.a(lib_a-mprec.o)
                0x000000000011de98                __ulp
 .text.__b2d    0x000000000011df00       0xd0 /opt/devkitpro/devkitARM/bin/../lib/gcc/arm-none-eabi/12.2.0/../../../../arm-none-eabi/lib/armv6k/fpu/libg.a(lib_a-mprec.o)
                0x000000000011df00                __b2d
 .text.__d2b    0x000000000011dfd0      0x120 /opt/devkitpro/devkitARM/bin/../lib/gcc/arm-none-eabi/12.2.0/../../../../arm-none-eabi/lib/armv6k/fpu/libg.a(lib_a-mprec.o)
                0x000000000011dfd0                __d2b
 .text.__ratio  0x000000000011e0f0       0x78 /opt/devkitpro/devkitARM/bin/../lib/gcc/arm-none-eabi/12.2.0/../../../../arm-none-eabi/lib/armv6k/fpu/libg.a(lib_a-mprec.o)
                0x000000000011e0f0                __ratio
 .text.__copybits
                0x000000000011e168       0x88 /opt/devkitpro/devkitARM/bin/../lib/gcc/arm-none-eabi/12.2.0/../../../../arm-none-eabi/lib/armv6k/fpu/libg.a(lib_a-mprec.o)
                0x000000000011e168                __copybits
 .text.__any_on
                0x000000000011e1f0       0x5c /opt/devkitpro/devkitARM/bin/../lib/gcc/arm-none-eabi/12.2.0/../../../../arm-none-eabi/lib/armv6k/fpu/libg.a(lib_a-mprec.o)
                0x000000000011e1f0                __any_on
 .text.realloc  0x000000000011e24c       0x20 /opt/devkitpro/devkitARM/bin/../lib/gcc/arm-none-eabi/12.2.0/../../../../arm-none-eabi/lib/armv6k/fpu/libg.a(lib_a-realloc.o)
                0x000000000011e24c                realloc
 .text._realloc_r
                0x000000000011e26c      0x4a0 /opt/devkitpro/devkitARM/bin/../lib/gcc/arm-none-eabi/12.2.0/../../../../arm-none-eabi/lib/armv6k/fpu/libg.a(lib_a-reallocr.o)
                0x000000000011e26c                _realloc_r
 .text.__sccl   0x000000000011e70c       0xf4 /opt/devkitpro/devkitARM/bin/../lib/gcc/arm-none-eabi/12.2.0/../../../../arm-none-eabi/lib/armv6k/fpu/libg.a(lib_a-sccl.o)
                0x000000000011e70c                __sccl
 .text.nanf     0x000000000011e800        0xc /opt/devkitpro/devkitARM/bin/../lib/gcc/arm-none-eabi/12.2.0/../../../../arm-none-eabi/lib/armv6k/fpu/libg.a(lib_a-sf_nan.o)
                0x000000000011e800                nanf
 *fill*         0x000000000011e80c        0x4 
 .text.frexp    0x000000000011e810       0x88 /opt/devkitpro/devkitARM/bin/../lib/gcc/arm-none-eabi/12.2.0/../../../../arm-none-eabi/lib/armv6k/fpu/libg.a(lib_a-s_frexp.o)
                0x000000000011e810                frexp
 .text.stpncpy  0x000000000011e898       0xcc /opt/devkitpro/devkitARM/bin/../lib/gcc/arm-none-eabi/12.2.0/../../../../arm-none-eabi/lib/armv6k/fpu/libg.a(lib_a-stpncpy.o)
                0x000000000011e898                stpncpy
 .text.sulp     0x000000000011e964       0x64 /opt/devkitpro/devkitARM/bin/../lib/gcc/arm-none-eabi/12.2.0/../../../../arm-none-eabi/lib/armv6k/fpu/libg.a(lib_a-strtod.o)
 .text._strtod_l
                0x000000000011e9c8     0x13a8 /opt/devkitpro/devkitARM/bin/../lib/gcc/arm-none-eabi/12.2.0/../../../../arm-none-eabi/lib/armv6k/fpu/libg.a(lib_a-strtod.o)
                0x000000000011e9c8                _strtod_l
 .text._strtod_r
                0x000000000011fd70        0xc /opt/devkitpro/devkitARM/bin/../lib/gcc/arm-none-eabi/12.2.0/../../../../arm-none-eabi/lib/armv6k/fpu/libg.a(lib_a-strtod.o)
                0x000000000011fd70                _strtod_r
 .text._strtoll_l.constprop.0
                0x000000000011fd7c      0x22c /opt/devkitpro/devkitARM/bin/../lib/gcc/arm-none-eabi/12.2.0/../../../../arm-none-eabi/lib/armv6k/fpu/libg.a(lib_a-strtoll.o)
 .text._strtoll_r
                0x000000000011ffa8        0x4 /opt/devkitpro/devkitARM/bin/../lib/gcc/arm-none-eabi/12.2.0/../../../../arm-none-eabi/lib/armv6k/fpu/libg.a(lib_a-strtoll.o)
                0x000000000011ffa8                _strtoll_r
 .text._strtol_l.part.0
                0x000000000011ffac      0x1a4 /opt/devkitpro/devkitARM/bin/../lib/gcc/arm-none-eabi/12.2.0/../../../../arm-none-eabi/lib/armv6k/fpu/libg.a(lib_a-strtol.o)
 .text._strtol_r
                0x0000000000120150       0x3c /opt/devkitpro/devkitARM/bin/../lib/gcc/arm-none-eabi/12.2.0/../../../../arm-none-eabi/lib/armv6k/fpu/libg.a(lib_a-strtol.o)
                0x0000000000120150                _strtol_r
 .text._strtoull_l.constprop.0
                0x000000000012018c      0x244 /opt/devkitpro/devkitARM/bin/../lib/gcc/arm-none-eabi/12.2.0/../../../../arm-none-eabi/lib/armv6k/fpu/libg.a(lib_a-strtoull.o)
 .text._strtoull_r
                0x00000000001203d0        0x4 /opt/devkitpro/devkitARM/bin/../lib/gcc/arm-none-eabi/12.2.0/../../../../arm-none-eabi/lib/armv6k/fpu/libg.a(lib_a-strtoull.o)
                0x00000000001203d0                _strtoull_r
 .text.__ssprint_r
                0x00000000001203d4      0x188 /opt/devkitpro/devkitARM/bin/../lib/gcc/arm-none-eabi/12.2.0/../../../../arm-none-eabi/lib/armv6k/fpu/libg.a(lib_a-svfiprintf.o)
                0x00000000001203d4                __ssprint_r
 .text._sungetc_r
                0x000000000012055c       0xd4 /opt/devkitpro/devkitARM/bin/../lib/gcc/arm-none-eabi/12.2.0/../../../../arm-none-eabi/lib/armv6k/fpu/libg.a(lib_a-svfiscanf.o)
                0x000000000012055c                _sungetc_r
 .text.__ssrefill_r
                0x0000000000120630       0x6c /opt/devkitpro/devkitARM/bin/../lib/gcc/arm-none-eabi/12.2.0/../../../../arm-none-eabi/lib/armv6k/fpu/libg.a(lib_a-svfiscanf.o)
                0x0000000000120630                __ssrefill_r
 .text._sfread_r
                0x000000000012069c       0xc4 /opt/devkitpro/devkitARM/bin/../lib/gcc/arm-none-eabi/12.2.0/../../../../arm-none-eabi/lib/armv6k/fpu/libg.a(lib_a-svfiscanf.o)
                0x000000000012069c                _sfread_r
 .text.__submore
                0x0000000000120760       0xa8 /opt/devkitpro/devkitARM/bin/../lib/gcc/arm-none-eabi/12.2.0/../../../../arm-none-eabi/lib/armv6k/fpu/libg.a(lib_a-ungetc.o)
                0x0000000000120760                __submore
 .text.get_arg  0x0000000000120808      0x66c /opt/devkitpro/devkitARM/bin/../lib/gcc/arm-none-eabi/12.2.0/../../../../arm-none-eabi/lib/armv6k/fpu/libg.a(lib_a-vfiprintf.o)
 .text.__sprint_r
                0x0000000000120e74       0x30 /opt/devkitpro/devkitARM/bin/../lib/gcc/arm-none-eabi/12.2.0/../../../../arm-none-eabi/lib/armv6k/fpu/libg.a(lib_a-vfiprintf.o)
                0x0000000000120e74                __sprint_r
 .text._vfiprintf_r
                0x0000000000120ea4     0x22ec /opt/devkitpro/devkitARM/bin/../lib/gcc/arm-none-eabi/12.2.0/../../../../arm-none-eabi/lib/armv6k/fpu/libg.a(lib_a-vfiprintf.o)
                0x0000000000120ea4                _vfiprintf_r
 .text.__sbprintf
                0x0000000000123190       0xd0 /opt/devkitpro/devkitARM/bin/../lib/gcc/arm-none-eabi/12.2.0/../../../../arm-none-eabi/lib/armv6k/fpu/libg.a(lib_a-vfiprintf.o)
 .text._wcsnrtombs_l
                0x0000000000123260      0x188 /opt/devkitpro/devkitARM/bin/../lib/gcc/arm-none-eabi/12.2.0/../../../../arm-none-eabi/lib/armv6k/fpu/libg.a(lib_a-wcsnrtombs.o)
                0x0000000000123260                _wcsnrtombs_l
 .text._wcsnrtombs_r
                0x00000000001233e8       0x4c /opt/devkitpro/devkitARM/bin/../lib/gcc/arm-none-eabi/12.2.0/../../../../arm-none-eabi/lib/armv6k/fpu/libg.a(lib_a-wcsnrtombs.o)
                0x00000000001233e8                _wcsnrtombs_r
 .text.__utf8_wctomb
                0x0000000000123434       0xf0 /opt/devkitpro/devkitARM/bin/../lib/gcc/arm-none-eabi/12.2.0/../../../../arm-none-eabi/lib/armv6k/fpu/libg.a(lib_a-wctomb_r.o)
                0x0000000000123434                __utf8_wctomb
 .text.__assert_func
                0x0000000000123524       0x5c /opt/devkitpro/devkitARM/bin/../lib/gcc/arm-none-eabi/12.2.0/../../../../arm-none-eabi/lib/armv6k/fpu/libg.a(lib_a-assert.o)
                0x0000000000123524                __assert_func
 .text.fiprintf
                0x0000000000123580       0x3c /opt/devkitpro/devkitARM/bin/../lib/gcc/arm-none-eabi/12.2.0/../../../../arm-none-eabi/lib/armv6k/fpu/libg.a(lib_a-fiprintf.o)
                0x0000000000123580                fiprintf
 .text.rshift   0x00000000001235bc       0xf0 /opt/devkitpro/devkitARM/bin/../lib/gcc/arm-none-eabi/12.2.0/../../../../arm-none-eabi/lib/armv6k/fpu/libg.a(lib_a-gdtoa-gethex.o)
 .text.__gethex
                0x00000000001236ac      0x814 /opt/devkitpro/devkitARM/bin/../lib/gcc/arm-none-eabi/12.2.0/../../../../arm-none-eabi/lib/armv6k/fpu/libg.a(lib_a-gdtoa-gethex.o)
                0x00000000001236ac                __gethex
 .text.__match  0x0000000000123ec0       0x4c /opt/devkitpro/devkitARM/bin/../lib/gcc/arm-none-eabi/12.2.0/../../../../arm-none-eabi/lib/armv6k/fpu/libg.a(lib_a-gdtoa-hexnan.o)
                0x0000000000123ec0                __match
 .text.__hexnan
                0x0000000000123f0c      0x29c /opt/devkitpro/devkitARM/bin/../lib/gcc/arm-none-eabi/12.2.0/../../../../arm-none-eabi/lib/armv6k/fpu/libg.a(lib_a-gdtoa-hexnan.o)
                0x0000000000123f0c                __hexnan
 .text.iswspace_l
                0x00000000001241a8       0x3c /opt/devkitpro/devkitARM/bin/../lib/gcc/arm-none-eabi/12.2.0/../../../../arm-none-eabi/lib/armv6k/fpu/libg.a(lib_a-iswspace_l.o)
                0x00000000001241a8                iswspace_l
 .text.__jp2uc  0x00000000001241e4      0x1d8 /opt/devkitpro/devkitARM/bin/../lib/gcc/arm-none-eabi/12.2.0/../../../../arm-none-eabi/lib/armv6k/fpu/libg.a(lib_a-jp2uc.o)
 .text._jp2uc_l
                0x00000000001243bc       0x9c /opt/devkitpro/devkitARM/bin/../lib/gcc/arm-none-eabi/12.2.0/../../../../arm-none-eabi/lib/armv6k/fpu/libg.a(lib_a-jp2uc.o)
                0x00000000001243bc                _jp2uc_l
 .text.nan      0x0000000000124458       0x10 /opt/devkitpro/devkitARM/bin/../lib/gcc/arm-none-eabi/12.2.0/../../../../arm-none-eabi/lib/armv6k/fpu/libg.a(lib_a-s_nan.o)
                0x0000000000124458                nan
 .text.abort    0x0000000000124468       0x14 /opt/devkitpro/devkitARM/bin/../lib/gcc/arm-none-eabi/12.2.0/../../../../arm-none-eabi/lib/armv6k/fpu/libg.a(lib_a-abort.o)
                0x0000000000124468                abort
 .text.category
                0x000000000012447c       0x8c /opt/devkitpro/devkitARM/bin/../lib/gcc/arm-none-eabi/12.2.0/../../../../arm-none-eabi/lib/armv6k/fpu/libg.a(lib_a-categories.o)
                0x000000000012447c                category
 .text._raise_r
                0x0000000000124508       0x90 /opt/devkitpro/devkitARM/bin/../lib/gcc/arm-none-eabi/12.2.0/../../../../arm-none-eabi/lib/armv6k/fpu/libg.a(lib_a-signal.o)
                0x0000000000124508                _raise_r
 .text.raise    0x0000000000124598       0x18 /opt/devkitpro/devkitARM/bin/../lib/gcc/arm-none-eabi/12.2.0/../../../../arm-none-eabi/lib/armv6k/fpu/libg.a(lib_a-signal.o)
                0x0000000000124598                raise
 .text.null_write
                0x00000000001245b0        0x8 /opt/devkitpro/devkitARM/bin/../lib/gcc/arm-none-eabi/12.2.0/../../../../arm-none-eabi/lib/armv6k/fpu/libsysbase.a(iosupport.o)
 .text.setDefaultDevice
                0x00000000001245b8       0x18 /opt/devkitpro/devkitARM/bin/../lib/gcc/arm-none-eabi/12.2.0/../../../../arm-none-eabi/lib/armv6k/fpu/libsysbase.a(iosupport.o)
                0x00000000001245b8                setDefaultDevice
 .text.FindDevice
                0x00000000001245d0       0xc8 /opt/devkitpro/devkitARM/bin/../lib/gcc/arm-none-eabi/12.2.0/../../../../arm-none-eabi/lib/armv6k/fpu/libsysbase.a(iosupport.o)
                0x00000000001245d0                FindDevice
 .text.RemoveDevice
                0x0000000000124698       0x28 /opt/devkitpro/devkitARM/bin/../lib/gcc/arm-none-eabi/12.2.0/../../../../arm-none-eabi/lib/armv6k/fpu/libsysbase.a(iosupport.o)
                0x0000000000124698                RemoveDevice
 .text.AddDevice
                0x00000000001246c0       0x9c /opt/devkitpro/devkitARM/bin/../lib/gcc/arm-none-eabi/12.2.0/../../../../arm-none-eabi/lib/armv6k/fpu/libsysbase.a(iosupport.o)
                0x00000000001246c0                AddDevice
 .text.GetDeviceOpTab
                0x000000000012475c       0x20 /opt/devkitpro/devkitARM/bin/../lib/gcc/arm-none-eabi/12.2.0/../../../../arm-none-eabi/lib/armv6k/fpu/libsysbase.a(iosupport.o)
                0x000000000012475c                GetDeviceOpTab
 .text._fstat_r
                0x000000000012477c       0x78 /opt/devkitpro/devkitARM/bin/../lib/gcc/arm-none-eabi/12.2.0/../../../../arm-none-eabi/lib/armv6k/fpu/libsysbase.a(fstat.o)
                0x000000000012477c                _fstat_r
 .text._getpid_r
                0x00000000001247f4       0x14 /opt/devkitpro/devkitARM/bin/../lib/gcc/arm-none-eabi/12.2.0/../../../../arm-none-eabi/lib/armv6k/fpu/libsysbase.a(getpid.o)
                0x00000000001247f4                _getpid_r
 .text._gettimeofday_r
                0x0000000000124808       0x30 /opt/devkitpro/devkitARM/bin/../lib/gcc/arm-none-eabi/12.2.0/../../../../arm-none-eabi/lib/armv6k/fpu/libsysbase.a(gettod.o)
                0x0000000000124808                _gettimeofday_r
 .text._isatty_r
                0x0000000000124838        0x8 /opt/devkitpro/devkitARM/bin/../lib/gcc/arm-none-eabi/12.2.0/../../../../arm-none-eabi/lib/armv6k/fpu/libsysbase.a(isatty.o)
                0x0000000000124838                _isatty_r
 .text._kill_r  0x0000000000124840       0x14 /opt/devkitpro/devkitARM/bin/../lib/gcc/arm-none-eabi/12.2.0/../../../../arm-none-eabi/lib/armv6k/fpu/libsysbase.a(kill.o)
                0x0000000000124840                _kill_r
 .text._lseek_r
                0x0000000000124854       0x84 /opt/devkitpro/devkitARM/bin/../lib/gcc/arm-none-eabi/12.2.0/../../../../arm-none-eabi/lib/armv6k/fpu/libsysbase.a(lseek.o)
                0x0000000000124854                _lseek_r
 .text._open_r  0x00000000001248d8       0xc0 /opt/devkitpro/devkitARM/bin/../lib/gcc/arm-none-eabi/12.2.0/../../../../arm-none-eabi/lib/armv6k/fpu/libsysbase.a(open.o)
                0x00000000001248d8                _open_r
 .text._read_r  0x0000000000124998       0x80 /opt/devkitpro/devkitARM/bin/../lib/gcc/arm-none-eabi/12.2.0/../../../../arm-none-eabi/lib/armv6k/fpu/libsysbase.a(read.o)
                0x0000000000124998                _read_r
 .text._sbrk_r  0x0000000000124a18       0x78 /opt/devkitpro/devkitARM/bin/../lib/gcc/arm-none-eabi/12.2.0/../../../../arm-none-eabi/lib/armv6k/fpu/libsysbase.a(sbrk.o)
                0x0000000000124a18                _sbrk_r
 .text._write_r
                0x0000000000124a90       0x80 /opt/devkitpro/devkitARM/bin/../lib/gcc/arm-none-eabi/12.2.0/../../../../arm-none-eabi/lib/armv6k/fpu/libsysbase.a(write.o)
                0x0000000000124a90                _write_r
 .text._exit    0x0000000000124b10       0x20 /opt/devkitpro/devkitARM/bin/../lib/gcc/arm-none-eabi/12.2.0/../../../../arm-none-eabi/lib/armv6k/fpu/libsysbase.a(_exit.o)
                0x0000000000124b10                _exit
 .text._concatenate_path
                0x0000000000124b30      0x1a4 /opt/devkitpro/devkitARM/bin/../lib/gcc/arm-none-eabi/12.2.0/../../../../arm-none-eabi/lib/armv6k/fpu/libsysbase.a(chdir.o)
                0x0000000000124b30                _concatenate_path
 .text.chdir    0x0000000000124cd4      0x140 /opt/devkitpro/devkitARM/bin/../lib/gcc/arm-none-eabi/12.2.0/../../../../arm-none-eabi/lib/armv6k/fpu/libsysbase.a(chdir.o)
                0x0000000000124cd4                chdir
 .text.__flockfile
                0x0000000000124e14        0x8 /opt/devkitpro/devkitARM/bin/../lib/gcc/arm-none-eabi/12.2.0/../../../../arm-none-eabi/lib/armv6k/fpu/libsysbase.a(flock.o)
                0x0000000000124e14                __flockfile
 .text.__funlockfile
                0x0000000000124e1c        0x8 /opt/devkitpro/devkitARM/bin/../lib/gcc/arm-none-eabi/12.2.0/../../../../arm-none-eabi/lib/armv6k/fpu/libsysbase.a(flock.o)
                0x0000000000124e1c                __funlockfile
 .text.__release_handle
                0x0000000000124e24       0x8c /opt/devkitpro/devkitARM/bin/../lib/gcc/arm-none-eabi/12.2.0/../../../../arm-none-eabi/lib/armv6k/fpu/libsysbase.a(handle_manager.o)
                0x0000000000124e24                __release_handle
 .text.__alloc_handle
                0x0000000000124eb0       0xb0 /opt/devkitpro/devkitARM/bin/../lib/gcc/arm-none-eabi/12.2.0/../../../../arm-none-eabi/lib/armv6k/fpu/libsysbase.a(handle_manager.o)
                0x0000000000124eb0                __alloc_handle
 .text.__get_handle
                0x0000000000124f60       0x3c /opt/devkitpro/devkitARM/bin/../lib/gcc/arm-none-eabi/12.2.0/../../../../arm-none-eabi/lib/armv6k/fpu/libsysbase.a(handle_manager.o)
                0x0000000000124f60                __get_handle
 .text._close_r
                0x0000000000124f9c       0xf4 /opt/devkitpro/devkitARM/bin/../lib/gcc/arm-none-eabi/12.2.0/../../../../arm-none-eabi/lib/armv6k/fpu/libsysbase.a(handle_manager.o)
                0x0000000000124f9c                _close_r
 .text.__getreent
                0x0000000000125090       0x2c /opt/devkitpro/devkitARM/bin/../lib/gcc/arm-none-eabi/12.2.0/../../../../arm-none-eabi/lib/armv6k/fpu/libsysbase.a(getreent.o)
                0x0000000000125090                __getreent
 .text.__libc_lock_acquire
                0x00000000001250bc       0x1c /opt/devkitpro/devkitARM/bin/../lib/gcc/arm-none-eabi/12.2.0/../../../../arm-none-eabi/lib/armv6k/fpu/libsysbase.a(syscall_support.o)
                0x00000000001250bc                __libc_lock_acquire
 .text.__libc_lock_release
                0x00000000001250d8       0x1c /opt/devkitpro/devkitARM/bin/../lib/gcc/arm-none-eabi/12.2.0/../../../../arm-none-eabi/lib/armv6k/fpu/libsysbase.a(syscall_support.o)
                0x00000000001250d8                __libc_lock_release
 .text.__libc_lock_init_recursive
                0x00000000001250f4       0x1c /opt/devkitpro/devkitARM/bin/../lib/gcc/arm-none-eabi/12.2.0/../../../../arm-none-eabi/lib/armv6k/fpu/libsysbase.a(syscall_support.o)
                0x00000000001250f4                __libc_lock_init_recursive
 .text.__libc_lock_acquire_recursive
                0x0000000000125110       0x1c /opt/devkitpro/devkitARM/bin/../lib/gcc/arm-none-eabi/12.2.0/../../../../arm-none-eabi/lib/armv6k/fpu/libsysbase.a(syscall_support.o)
                0x0000000000125110                __libc_lock_acquire_recursive
 .text.__libc_lock_release_recursive
                0x000000000012512c       0x1c /opt/devkitpro/devkitARM/bin/../lib/gcc/arm-none-eabi/12.2.0/../../../../arm-none-eabi/lib/armv6k/fpu/libsysbase.a(syscall_support.o)
                0x000000000012512c                __libc_lock_release_recursive
 .text.__libc_lock_close_recursive
                0x0000000000125148       0x1c /opt/devkitpro/devkitARM/bin/../lib/gcc/arm-none-eabi/12.2.0/../../../../arm-none-eabi/lib/armv6k/fpu/libsysbase.a(syscall_support.o)
                0x0000000000125148                __libc_lock_close_recursive
 .text.__fixdfdi
                0x0000000000125164       0x38 /opt/devkitpro/devkitARM/bin/../lib/gcc/arm-none-eabi/12.2.0/armv6k/fpu/libgcc.a(_fixdfdi.o)
                0x0000000000125164                __aeabi_d2lz
                0x0000000000125164                __fixdfdi
 *fill*         0x000000000012519c        0x4 
 .text.__fixunsdfdi
                0x00000000001251a0       0x40 /opt/devkitpro/devkitARM/bin/../lib/gcc/arm-none-eabi/12.2.0/armv6k/fpu/libgcc.a(_fixunsdfdi.o)
                0x00000000001251a0                __aeabi_d2ulz
                0x00000000001251a0                __fixunsdfdi
 .text.strrchr  0x00000000001251e0       0x48 /opt/devkitpro/devkitARM/bin/../lib/gcc/arm-none-eabi/12.2.0/../../../../arm-none-eabi/lib/armv6k/fpu/libg.a(lib_a-strrchr.o)
                0x00000000001251e0                strrchr
 *(.glue_7)
 .glue_7        0x0000000000125228        0x0 linker stubs
 *(.glue_7t)
 .glue_7t       0x0000000000125228        0x0 linker stubs
 *(.stub)
 *(.gnu.warning)
 *(.gnu.linkonce.t*)
                0x0000000000125228                . = ALIGN (0x4)
 *(.fini)
 .fini          0x0000000000125228        0xc /opt/devkitpro/devkitARM/bin/../lib/gcc/arm-none-eabi/12.2.0/armv6k/fpu/crti.o
                0x0000000000125228                _fini
 .fini          0x0000000000125234        0xc /opt/devkitpro/devkitARM/bin/../lib/gcc/arm-none-eabi/12.2.0/armv6k/fpu/crtn.o
                0x0000000000125240                . = ALIGN (0x4)

.vfp11_veneer   0x0000000000125240        0x0
 .vfp11_veneer  0x0000000000125240        0x0 linker stubs

.v4_bx          0x0000000000125240        0x0
 .v4_bx         0x0000000000125240        0x0 linker stubs

.iplt           0x0000000000125240        0x0
 .iplt          0x0000000000125240        0x0 /opt/devkitpro/devkitARM/bin/../lib/gcc/arm-none-eabi/12.2.0/../../../../arm-none-eabi/lib/armv6k/fpu/3dsx_crt0.o
                0x0000000000126000                . = ALIGN (0x1000)

.rodata         0x0000000000126000     0x8368
 *(.rodata)
 .rodata        0x0000000000126000        0xc save.o
 .rodata        0x000000000012600c        0xc /opt/devkitpro/libctru/lib/libctru.a(romfs_dev.o)
 .rodata        0x0000000000126018        0x3 /opt/devkitpro/libctru/lib/libctru.a(apt.o)
 *fill*         0x000000000012601b        0x1 
 .rodata        0x000000000012601c        0xc /opt/devkitpro/libctru/lib/libctru.a(archive_dev.o)
 *(.roda)
 *(.rodata.*)
 .rodata.str1.4
                0x0000000000126028        0xe blz.o
 *fill*         0x0000000000126036        0x2 
 .rodata.str1.4
                0x0000000000126038      0x3a0 main.o
                                        0x3a4 (size before relaxing)
 .rodata.str1.4
                0x00000000001263d8       0xe7 save.o
                                         0xeb (size before relaxing)
 *fill*         0x00000000001264bf        0x1 
 .rodata.str1.4
                0x00000000001264c0      0x171 utils.o
 *fill*         0x0000000000126631        0x3 
 .rodata.romfs_dirnext.str1.4
                0x0000000000126634        0x7 /opt/devkitpro/libctru/lib/libctru.a(romfs_dev.o)
 *fill*         0x000000000012663b        0x1 
 .rodata.romfsMountSelf.str1.4
                0x000000000012663c       0x19 /opt/devkitpro/libctru/lib/libctru.a(romfs_dev.o)
 .rodata.str1.4